Archive member included to satisfy reference by file (symbol)

c:/st/stm32cubeide_1.4.0/stm32cubeide/plugins/com.st.stm32cube.ide.mcu.externaltools.gnu-tools-for-stm32.9-2020-q2-update.win32_1.5.0.202011040924/tools/bin/../lib/gcc/arm-none-eabi/9.3.1/../../../../arm-none-eabi/lib/thumb/v7e-m+fp/hard\libc_nano.a(lib_a-errno.o)
                              Core/Src/syscalls.o (__errno)
c:/st/stm32cubeide_1.4.0/stm32cubeide/plugins/com.st.stm32cube.ide.mcu.externaltools.gnu-tools-for-stm32.9-2020-q2-update.win32_1.5.0.202011040924/tools/bin/../lib/gcc/arm-none-eabi/9.3.1/../../../../arm-none-eabi/lib/thumb/v7e-m+fp/hard\libc_nano.a(lib_a-exit.o)
                              c:/st/stm32cubeide_1.4.0/stm32cubeide/plugins/com.st.stm32cube.ide.mcu.externaltools.gnu-tools-for-stm32.9-2020-q2-update.win32_1.5.0.202011040924/tools/bin/../lib/gcc/arm-none-eabi/9.3.1/../../../../arm-none-eabi/lib/thumb/v7e-m+fp/hard/crt0.o (exit)
c:/st/stm32cubeide_1.4.0/stm32cubeide/plugins/com.st.stm32cube.ide.mcu.externaltools.gnu-tools-for-stm32.9-2020-q2-update.win32_1.5.0.202011040924/tools/bin/../lib/gcc/arm-none-eabi/9.3.1/../../../../arm-none-eabi/lib/thumb/v7e-m+fp/hard\libc_nano.a(lib_a-impure.o)
                              c:/st/stm32cubeide_1.4.0/stm32cubeide/plugins/com.st.stm32cube.ide.mcu.externaltools.gnu-tools-for-stm32.9-2020-q2-update.win32_1.5.0.202011040924/tools/bin/../lib/gcc/arm-none-eabi/9.3.1/../../../../arm-none-eabi/lib/thumb/v7e-m+fp/hard\libc_nano.a(lib_a-exit.o) (_global_impure_ptr)
c:/st/stm32cubeide_1.4.0/stm32cubeide/plugins/com.st.stm32cube.ide.mcu.externaltools.gnu-tools-for-stm32.9-2020-q2-update.win32_1.5.0.202011040924/tools/bin/../lib/gcc/arm-none-eabi/9.3.1/../../../../arm-none-eabi/lib/thumb/v7e-m+fp/hard\libc_nano.a(lib_a-init.o)
                              c:/st/stm32cubeide_1.4.0/stm32cubeide/plugins/com.st.stm32cube.ide.mcu.externaltools.gnu-tools-for-stm32.9-2020-q2-update.win32_1.5.0.202011040924/tools/bin/../lib/gcc/arm-none-eabi/9.3.1/../../../../arm-none-eabi/lib/thumb/v7e-m+fp/hard/crt0.o (__libc_init_array)
c:/st/stm32cubeide_1.4.0/stm32cubeide/plugins/com.st.stm32cube.ide.mcu.externaltools.gnu-tools-for-stm32.9-2020-q2-update.win32_1.5.0.202011040924/tools/bin/../lib/gcc/arm-none-eabi/9.3.1/../../../../arm-none-eabi/lib/thumb/v7e-m+fp/hard\libc_nano.a(lib_a-malloc.o)
                              Middlewares/ST/STM32_USB_Device_Library/Class/HID/Src/usbd_hid.o (malloc)
c:/st/stm32cubeide_1.4.0/stm32cubeide/plugins/com.st.stm32cube.ide.mcu.externaltools.gnu-tools-for-stm32.9-2020-q2-update.win32_1.5.0.202011040924/tools/bin/../lib/gcc/arm-none-eabi/9.3.1/../../../../arm-none-eabi/lib/thumb/v7e-m+fp/hard\libc_nano.a(lib_a-memcpy-stub.o)
                              Middlewares/Third_Party/FreeRTOS/Source/CMSIS_RTOS_V2/cmsis_os2.o (memcpy)
c:/st/stm32cubeide_1.4.0/stm32cubeide/plugins/com.st.stm32cube.ide.mcu.externaltools.gnu-tools-for-stm32.9-2020-q2-update.win32_1.5.0.202011040924/tools/bin/../lib/gcc/arm-none-eabi/9.3.1/../../../../arm-none-eabi/lib/thumb/v7e-m+fp/hard\libc_nano.a(lib_a-memset.o)
                              c:/st/stm32cubeide_1.4.0/stm32cubeide/plugins/com.st.stm32cube.ide.mcu.externaltools.gnu-tools-for-stm32.9-2020-q2-update.win32_1.5.0.202011040924/tools/bin/../lib/gcc/arm-none-eabi/9.3.1/../../../../arm-none-eabi/lib/thumb/v7e-m+fp/hard/crt0.o (memset)
c:/st/stm32cubeide_1.4.0/stm32cubeide/plugins/com.st.stm32cube.ide.mcu.externaltools.gnu-tools-for-stm32.9-2020-q2-update.win32_1.5.0.202011040924/tools/bin/../lib/gcc/arm-none-eabi/9.3.1/../../../../arm-none-eabi/lib/thumb/v7e-m+fp/hard\libc_nano.a(lib_a-nano-freer.o)
                              c:/st/stm32cubeide_1.4.0/stm32cubeide/plugins/com.st.stm32cube.ide.mcu.externaltools.gnu-tools-for-stm32.9-2020-q2-update.win32_1.5.0.202011040924/tools/bin/../lib/gcc/arm-none-eabi/9.3.1/../../../../arm-none-eabi/lib/thumb/v7e-m+fp/hard\libc_nano.a(lib_a-malloc.o) (_free_r)
c:/st/stm32cubeide_1.4.0/stm32cubeide/plugins/com.st.stm32cube.ide.mcu.externaltools.gnu-tools-for-stm32.9-2020-q2-update.win32_1.5.0.202011040924/tools/bin/../lib/gcc/arm-none-eabi/9.3.1/../../../../arm-none-eabi/lib/thumb/v7e-m+fp/hard\libc_nano.a(lib_a-nano-mallocr.o)
                              c:/st/stm32cubeide_1.4.0/stm32cubeide/plugins/com.st.stm32cube.ide.mcu.externaltools.gnu-tools-for-stm32.9-2020-q2-update.win32_1.5.0.202011040924/tools/bin/../lib/gcc/arm-none-eabi/9.3.1/../../../../arm-none-eabi/lib/thumb/v7e-m+fp/hard\libc_nano.a(lib_a-malloc.o) (_malloc_r)
c:/st/stm32cubeide_1.4.0/stm32cubeide/plugins/com.st.stm32cube.ide.mcu.externaltools.gnu-tools-for-stm32.9-2020-q2-update.win32_1.5.0.202011040924/tools/bin/../lib/gcc/arm-none-eabi/9.3.1/../../../../arm-none-eabi/lib/thumb/v7e-m+fp/hard\libc_nano.a(lib_a-sbrkr.o)
[...]
Memory Configuration

Name             Origin             Length             Attributes
RAM              0x0000000020000000 0x0000000000020000 xrw
FLASH            0x0000000008000000 0x0000000000080000 xr
*default*        0x0000000000000000 0xffffffffffffffff

Linker script and memory map

LOAD c:/st/stm32cubeide_1.4.0/stm32cubeide/plugins/com.st.stm32cube.ide.mcu.externaltools.gnu-tools-for-stm32.9-2020-q2-update.win32_1.5.0.202011040924/tools/bin/../lib/gcc/arm-none-eabi/9.3.1/thumb/v7e-m+fp/hard/crti.o
LOAD c:/st/stm32cubeide_1.4.0/stm32cubeide/plugins/com.st.stm32cube.ide.mcu.externaltools.gnu-tools-for-stm32.9-2020-q2-update.win32_1.5.0.202011040924/tools/bin/../lib/gcc/arm-none-eabi/9.3.1/thumb/v7e-m+fp/hard/crtbegin.o
LOAD c:/st/stm32cubeide_1.4.0/stm32cubeide/plugins/com.st.stm32cube.ide.mcu.externaltools.gnu-tools-for-stm32.9-2020-q2-update.win32_1.5.0.202011040924/tools/bin/../lib/gcc/arm-none-eabi/9.3.1/../../../../arm-none-eabi/lib/thumb/v7e-m+fp/hard/crt0.o
LOAD Core/Src/freertos.o
LOAD Core/Src/main.o
LOAD Core/Src/stm32f4xx_hal_msp.o
LOAD Core/Src/stm32f4xx_hal_timebase_tim.o
LOAD Core/Src/stm32f4xx_it.o
LOAD Core/Src/syscalls.o
LOAD Core/Src/sysmem.o
LOAD Core/Src/system_stm32f4xx.o
LOAD Core/Startup/startup_stm32f446retx.o
LOAD Drivers/STM32F4xx_HAL_Driver/Src/stm32f4xx_hal.o
LOAD Drivers/STM32F4xx_HAL_Driver/Src/stm32f4xx_hal_cortex.o
LOAD Drivers/STM32F4xx_HAL_Driver/Src/stm32f4xx_hal_dma.o
LOAD Drivers/STM32F4xx_HAL_Driver/Src/stm32f4xx_hal_dma_ex.o
LOAD Drivers/STM32F4xx_HAL_Driver/Src/stm32f4xx_hal_exti.o
LOAD Drivers/STM32F4xx_HAL_Driver/Src/stm32f4xx_hal_flash.o
LOAD Drivers/STM32F4xx_HAL_Driver/Src/stm32f4xx_hal_flash_ex.o
LOAD Drivers/STM32F4xx_HAL_Driver/Src/stm32f4xx_hal_flash_ramfunc.o
LOAD Drivers/STM32F4xx_HAL_Driver/Src/stm32f4xx_hal_gpio.o
LOAD Drivers/STM32F4xx_HAL_Driver/Src/stm32f4xx_hal_pcd.o
LOAD Drivers/STM32F4xx_HAL_Driver/Src/stm32f4xx_hal_pcd_ex.o
LOAD Drivers/STM32F4xx_HAL_Driver/Src/stm32f4xx_hal_pwr.o
LOAD Drivers/STM32F4xx_HAL_Driver/Src/stm32f4xx_hal_pwr_ex.o
LOAD Drivers/STM32F4xx_HAL_Driver/Src/stm32f4xx_hal_rcc.o
LOAD Drivers/STM32F4xx_HAL_Driver/Src/stm32f4xx_hal_rcc_ex.o
LOAD Drivers/STM32F4xx_HAL_Driver/Src/stm32f4xx_hal_tim.o
LOAD Drivers/STM32F4xx_HAL_Driver/Src/stm32f4xx_hal_tim_ex.o
LOAD Drivers/STM32F4xx_HAL_Driver/Src/stm32f4xx_hal_uart.o
LOAD Drivers/STM32F4xx_HAL_Driver/Src/stm32f4xx_ll_usb.o
LOAD Middlewares/ST/STM32_USB_Device_Library/Class/HID/Src/usbd_hid.o
LOAD Middlewares/ST/STM32_USB_Device_Library/Core/Src/usbd_core.o
LOAD Middlewares/ST/STM32_USB_Device_Library/Core/Src/usbd_ctlreq.o
LOAD Middlewares/ST/STM32_USB_Device_Library/Core/Src/usbd_ioreq.o
LOAD Middlewares/Third_Party/FreeRTOS/Source/CMSIS_RTOS_V2/cmsis_os2.o
LOAD Middlewares/Third_Party/FreeRTOS/Source/croutine.o
LOAD Middlewares/Third_Party/FreeRTOS/Source/event_groups.o
LOAD Middlewares/Third_Party/FreeRTOS/Source/list.o
LOAD Middlewares/Third_Party/FreeRTOS/Source/queue.o
LOAD Middlewares/Third_Party/FreeRTOS/Source/stream_buffer.o
LOAD Middlewares/Third_Party/FreeRTOS/Source/tasks.o
LOAD Middlewares/Third_Party/FreeRTOS/Source/timers.o
LOAD Middlewares/Third_Party/FreeRTOS/Source/portable/GCC/ARM_CM4F/port.o
LOAD Middlewares/Third_Party/FreeRTOS/Source/portable/MemMang/heap_4.o
LOAD USB_DEVICE/App/usb_device.o
LOAD USB_DEVICE/App/usbd_desc.o
LOAD USB_DEVICE/Target/usbd_conf.o
START GROUP
LOAD c:/st/stm32cubeide_1.4.0/stm32cubeide/plugins/com.st.stm32cube.ide.mcu.externaltools.gnu-tools-for-stm32.9-2020-q2-update.win32_1.5.0.202011040924/tools/bin/../lib/gcc/arm-none-eabi/9.3.1/../../../../arm-none-eabi/lib/thumb/v7e-m+fp/hard\libc_nano.a
LOAD c:/st/stm32cubeide_1.4.0/stm32cubeide/plugins/com.st.stm32cube.ide.mcu.externaltools.gnu-tools-for-stm32.9-2020-q2-update.win32_1.5.0.202011040924/tools/bin/../lib/gcc/arm-none-eabi/9.3.1/../../../../arm-none-eabi/lib/thumb/v7e-m+fp/hard\libm.a
END GROUP
START GROUP
LOAD c:/st/stm32cubeide_1.4.0/stm32cubeide/plugins/com.st.stm32cube.ide.mcu.externaltools.gnu-tools-for-stm32.9-2020-q2-update.win32_1.5.0.202011040924/tools/bin/../lib/gcc/arm-none-eabi/9.3.1/thumb/v7e-m+fp/hard\libgcc.a
LOAD c:/st/stm32cubeide_1.4.0/stm32cubeide/plugins/com.st.stm32cube.ide.mcu.externaltools.gnu-tools-for-stm32.9-2020-q2-update.win32_1.5.0.202011040924/tools/bin/../lib/gcc/arm-none-eabi/9.3.1/../../../../arm-none-eabi/lib/thumb/v7e-m+fp/hard\libc_nano.a
END GROUP
START GROUP
LOAD c:/st/stm32cubeide_1.4.0/stm32cubeide/plugins/com.st.stm32cube.ide.mcu.externaltools.gnu-tools-for-stm32.9-2020-q2-update.win32_1.5.0.202011040924/tools/bin/../lib/gcc/arm-none-eabi/9.3.1/thumb/v7e-m+fp/hard\libgcc.a
LOAD c:/st/stm32cubeide_1.4.0/stm32cubeide/plugins/com.st.stm32cube.ide.mcu.externaltools.gnu-tools-for-stm32.9-2020-q2-update.win32_1.5.0.202011040924/tools/bin/../lib/gcc/arm-none-eabi/9.3.1/../../../../arm-none-eabi/lib/thumb/v7e-m+fp/hard\libc_nano.a
LOAD c:/st/stm32cubeide_1.4.0/stm32cubeide/plugins/com.st.stm32cube.ide.mcu.externaltools.gnu-tools-for-stm32.9-2020-q2-update.win32_1.5.0.202011040924/tools/bin/../lib/gcc/arm-none-eabi/9.3.1/../../../../arm-none-eabi/lib/thumb/v7e-m+fp/hard\libnosys.a
END GROUP
START GROUP
LOAD c:/st/stm32cubeide_1.4.0/stm32cubeide/plugins/com.st.stm32cube.ide.mcu.externaltools.gnu-tools-for-stm32.9-2020-q2-update.win32_1.5.0.202011040924/tools/bin/../lib/gcc/arm-none-eabi/9.3.1/thumb/v7e-m+fp/hard\libgcc.a
LOAD c:/st/stm32cubeide_1.4.0/stm32cubeide/plugins/com.st.stm32cube.ide.mcu.externaltools.gnu-tools-for-stm32.9-2020-q2-update.win32_1.5.0.202011040924/tools/bin/../lib/gcc/arm-none-eabi/9.3.1/../../../../arm-none-eabi/lib/thumb/v7e-m+fp/hard\libc_nano.a
LOAD c:/st/stm32cubeide_1.4.0/stm32cubeide/plugins/com.st.stm32cube.ide.mcu.externaltools.gnu-tools-for-stm32.9-2020-q2-update.win32_1.5.0.202011040924/tools/bin/../lib/gcc/arm-none-eabi/9.3.1/../../../../arm-none-eabi/lib/thumb/v7e-m+fp/hard\libnosys.a
END GROUP
LOAD c:/st/stm32cubeide_1.4.0/stm32cubeide/plugins/com.st.stm32cube.ide.mcu.externaltools.gnu-tools-for-stm32.9-2020-q2-update.win32_1.5.0.202011040924/tools/bin/../lib/gcc/arm-none-eabi/9.3.1/thumb/v7e-m+fp/hard/crtend.o
LOAD c:/st/stm32cubeide_1.4.0/stm32cubeide/plugins/com.st.stm32cube.ide.mcu.externaltools.gnu-tools-for-stm32.9-2020-q2-update.win32_1.5.0.202011040924/tools/bin/../lib/gcc/arm-none-eabi/9.3.1/thumb/v7e-m+fp/hard/crtn.o
                0x0000000020020000                _estack = (ORIGIN (RAM) + LENGTH (RAM))
                0x0000000000000200                _Min_Heap_Size = 0x200
                0x0000000000000400                _Min_Stack_Size = 0x400

.isr_vector     0x0000000008000000      0x1c4
                0x0000000008000000                . = ALIGN (0x4)
 *(.isr_vector)
 .isr_vector    0x0000000008000000      0x1c4 Core/Startup/startup_stm32f446retx.o
                0x0000000008000000                g_pfnVectors
                0x00000000080001c4                . = ALIGN (0x4)

.text           0x00000000080001d0     0x7ba8
                0x00000000080001d0                . = ALIGN (0x4)
 *(.text)
 .text          0x00000000080001d0       0x40 c:/st/stm32cubeide_1.4.0/stm32cubeide/plugins/com.st.stm32cube.ide.mcu.externaltools.gnu-tools-for-stm32.9-2020-q2-update.win32_1.5.0.202011040924/tools/bin/../lib/gcc/arm-none-eabi/9.3.1/thumb/v7e-m+fp/hard/crtbegin.o
 .text          0x0000000008000210       0x30 c:/st/stm32cubeide_1.4.0/stm32cubeide/plugins/com.st.stm32cube.ide.mcu.externaltools.gnu-tools-for-stm32.9-2020-q2-update.win32_1.5.0.202011040924/tools/bin/../lib/gcc/arm-none-eabi/9.3.1/thumb/v7e-m+fp/hard\libgcc.a(_aeabi_uldivmod.o)
                0x0000000008000210                __aeabi_uldivmod
 .text          0x0000000008000240      0x2c4 c:/st/stm32cubeide_1.4.0/stm32cubeide/plugins/com.st.stm32cube.ide.mcu.externaltools.gnu-tools-for-stm32.9-2020-q2-update.win32_1.5.0.202011040924/tools/bin/../lib/gcc/arm-none-eabi/9.3.1/thumb/v7e-m+fp/hard\libgcc.a(_udivmoddi4.o)
                0x0000000008000240                __udivmoddi4
 .text          0x0000000008000504        0x4 c:/st/stm32cubeide_1.4.0/stm32cubeide/plugins/com.st.stm32cube.ide.mcu.externaltools.gnu-tools-for-stm32.9-2020-q2-update.win32_1.5.0.202011040924/tools/bin/../lib/gcc/arm-none-eabi/9.3.1/thumb/v7e-m+fp/hard\libgcc.a(_dvmd_tls.o)
                0x0000000008000504                __aeabi_idiv0
                0x0000000008000504                __aeabi_ldiv0
 *(.text*)
 .text.main     0x0000000008000508       0x4c Core/Src/main.o
                0x0000000008000508                main
 .text.SystemClock_Config
                0x0000000008000554      0x114 Core/Src/main.o
                0x0000000008000554                SystemClock_Config
 .text.MX_USART2_UART_Init
                0x0000000008000668       0x54 Core/Src/main.o
 .text.MX_USART3_UART_Init
                0x00000000080006bc       0x54 Core/Src/main.o
 .text.MX_GPIO_Init
                0x0000000008000710       0xe0 Core/Src/main.o
 .text.HAL_TIM_PeriodElapsedCallback
                0x00000000080007f0       0x1e Core/Src/main.o
                0x00000000080007f0                HAL_TIM_PeriodElapsedCallback
 .text.Error_Handler
                0x000000000800080e        0xa Core/Src/main.o
                0x000000000800080e                Error_Handler
 .text.HAL_MspInit
                0x0000000008000818       0x58 Core/Src/stm32f4xx_hal_msp.o
                0x0000000008000818                HAL_MspInit
 .text.HAL_UART_MspInit
                0x0000000008000870      0x13c Core/Src/stm32f4xx_hal_msp.o
                0x0000000008000870                HAL_UART_MspInit
 .text.HAL_InitTick
                0x00000000080009ac       0xb4 Core/Src/stm32f4xx_hal_timebase_tim.o
                0x00000000080009ac                HAL_InitTick
 .text.NMI_Handler
                0x0000000008000a60        0x6 Core/Src/stm32f4xx_it.o
                0x0000000008000a60                NMI_Handler
 .text.HardFault_Handler
                0x0000000008000a66        0x6 Core/Src/stm32f4xx_it.o
                0x0000000008000a66                HardFault_Handler
 .text.MemManage_Handler
                0x0000000008000a6c        0x6 Core/Src/stm32f4xx_it.o
                0x0000000008000a6c                MemManage_Handler
 .text.BusFault_Handler
                0x0000000008000a72        0x6 Core/Src/stm32f4xx_it.o
                0x0000000008000a72                BusFault_Handler
 .text.UsageFault_Handler
                0x0000000008000a78        0x6 Core/Src/stm32f4xx_it.o
                0x0000000008000a78                UsageFault_Handler
 .text.DebugMon_Handler
                0x0000000008000a7e        0xe Core/Src/stm32f4xx_it.o
                0x0000000008000a7e                DebugMon_Handler
 .text.TIM2_IRQHandler
                0x0000000008000a8c       0x14 Core/Src/stm32f4xx_it.o
                0x0000000008000a8c                TIM2_IRQHandler
 .text.OTG_FS_IRQHandler
                0x0000000008000aa0       0x14 Core/Src/stm32f4xx_it.o
                0x0000000008000aa0                OTG_FS_IRQHandler
 .text._sbrk    0x0000000008000ab4       0x6c Core/Src/sysmem.o
                0x0000000008000ab4                _sbrk
 .text.SystemInit
                0x0000000008000b20       0x2c Core/Src/system_stm32f4xx.o
                0x0000000008000b20                SystemInit
 .text.Reset_Handler
                0x0000000008000b4c       0x50 Core/Startup/startup_stm32f446retx.o
                0x0000000008000b4c                Reset_Handler
 .text.Default_Handler
                0x0000000008000b9c        0x2 Core/Startup/startup_stm32f446retx.o
                0x0000000008000b9c                RTC_Alarm_IRQHandler
                0x0000000008000b9c                EXTI2_IRQHandler
                0x0000000008000b9c                TIM8_CC_IRQHandler
                0x0000000008000b9c                FMPI2C1_EV_IRQHandler
                0x0000000008000b9c                SPI4_IRQHandler
                0x0000000008000b9c                TIM1_CC_IRQHandler
                0x0000000008000b9c                DMA2_Stream5_IRQHandler
                0x0000000008000b9c                DMA1_Stream5_IRQHandler
                0x0000000008000b9c                PVD_IRQHandler
                0x0000000008000b9c                SDIO_IRQHandler
                0x0000000008000b9c                TAMP_STAMP_IRQHandler
                0x0000000008000b9c                CAN2_RX1_IRQHandler
                0x0000000008000b9c                EXTI3_IRQHandler
                0x0000000008000b9c                TIM8_TRG_COM_TIM14_IRQHandler
                0x0000000008000b9c                TIM1_UP_TIM10_IRQHandler
                0x0000000008000b9c                TIM8_UP_TIM13_IRQHandler
                0x0000000008000b9c                I2C3_ER_IRQHandler
                0x0000000008000b9c                EXTI0_IRQHandler
                0x0000000008000b9c                I2C2_EV_IRQHandler
                0x0000000008000b9c                DMA1_Stream2_IRQHandler
                0x0000000008000b9c                CAN1_RX0_IRQHandler
                0x0000000008000b9c                FPU_IRQHandler
                0x0000000008000b9c                OTG_HS_WKUP_IRQHandler
                0x0000000008000b9c                CAN2_SCE_IRQHandler
                0x0000000008000b9c                DMA2_Stream2_IRQHandler
                0x0000000008000b9c                SPI1_IRQHandler
                0x0000000008000b9c                TIM6_DAC_IRQHandler
                0x0000000008000b9c                TIM1_BRK_TIM9_IRQHandler
                0x0000000008000b9c                DCMI_IRQHandler
                0x0000000008000b9c                CAN2_RX0_IRQHandler
                0x0000000008000b9c                DMA2_Stream3_IRQHandler
                0x0000000008000b9c                SAI2_IRQHandler
                0x0000000008000b9c                USART6_IRQHandler
                0x0000000008000b9c                USART3_IRQHandler
                0x0000000008000b9c                CAN1_RX1_IRQHandler
                0x0000000008000b9c                UART5_IRQHandler
                0x0000000008000b9c                DMA2_Stream0_IRQHandler
                0x0000000008000b9c                TIM4_IRQHandler
                0x0000000008000b9c                QUADSPI_IRQHandler
                0x0000000008000b9c                I2C1_EV_IRQHandler
                0x0000000008000b9c                DMA1_Stream6_IRQHandler
                0x0000000008000b9c                DMA1_Stream1_IRQHandler
                0x0000000008000b9c                UART4_IRQHandler
                0x0000000008000b9c                TIM3_IRQHandler
                0x0000000008000b9c                RCC_IRQHandler
                0x0000000008000b9c                TIM8_BRK_TIM12_IRQHandler
                0x0000000008000b9c                Default_Handler
                0x0000000008000b9c                CEC_IRQHandler
                0x0000000008000b9c                EXTI15_10_IRQHandler
                0x0000000008000b9c                ADC_IRQHandler
                0x0000000008000b9c                DMA1_Stream7_IRQHandler
                0x0000000008000b9c                TIM7_IRQHandler
                0x0000000008000b9c                CAN2_TX_IRQHandler
                0x0000000008000b9c                TIM5_IRQHandler
                0x0000000008000b9c                DMA2_Stream7_IRQHandler
                0x0000000008000b9c                I2C3_EV_IRQHandler
                0x0000000008000b9c                EXTI9_5_IRQHandler
                0x0000000008000b9c                RTC_WKUP_IRQHandler
                0x0000000008000b9c                SPDIF_RX_IRQHandler
                0x0000000008000b9c                SPI2_IRQHandler
                0x0000000008000b9c                OTG_HS_EP1_IN_IRQHandler
                0x0000000008000b9c                DMA1_Stream0_IRQHandler
                0x0000000008000b9c                CAN1_TX_IRQHandler
                0x0000000008000b9c                FMPI2C1_ER_IRQHandler
                0x0000000008000b9c                EXTI4_IRQHandler
                0x0000000008000b9c                OTG_HS_EP1_OUT_IRQHandler
                0x0000000008000b9c                WWDG_IRQHandler
                0x0000000008000b9c                OTG_FS_WKUP_IRQHandler
                0x0000000008000b9c                TIM1_TRG_COM_TIM11_IRQHandler
                0x0000000008000b9c                OTG_HS_IRQHandler
                0x0000000008000b9c                EXTI1_IRQHandler
                0x0000000008000b9c                USART2_IRQHandler
                0x0000000008000b9c                I2C2_ER_IRQHandler
                0x0000000008000b9c                DMA2_Stream1_IRQHandler
                0x0000000008000b9c                CAN1_SCE_IRQHandler
                0x0000000008000b9c                FLASH_IRQHandler
                0x0000000008000b9c                DMA2_Stream4_IRQHandler
                0x0000000008000b9c                USART1_IRQHandler
                0x0000000008000b9c                SPI3_IRQHandler
                0x0000000008000b9c                DMA1_Stream4_IRQHandler
                0x0000000008000b9c                I2C1_ER_IRQHandler
                0x0000000008000b9c                FMC_IRQHandler
                0x0000000008000b9c                DMA2_Stream6_IRQHandler
                0x0000000008000b9c                SAI1_IRQHandler
                0x0000000008000b9c                DMA1_Stream3_IRQHandler
 *fill*         0x0000000008000b9e        0x2 
 .text.HAL_Init
                0x0000000008000ba0       0x44 Drivers/STM32F4xx_HAL_Driver/Src/stm32f4xx_hal.o
                0x0000000008000ba0                HAL_Init
 .text.HAL_IncTick
                0x0000000008000be4       0x28 Drivers/STM32F4xx_HAL_Driver/Src/stm32f4xx_hal.o
                0x0000000008000be4                HAL_IncTick
 .text.HAL_GetTick
                0x0000000008000c0c       0x18 Drivers/STM32F4xx_HAL_Driver/Src/stm32f4xx_hal.o
                0x0000000008000c0c                HAL_GetTick
 .text.HAL_Delay
                0x0000000008000c24       0x48 Drivers/STM32F4xx_HAL_Driver/Src/stm32f4xx_hal.o
                0x0000000008000c24                HAL_Delay
 .text.__NVIC_SetPriorityGrouping
                0x0000000008000c6c       0x48 Drivers/STM32F4xx_HAL_Driver/Src/stm32f4xx_hal_cortex.o
 .text.__NVIC_GetPriorityGrouping
                0x0000000008000cb4       0x1c Drivers/STM32F4xx_HAL_Driver/Src/stm32f4xx_hal_cortex.o
 .text.__NVIC_EnableIRQ
                0x0000000008000cd0       0x3c Drivers/STM32F4xx_HAL_Driver/Src/stm32f4xx_hal_cortex.o
 .text.__NVIC_SetPriority
                0x0000000008000d0c       0x54 Drivers/STM32F4xx_HAL_Driver/Src/stm32f4xx_hal_cortex.o
 .text.NVIC_EncodePriority
                0x0000000008000d60       0x66 Drivers/STM32F4xx_HAL_Driver/Src/stm32f4xx_hal_cortex.o
 .text.HAL_NVIC_SetPriorityGrouping
                0x0000000008000dc6       0x16 Drivers/STM32F4xx_HAL_Driver/Src/stm32f4xx_hal_cortex.o
                0x0000000008000dc6                HAL_NVIC_SetPriorityGrouping
 .text.HAL_NVIC_SetPriority
                0x0000000008000ddc       0x38 Drivers/STM32F4xx_HAL_Driver/Src/stm32f4xx_hal_cortex.o
                0x0000000008000ddc                HAL_NVIC_SetPriority
 .text.HAL_NVIC_EnableIRQ
                0x0000000008000e14       0x1c Drivers/STM32F4xx_HAL_Driver/Src/stm32f4xx_hal_cortex.o
                0x0000000008000e14                HAL_NVIC_EnableIRQ
 .text.HAL_GPIO_Init
                0x0000000008000e30      0x328 Drivers/STM32F4xx_HAL_Driver/Src/stm32f4xx_hal_gpio.o
                0x0000000008000e30                HAL_GPIO_Init
 .text.HAL_GPIO_WritePin
                0x0000000008001158       0x32 Drivers/STM32F4xx_HAL_Driver/Src/stm32f4xx_hal_gpio.o
                0x0000000008001158                HAL_GPIO_WritePin
 .text.HAL_PCD_Init
                0x000000000800118a      0x248 Drivers/STM32F4xx_HAL_Driver/Src/stm32f4xx_hal_pcd.o
                0x000000000800118a                HAL_PCD_Init
 .text.HAL_PCD_Start
                0x00000000080013d2       0x66 Drivers/STM32F4xx_HAL_Driver/Src/stm32f4xx_hal_pcd.o
                0x00000000080013d2                HAL_PCD_Start
 .text.HAL_PCD_IRQHandler
                0x0000000008001438      0x7be Drivers/STM32F4xx_HAL_Driver/Src/stm32f4xx_hal_pcd.o
                0x0000000008001438                HAL_PCD_IRQHandler
 .text.HAL_PCD_SetAddress
                0x0000000008001bf6       0x4a Drivers/STM32F4xx_HAL_Driver/Src/stm32f4xx_hal_pcd.o
                0x0000000008001bf6                HAL_PCD_SetAddress
 .text.HAL_PCD_EP_Open
                0x0000000008001c40       0xd0 Drivers/STM32F4xx_HAL_Driver/Src/stm32f4xx_hal_pcd.o
                0x0000000008001c40                HAL_PCD_EP_Open
 .text.HAL_PCD_EP_Close
                0x0000000008001d10       0x94 Drivers/STM32F4xx_HAL_Driver/Src/stm32f4xx_hal_pcd.o
                0x0000000008001d10                HAL_PCD_EP_Close
 .text.HAL_PCD_EP_Receive
                0x0000000008001da4       0x96 Drivers/STM32F4xx_HAL_Driver/Src/stm32f4xx_hal_pcd.o
                0x0000000008001da4                HAL_PCD_EP_Receive
 .text.HAL_PCD_EP_Transmit
                0x0000000008001e3a       0x94 Drivers/STM32F4xx_HAL_Driver/Src/stm32f4xx_hal_pcd.o
                0x0000000008001e3a                HAL_PCD_EP_Transmit
 .text.HAL_PCD_EP_SetStall
                0x0000000008001ece       0xc8 Drivers/STM32F4xx_HAL_Driver/Src/stm32f4xx_hal_pcd.o
                0x0000000008001ece                HAL_PCD_EP_SetStall
 .text.HAL_PCD_EP_ClrStall
                0x0000000008001f96       0xac Drivers/STM32F4xx_HAL_Driver/Src/stm32f4xx_hal_pcd.o
                0x0000000008001f96                HAL_PCD_EP_ClrStall
 .text.PCD_WriteEmptyTxFifo
                0x0000000008002042      0x11a Drivers/STM32F4xx_HAL_Driver/Src/stm32f4xx_hal_pcd.o
 .text.PCD_EP_OutXfrComplete_int
                0x000000000800215c      0x218 Drivers/STM32F4xx_HAL_Driver/Src/stm32f4xx_hal_pcd.o
 .text.PCD_EP_OutSetupPacket_int
                0x0000000008002374       0x8c Drivers/STM32F4xx_HAL_Driver/Src/stm32f4xx_hal_pcd.o
 .text.HAL_PCDEx_SetTxFiFo
                0x0000000008002400       0x8e Drivers/STM32F4xx_HAL_Driver/Src/stm32f4xx_hal_pcd_ex.o
                0x0000000008002400                HAL_PCDEx_SetTxFiFo
 .text.HAL_PCDEx_SetRxFiFo
                0x000000000800248e       0x22 Drivers/STM32F4xx_HAL_Driver/Src/stm32f4xx_hal_pcd_ex.o
                0x000000000800248e                HAL_PCDEx_SetRxFiFo
 .text.HAL_PCDEx_ActivateLPM
                0x00000000080024b0       0x48 Drivers/STM32F4xx_HAL_Driver/Src/stm32f4xx_hal_pcd_ex.o
                0x00000000080024b0                HAL_PCDEx_ActivateLPM
 .text.HAL_RCC_ClockConfig
                0x00000000080024f8      0x1cc Drivers/STM32F4xx_HAL_Driver/Src/stm32f4xx_hal_rcc.o
                0x00000000080024f8                HAL_RCC_ClockConfig
 .text.HAL_RCC_GetHCLKFreq
                0x00000000080026c4       0x18 Drivers/STM32F4xx_HAL_Driver/Src/stm32f4xx_hal_rcc.o
                0x00000000080026c4                HAL_RCC_GetHCLKFreq
 .text.HAL_RCC_GetPCLK1Freq
                0x00000000080026dc       0x28 Drivers/STM32F4xx_HAL_Driver/Src/stm32f4xx_hal_rcc.o
                0x00000000080026dc                HAL_RCC_GetPCLK1Freq
 .text.HAL_RCC_GetPCLK2Freq
                0x0000000008002704       0x28 Drivers/STM32F4xx_HAL_Driver/Src/stm32f4xx_hal_rcc.o
                0x0000000008002704                HAL_RCC_GetPCLK2Freq
 .text.HAL_RCC_GetClockConfig
                0x000000000800272c       0x64 Drivers/STM32F4xx_HAL_Driver/Src/stm32f4xx_hal_rcc.o
                0x000000000800272c                HAL_RCC_GetClockConfig
 .text.HAL_RCCEx_PeriphCLKConfig
                0x0000000008002790      0x654 Drivers/STM32F4xx_HAL_Driver/Src/stm32f4xx_hal_rcc_ex.o
                0x0000000008002790                HAL_RCCEx_PeriphCLKConfig
 .text.HAL_RCC_GetSysClockFreq
                0x0000000008002de4      0x364 Drivers/STM32F4xx_HAL_Driver/Src/stm32f4xx_hal_rcc_ex.o
                0x0000000008002de4                HAL_RCC_GetSysClockFreq
 .text.HAL_RCC_OscConfig
                0x0000000008003148      0x4b4 Drivers/STM32F4xx_HAL_Driver/Src/stm32f4xx_hal_rcc_ex.o
                0x0000000008003148                HAL_RCC_OscConfig
 .text.HAL_TIM_Base_Init
                0x00000000080035fc       0x56 Drivers/STM32F4xx_HAL_Driver/Src/stm32f4xx_hal_tim.o
                0x00000000080035fc                HAL_TIM_Base_Init
 .text.HAL_TIM_Base_MspInit
                0x0000000008003652       0x14 Drivers/STM32F4xx_HAL_Driver/Src/stm32f4xx_hal_tim.o
                0x0000000008003652                HAL_TIM_Base_MspInit
 .text.HAL_TIM_Base_Start_IT
                0x0000000008003666       0x48 Drivers/STM32F4xx_HAL_Driver/Src/stm32f4xx_hal_tim.o
                0x0000000008003666                HAL_TIM_Base_Start_IT
 .text.HAL_TIM_IRQHandler
                0x00000000080036ae      0x210 Drivers/STM32F4xx_HAL_Driver/Src/stm32f4xx_hal_tim.o
                0x00000000080036ae                HAL_TIM_IRQHandler
 .text.HAL_TIM_OC_DelayElapsedCallback
                0x00000000080038be       0x14 Drivers/STM32F4xx_HAL_Driver/Src/stm32f4xx_hal_tim.o
                0x00000000080038be                HAL_TIM_OC_DelayElapsedCallback
 .text.HAL_TIM_IC_CaptureCallback
                0x00000000080038d2       0x14 Drivers/STM32F4xx_HAL_Driver/Src/stm32f4xx_hal_tim.o
                0x00000000080038d2                HAL_TIM_IC_CaptureCallback
 .text.HAL_TIM_PWM_PulseFinishedCallback
                0x00000000080038e6       0x14 Drivers/STM32F4xx_HAL_Driver/Src/stm32f4xx_hal_tim.o
                0x00000000080038e6                HAL_TIM_PWM_PulseFinishedCallback
 .text.HAL_TIM_TriggerCallback
                0x00000000080038fa       0x14 Drivers/STM32F4xx_HAL_Driver/Src/stm32f4xx_hal_tim.o
                0x00000000080038fa                HAL_TIM_TriggerCallback
 *fill*         0x000000000800390e        0x2 
 .text.TIM_Base_SetConfig
                0x0000000008003910      0x140 Drivers/STM32F4xx_HAL_Driver/Src/stm32f4xx_hal_tim.o
                0x0000000008003910                TIM_Base_SetConfig
 .text.HAL_TIMEx_CommutCallback
                0x0000000008003a50       0x14 Drivers/STM32F4xx_HAL_Driver/Src/stm32f4xx_hal_tim_ex.o
                0x0000000008003a50                HAL_TIMEx_CommutCallback
 .text.HAL_TIMEx_BreakCallback
                0x0000000008003a64       0x14 Drivers/STM32F4xx_HAL_Driver/Src/stm32f4xx_hal_tim_ex.o
                0x0000000008003a64                HAL_TIMEx_BreakCallback
 .text.HAL_UART_Init
                0x0000000008003a78       0x9a Drivers/STM32F4xx_HAL_Driver/Src/stm32f4xx_hal_uart.o
                0x0000000008003a78                HAL_UART_Init
 *fill*         0x0000000008003b12        0x2 
 .text.UART_SetConfig
                0x0000000008003b14      0x738 Drivers/STM32F4xx_HAL_Driver/Src/stm32f4xx_hal_uart.o
 .text.USB_CoreInit
                0x000000000800424c       0xc2 Drivers/STM32F4xx_HAL_Driver/Src/stm32f4xx_ll_usb.o
                0x000000000800424c                USB_CoreInit
 *fill*         0x000000000800430e        0x2 
 .text.USB_SetTurnaroundTime
                0x0000000008004310      0x144 Drivers/STM32F4xx_HAL_Driver/Src/stm32f4xx_ll_usb.o
                0x0000000008004310                USB_SetTurnaroundTime
 .text.USB_EnableGlobalInt
                0x0000000008004454       0x22 Drivers/STM32F4xx_HAL_Driver/Src/stm32f4xx_ll_usb.o
                0x0000000008004454                USB_EnableGlobalInt
 .text.USB_DisableGlobalInt
                0x0000000008004476       0x22 Drivers/STM32F4xx_HAL_Driver/Src/stm32f4xx_ll_usb.o
                0x0000000008004476                USB_DisableGlobalInt
 .text.USB_SetCurrentMode
                0x0000000008004498       0x54 Drivers/STM32F4xx_HAL_Driver/Src/stm32f4xx_ll_usb.o
                0x0000000008004498                USB_SetCurrentMode
 .text.USB_DevInit
                0x00000000080044ec      0x2bc Drivers/STM32F4xx_HAL_Driver/Src/stm32f4xx_ll_usb.o
                0x00000000080044ec                USB_DevInit
 .text.USB_FlushTxFifo
                0x00000000080047a8       0x4c Drivers/STM32F4xx_HAL_Driver/Src/stm32f4xx_ll_usb.o
                0x00000000080047a8                USB_FlushTxFifo
 .text.USB_FlushRxFifo
                0x00000000080047f4       0x44 Drivers/STM32F4xx_HAL_Driver/Src/stm32f4xx_ll_usb.o
                0x00000000080047f4                USB_FlushRxFifo
 .text.USB_SetDevSpeed
                0x0000000008004838       0x32 Drivers/STM32F4xx_HAL_Driver/Src/stm32f4xx_ll_usb.o
                0x0000000008004838                USB_SetDevSpeed
 .text.USB_GetDevSpeed
                0x000000000800486a       0x4a Drivers/STM32F4xx_HAL_Driver/Src/stm32f4xx_ll_usb.o
                0x000000000800486a                USB_GetDevSpeed
 .text.USB_ActivateEndpoint
                0x00000000080048b4      0x10e Drivers/STM32F4xx_HAL_Driver/Src/stm32f4xx_ll_usb.o
                0x00000000080048b4                USB_ActivateEndpoint
 *fill*         0x00000000080049c2        0x2 
 .text.USB_DeactivateEndpoint
                0x00000000080049c4      0x1b8 Drivers/STM32F4xx_HAL_Driver/Src/stm32f4xx_ll_usb.o
                0x00000000080049c4                USB_DeactivateEndpoint
 .text.USB_EPStartXfer
                0x0000000008004b7c      0x488 Drivers/STM32F4xx_HAL_Driver/Src/stm32f4xx_ll_usb.o
                0x0000000008004b7c                USB_EPStartXfer
 .text.USB_EP0StartXfer
                0x0000000008005004      0x2a6 Drivers/STM32F4xx_HAL_Driver/Src/stm32f4xx_ll_usb.o
                0x0000000008005004                USB_EP0StartXfer
 .text.USB_WritePacket
                0x00000000080052aa       0x6a Drivers/STM32F4xx_HAL_Driver/Src/stm32f4xx_ll_usb.o
                0x00000000080052aa                USB_WritePacket
 .text.USB_ReadPacket
                0x0000000008005314       0x52 Drivers/STM32F4xx_HAL_Driver/Src/stm32f4xx_ll_usb.o
                0x0000000008005314                USB_ReadPacket
 .text.USB_EPSetStall
                0x0000000008005366       0xdc Drivers/STM32F4xx_HAL_Driver/Src/stm32f4xx_ll_usb.o
                0x0000000008005366                USB_EPSetStall
 .text.USB_EPClearStall
                0x0000000008005442       0xcc Drivers/STM32F4xx_HAL_Driver/Src/stm32f4xx_ll_usb.o
                0x0000000008005442                USB_EPClearStall
 .text.USB_SetDevAddress
                0x000000000800550e       0x4c Drivers/STM32F4xx_HAL_Driver/Src/stm32f4xx_ll_usb.o
                0x000000000800550e                USB_SetDevAddress
 .text.USB_DevConnect
                0x000000000800555a       0x42 Drivers/STM32F4xx_HAL_Driver/Src/stm32f4xx_ll_usb.o
                0x000000000800555a                USB_DevConnect
 .text.USB_DevDisconnect
                0x000000000800559c       0x42 Drivers/STM32F4xx_HAL_Driver/Src/stm32f4xx_ll_usb.o
                0x000000000800559c                USB_DevDisconnect
 .text.USB_ReadInterrupts
                0x00000000080055de       0x26 Drivers/STM32F4xx_HAL_Driver/Src/stm32f4xx_ll_usb.o
                0x00000000080055de                USB_ReadInterrupts
 .text.USB_ReadDevAllOutEpInterrupt
                0x0000000008005604       0x34 Drivers/STM32F4xx_HAL_Driver/Src/stm32f4xx_ll_usb.o
                0x0000000008005604                USB_ReadDevAllOutEpInterrupt
 .text.USB_ReadDevAllInEpInterrupt
                0x0000000008005638       0x34 Drivers/STM32F4xx_HAL_Driver/Src/stm32f4xx_ll_usb.o
                0x0000000008005638                USB_ReadDevAllInEpInterrupt
 .text.USB_ReadDevOutEPInterrupt
                0x000000000800566c       0x3c Drivers/STM32F4xx_HAL_Driver/Src/stm32f4xx_ll_usb.o
                0x000000000800566c                USB_ReadDevOutEPInterrupt
 .text.USB_ReadDevInEPInterrupt
                0x00000000080056a8       0x5c Drivers/STM32F4xx_HAL_Driver/Src/stm32f4xx_ll_usb.o
                0x00000000080056a8                USB_ReadDevInEPInterrupt
 .text.USB_GetMode
                0x0000000008005704       0x1c Drivers/STM32F4xx_HAL_Driver/Src/stm32f4xx_ll_usb.o
                0x0000000008005704                USB_GetMode
 .text.USB_ActivateSetup
                0x0000000008005720       0x46 Drivers/STM32F4xx_HAL_Driver/Src/stm32f4xx_ll_usb.o
                0x0000000008005720                USB_ActivateSetup
 *fill*         0x0000000008005766        0x2 
 .text.USB_EP0_OutStart
                0x0000000008005768       0xbc Drivers/STM32F4xx_HAL_Driver/Src/stm32f4xx_ll_usb.o
                0x0000000008005768                USB_EP0_OutStart
 .text.USB_CoreReset
                0x0000000008005824       0x68 Drivers/STM32F4xx_HAL_Driver/Src/stm32f4xx_ll_usb.o
 .text.USBD_HID_Init
                0x000000000800588c       0x68 Middlewares/ST/STM32_USB_Device_Library/Class/HID/Src/usbd_hid.o
 .text.USBD_HID_DeInit
                0x00000000080058f4       0x48 Middlewares/ST/STM32_USB_Device_Library/Class/HID/Src/usbd_hid.o
 .text.USBD_HID_Setup
                0x000000000800593c      0x1f4 Middlewares/ST/STM32_USB_Device_Library/Class/HID/Src/usbd_hid.o
 .text.USBD_HID_SendReport
                0x0000000008005b30       0x44 Middlewares/ST/STM32_USB_Device_Library/Class/HID/Src/usbd_hid.o
                0x0000000008005b30                USBD_HID_SendReport
 .text.USBD_HID_GetFSCfgDesc
                0x0000000008005b74       0x20 Middlewares/ST/STM32_USB_Device_Library/Class/HID/Src/usbd_hid.o
 .text.USBD_HID_GetHSCfgDesc
                0x0000000008005b94       0x20 Middlewares/ST/STM32_USB_Device_Library/Class/HID/Src/usbd_hid.o
 .text.USBD_HID_GetOtherSpeedCfgDesc
                0x0000000008005bb4       0x20 Middlewares/ST/STM32_USB_Device_Library/Class/HID/Src/usbd_hid.o
 .text.USBD_HID_DataIn
                0x0000000008005bd4       0x24 Middlewares/ST/STM32_USB_Device_Library/Class/HID/Src/usbd_hid.o
 .text.USBD_HID_GetDeviceQualifierDesc
                0x0000000008005bf8       0x20 Middlewares/ST/STM32_USB_Device_Library/Class/HID/Src/usbd_hid.o
 .text.USBD_Init
                0x0000000008005c18       0x6c Middlewares/ST/STM32_USB_Device_Library/Core/Src/usbd_core.o
                0x0000000008005c18                USBD_Init
 .text.USBD_RegisterClass
                0x0000000008005c84       0x42 Middlewares/ST/STM32_USB_Device_Library/Core/Src/usbd_core.o
                0x0000000008005c84                USBD_RegisterClass
 .text.USBD_Start
                0x0000000008005cc6       0x18 Middlewares/ST/STM32_USB_Device_Library/Core/Src/usbd_core.o
                0x0000000008005cc6                USBD_Start
 .text.USBD_RunTestMode
                0x0000000008005cde       0x16 Middlewares/ST/STM32_USB_Device_Library/Core/Src/usbd_core.o
                0x0000000008005cde                USBD_RunTestMode
 .text.USBD_SetClassConfig
                0x0000000008005cf4       0x38 Middlewares/ST/STM32_USB_Device_Library/Core/Src/usbd_core.o
                0x0000000008005cf4                USBD_SetClassConfig
 .text.USBD_ClrClassConfig
                0x0000000008005d2c       0x30 Middlewares/ST/STM32_USB_Device_Library/Core/Src/usbd_core.o
                0x0000000008005d2c                USBD_ClrClassConfig
 .text.USBD_LL_SetupStage
                0x0000000008005d5c       0xaa Middlewares/ST/STM32_USB_Device_Library/Core/Src/usbd_core.o
                0x0000000008005d5c                USBD_LL_SetupStage
 .text.USBD_LL_DataOutStage
                0x0000000008005e06       0xc6 Middlewares/ST/STM32_USB_Device_Library/Core/Src/usbd_core.o
                0x0000000008005e06                USBD_LL_DataOutStage
 .text.USBD_LL_DataInStage
                0x0000000008005ecc      0x12c Middlewares/ST/STM32_USB_Device_Library/Core/Src/usbd_core.o
                0x0000000008005ecc                USBD_LL_DataInStage
 .text.USBD_LL_Reset
                0x0000000008005ff8       0x82 Middlewares/ST/STM32_USB_Device_Library/Core/Src/usbd_core.o
                0x0000000008005ff8                USBD_LL_Reset
 .text.USBD_LL_SetSpeed
                0x000000000800607a       0x20 Middlewares/ST/STM32_USB_Device_Library/Core/Src/usbd_core.o
                0x000000000800607a                USBD_LL_SetSpeed
 .text.USBD_LL_Suspend
                0x000000000800609a       0x2a Middlewares/ST/STM32_USB_Device_Library/Core/Src/usbd_core.o
                0x000000000800609a                USBD_LL_Suspend
 .text.USBD_LL_Resume
                0x00000000080060c4       0x2c Middlewares/ST/STM32_USB_Device_Library/Core/Src/usbd_core.o
                0x00000000080060c4                USBD_LL_Resume
 .text.USBD_LL_SOF
                0x00000000080060f0       0x34 Middlewares/ST/STM32_USB_Device_Library/Core/Src/usbd_core.o
                0x00000000080060f0                USBD_LL_SOF
 .text.USBD_LL_IsoINIncomplete
                0x0000000008006124       0x1a Middlewares/ST/STM32_USB_Device_Library/Core/Src/usbd_core.o
                0x0000000008006124                USBD_LL_IsoINIncomplete
 .text.USBD_LL_IsoOUTIncomplete
                0x000000000800613e       0x1a Middlewares/ST/STM32_USB_Device_Library/Core/Src/usbd_core.o
                0x000000000800613e                USBD_LL_IsoOUTIncomplete
 .text.USBD_LL_DevConnected
                0x0000000008006158       0x16 Middlewares/ST/STM32_USB_Device_Library/Core/Src/usbd_core.o
                0x0000000008006158                USBD_LL_DevConnected
 .text.USBD_LL_DevDisconnected
                0x000000000800616e       0x38 Middlewares/ST/STM32_USB_Device_Library/Core/Src/usbd_core.o
                0x000000000800616e                USBD_LL_DevDisconnected
 .text.SWAPBYTE
                0x00000000080061a6       0x3c Middlewares/ST/STM32_USB_Device_Library/Core/Src/usbd_ctlreq.o
 *fill*         0x00000000080061e2        0x2 
 .text.USBD_StdDevReq
                0x00000000080061e4       0xdc Middlewares/ST/STM32_USB_Device_Library/Core/Src/usbd_ctlreq.o
                0x00000000080061e4                USBD_StdDevReq
 .text.USBD_StdItfReq
                0x00000000080062c0       0x90 Middlewares/ST/STM32_USB_Device_Library/Core/Src/usbd_ctlreq.o
                0x00000000080062c0                USBD_StdItfReq
 .text.USBD_StdEPReq
                0x0000000008006350      0x2ba Middlewares/ST/STM32_USB_Device_Library/Core/Src/usbd_ctlreq.o
                0x0000000008006350                USBD_StdEPReq
 *fill*         0x000000000800660a        0x2 
 .text.USBD_GetDescriptor
                0x000000000800660c      0x328 Middlewares/ST/STM32_USB_Device_Library/Core/Src/usbd_ctlreq.o
 .text.USBD_SetAddress
                0x0000000008006934       0x86 Middlewares/ST/STM32_USB_Device_Library/Core/Src/usbd_ctlreq.o
 *fill*         0x00000000080069ba        0x2 
 .text.USBD_SetConfig
                0x00000000080069bc      0x148 Middlewares/ST/STM32_USB_Device_Library/Core/Src/usbd_ctlreq.o
 .text.USBD_GetConfig
                0x0000000008006b04       0x6a Middlewares/ST/STM32_USB_Device_Library/Core/Src/usbd_ctlreq.o
 .text.USBD_GetStatus
                0x0000000008006b6e       0x66 Middlewares/ST/STM32_USB_Device_Library/Core/Src/usbd_ctlreq.o
 .text.USBD_SetFeature
                0x0000000008006bd4       0x28 Middlewares/ST/STM32_USB_Device_Library/Core/Src/usbd_ctlreq.o
 .text.USBD_ClrFeature
                0x0000000008006bfc       0x42 Middlewares/ST/STM32_USB_Device_Library/Core/Src/usbd_ctlreq.o
 .text.USBD_ParseSetupRequest
                0x0000000008006c3e       0x74 Middlewares/ST/STM32_USB_Device_Library/Core/Src/usbd_ctlreq.o
                0x0000000008006c3e                USBD_ParseSetupRequest
 .text.USBD_CtlError
                0x0000000008006cb2       0x22 Middlewares/ST/STM32_USB_Device_Library/Core/Src/usbd_ctlreq.o
                0x0000000008006cb2                USBD_CtlError
 .text.USBD_GetString
                0x0000000008006cd4       0x8c Middlewares/ST/STM32_USB_Device_Library/Core/Src/usbd_ctlreq.o
                0x0000000008006cd4                USBD_GetString
 .text.USBD_GetLen
                0x0000000008006d60       0x34 Middlewares/ST/STM32_USB_Device_Library/Core/Src/usbd_ctlreq.o
 .text.USBD_CtlSendData
                0x0000000008006d94       0x36 Middlewares/ST/STM32_USB_Device_Library/Core/Src/usbd_ioreq.o
                0x0000000008006d94                USBD_CtlSendData
 .text.USBD_CtlContinueSendData
                0x0000000008006dca       0x22 Middlewares/ST/STM32_USB_Device_Library/Core/Src/usbd_ioreq.o
                0x0000000008006dca                USBD_CtlContinueSendData
 .text.USBD_CtlContinueRx
                0x0000000008006dec       0x22 Middlewares/ST/STM32_USB_Device_Library/Core/Src/usbd_ioreq.o
                0x0000000008006dec                USBD_CtlContinueRx
 .text.USBD_CtlSendStatus
                0x0000000008006e0e       0x26 Middlewares/ST/STM32_USB_Device_Library/Core/Src/usbd_ioreq.o
                0x0000000008006e0e                USBD_CtlSendStatus
 .text.USBD_CtlReceiveStatus
                0x0000000008006e34       0x26 Middlewares/ST/STM32_USB_Device_Library/Core/Src/usbd_ioreq.o
                0x0000000008006e34                USBD_CtlReceiveStatus
 .text.vListInsertEnd
                0x0000000008006e5a       0x48 Middlewares/Third_Party/FreeRTOS/Source/list.o
                0x0000000008006e5a                vListInsertEnd
 .text.uxListRemove
                0x0000000008006ea2       0x54 Middlewares/Third_Party/FreeRTOS/Source/list.o
                0x0000000008006ea2                uxListRemove
 *fill*         0x0000000008006ef6        0x2 
 .text.xTaskIncrementTick
                0x0000000008006ef8      0x174 Middlewares/Third_Party/FreeRTOS/Source/tasks.o
                0x0000000008006ef8                xTaskIncrementTick
 .text.vTaskSwitchContext
                0x000000000800706c       0xbc Middlewares/Third_Party/FreeRTOS/Source/tasks.o
                0x000000000800706c                vTaskSwitchContext
 .text.prvResetNextTaskUnblockTime
                0x0000000008007128       0x40 Middlewares/Third_Party/FreeRTOS/Source/tasks.o
 *fill*         0x0000000008007168        0x8 
 .text.SVC_Handler
                0x0000000008007170       0x28 Middlewares/Third_Party/FreeRTOS/Source/portable/GCC/ARM_CM4F/port.o
                0x0000000008007170                SVC_Handler
 *fill*         0x0000000008007198        0x8 
 .text.PendSV_Handler
                0x00000000080071a0       0x68 Middlewares/Third_Party/FreeRTOS/Source/portable/GCC/ARM_CM4F/port.o
                0x00000000080071a0                PendSV_Handler
 .text.SysTick_Handler
                0x0000000008007208       0x44 Middlewares/Third_Party/FreeRTOS/Source/portable/GCC/ARM_CM4F/port.o
                0x0000000008007208                SysTick_Handler
 .text.MX_USB_DEVICE_Init
                0x000000000800724c       0x4c USB_DEVICE/App/usb_device.o
                0x000000000800724c                MX_USB_DEVICE_Init
 .text.USBD_FS_DeviceDescriptor
                0x0000000008007298       0x24 USB_DEVICE/App/usbd_desc.o
                0x0000000008007298                USBD_FS_DeviceDescriptor
 .text.USBD_FS_LangIDStrDescriptor
                0x00000000080072bc       0x24 USB_DEVICE/App/usbd_desc.o
                0x00000000080072bc                USBD_FS_LangIDStrDescriptor
 .text.USBD_FS_ProductStrDescriptor
                0x00000000080072e0       0x3c USB_DEVICE/App/usbd_desc.o
                0x00000000080072e0                USBD_FS_ProductStrDescriptor
 .text.USBD_FS_ManufacturerStrDescriptor
                0x000000000800731c       0x28 USB_DEVICE/App/usbd_desc.o
                0x000000000800731c                USBD_FS_ManufacturerStrDescriptor
 .text.USBD_FS_SerialStrDescriptor
                0x0000000008007344       0x24 USB_DEVICE/App/usbd_desc.o
                0x0000000008007344                USBD_FS_SerialStrDescriptor
 .text.USBD_FS_ConfigStrDescriptor
                0x0000000008007368       0x3c USB_DEVICE/App/usbd_desc.o
                0x0000000008007368                USBD_FS_ConfigStrDescriptor
 .text.USBD_FS_InterfaceStrDescriptor
                0x00000000080073a4       0x3c USB_DEVICE/App/usbd_desc.o
                0x00000000080073a4                USBD_FS_InterfaceStrDescriptor
 .text.USBD_FS_USR_BOSDescriptor
                0x00000000080073e0       0x24 USB_DEVICE/App/usbd_desc.o
                0x00000000080073e0                USBD_FS_USR_BOSDescriptor
 .text.Get_SerialNum
                0x0000000008007404       0x58 USB_DEVICE/App/usbd_desc.o
 .text.IntToUnicode
                0x000000000800745c       0x7e USB_DEVICE/App/usbd_desc.o
 *fill*         0x00000000080074da        0x2 
 .text.HAL_PCD_MspInit
                0x00000000080074dc       0xa8 USB_DEVICE/Target/usbd_conf.o
                0x00000000080074dc                HAL_PCD_MspInit
 .text.HAL_PCD_SetupStageCallback
                0x0000000008007584       0x24 USB_DEVICE/Target/usbd_conf.o
                0x0000000008007584                HAL_PCD_SetupStageCallback
 .text.HAL_PCD_DataOutStageCallback
                0x00000000080075a8       0x36 USB_DEVICE/Target/usbd_conf.o
                0x00000000080075a8                HAL_PCD_DataOutStageCallback
 .text.HAL_PCD_DataInStageCallback
                0x00000000080075de       0x34 USB_DEVICE/Target/usbd_conf.o
                0x00000000080075de                HAL_PCD_DataInStageCallback
 .text.HAL_PCD_SOFCallback
                0x0000000008007612       0x1c USB_DEVICE/Target/usbd_conf.o
                0x0000000008007612                HAL_PCD_SOFCallback
 .text.HAL_PCD_ResetCallback
                0x000000000800762e       0x50 USB_DEVICE/Target/usbd_conf.o
                0x000000000800762e                HAL_PCD_ResetCallback
 *fill*         0x000000000800767e        0x2 
 .text.HAL_PCD_SuspendCallback
                0x0000000008007680       0x4c USB_DEVICE/Target/usbd_conf.o
                0x0000000008007680                HAL_PCD_SuspendCallback
 .text.HAL_PCD_ResumeCallback
                0x00000000080076cc       0x1c USB_DEVICE/Target/usbd_conf.o
                0x00000000080076cc                HAL_PCD_ResumeCallback
 .text.HAL_PCD_ISOOUTIncompleteCallback
                0x00000000080076e8       0x24 USB_DEVICE/Target/usbd_conf.o
                0x00000000080076e8                HAL_PCD_ISOOUTIncompleteCallback
 .text.HAL_PCD_ISOINIncompleteCallback
                0x000000000800770c       0x24 USB_DEVICE/Target/usbd_conf.o
                0x000000000800770c                HAL_PCD_ISOINIncompleteCallback
 .text.HAL_PCD_ConnectCallback
                0x0000000008007730       0x1c USB_DEVICE/Target/usbd_conf.o
                0x0000000008007730                HAL_PCD_ConnectCallback
 .text.HAL_PCD_DisconnectCallback
                0x000000000800774c       0x1c USB_DEVICE/Target/usbd_conf.o
                0x000000000800774c                HAL_PCD_DisconnectCallback
 .text.USBD_LL_Init
                0x0000000008007768       0x98 USB_DEVICE/Target/usbd_conf.o
                0x0000000008007768                USBD_LL_Init
 .text.USBD_LL_Start
                0x0000000008007800       0x36 USB_DEVICE/Target/usbd_conf.o
                0x0000000008007800                USBD_LL_Start
 .text.USBD_LL_OpenEP
                0x0000000008007836       0x4c USB_DEVICE/Target/usbd_conf.o
                0x0000000008007836                USBD_LL_OpenEP
 .text.USBD_LL_CloseEP
                0x0000000008007882       0x3e USB_DEVICE/Target/usbd_conf.o
                0x0000000008007882                USBD_LL_CloseEP
 .text.USBD_LL_StallEP
                0x00000000080078c0       0x3e USB_DEVICE/Target/usbd_conf.o
                0x00000000080078c0                USBD_LL_StallEP
 .text.USBD_LL_ClearStallEP
                0x00000000080078fe       0x3e USB_DEVICE/Target/usbd_conf.o
                0x00000000080078fe                USBD_LL_ClearStallEP
 .text.USBD_LL_IsStallEP
                0x000000000800793c       0x58 USB_DEVICE/Target/usbd_conf.o
                0x000000000800793c                USBD_LL_IsStallEP
 .text.USBD_LL_SetUSBAddress
                0x0000000008007994       0x3e USB_DEVICE/Target/usbd_conf.o
                0x0000000008007994                USBD_LL_SetUSBAddress
 .text.USBD_LL_Transmit
                0x00000000080079d2       0x42 USB_DEVICE/Target/usbd_conf.o
                0x00000000080079d2                USBD_LL_Transmit
 .text.USBD_LL_PrepareReceive
                0x0000000008007a14       0x42 USB_DEVICE/Target/usbd_conf.o
                0x0000000008007a14                USBD_LL_PrepareReceive
 *fill*         0x0000000008007a56        0x2 
 .text.HAL_PCDEx_LPM_Callback
                0x0000000008007a58       0x9c USB_DEVICE/Target/usbd_conf.o
                0x0000000008007a58                HAL_PCDEx_LPM_Callback
 .text.USBD_Get_USB_Status
                0x0000000008007af4       0x58 USB_DEVICE/Target/usbd_conf.o
                0x0000000008007af4                USBD_Get_USB_Status
 .text.__errno  0x0000000008007b4c        0xc c:/st/stm32cubeide_1.4.0/stm32cubeide/plugins/com.st.stm32cube.ide.mcu.externaltools.gnu-tools-for-stm32.9-2020-q2-update.win32_1.5.0.202011040924/tools/bin/../lib/gcc/arm-none-eabi/9.3.1/../../../../arm-none-eabi/lib/thumb/v7e-m+fp/hard\libc_nano.a(lib_a-errno.o)
                0x0000000008007b4c                __errno
 .text.__libc_init_array
                0x0000000008007b58       0x48 c:/st/stm32cubeide_1.4.0/stm32cubeide/plugins/com.st.stm32cube.ide.mcu.externaltools.gnu-tools-for-stm32.9-2020-q2-update.win32_1.5.0.202011040924/tools/bin/../lib/gcc/arm-none-eabi/9.3.1/../../../../arm-none-eabi/lib/thumb/v7e-m+fp/hard\libc_nano.a(lib_a-init.o)
                0x0000000008007b58                __libc_init_array
 .text.malloc   0x0000000008007ba0       0x10 c:/st/stm32cubeide_1.4.0/stm32cubeide/plugins/com.st.stm32cube.ide.mcu.externaltools.gnu-tools-for-stm32.9-2020-q2-update.win32_1.5.0.202011040924/tools/bin/../lib/gcc/arm-none-eabi/9.3.1/../../../../arm-none-eabi/lib/thumb/v7e-m+fp/hard\libc_nano.a(lib_a-malloc.o)
                0x0000000008007ba0                malloc
 .text.free     0x0000000008007bb0       0x10 c:/st/stm32cubeide_1.4.0/stm32cubeide/plugins/com.st.stm32cube.ide.mcu.externaltools.gnu-tools-for-stm32.9-2020-q2-update.win32_1.5.0.202011040924/tools/bin/../lib/gcc/arm-none-eabi/9.3.1/../../../../arm-none-eabi/lib/thumb/v7e-m+fp/hard\libc_nano.a(lib_a-malloc.o)
                0x0000000008007bb0                free
 .text.memset   0x0000000008007bc0       0x10 c:/st/stm32cubeide_1.4.0/stm32cubeide/plugins/com.st.stm32cube.ide.mcu.externaltools.gnu-tools-for-stm32.9-2020-q2-update.win32_1.5.0.202011040924/tools/bin/../lib/gcc/arm-none-eabi/9.3.1/../../../../arm-none-eabi/lib/thumb/v7e-m+fp/hard\libc_nano.a(lib_a-memset.o)
                0x0000000008007bc0                memset
 .text._free_r  0x0000000008007bd0       0xa0 c:/st/stm32cubeide_1.4.0/stm32cubeide/plugins/com.st.stm32cube.ide.mcu.externaltools.gnu-tools-for-stm32.9-2020-q2-update.win32_1.5.0.202011040924/tools/bin/../lib/gcc/arm-none-eabi/9.3.1/../../../../arm-none-eabi/lib/thumb/v7e-m+fp/hard\libc_nano.a(lib_a-nano-freer.o)
                0x0000000008007bd0                _free_r
 .text._malloc_r
                0x0000000008007c70       0xb4 c:/st/stm32cubeide_1.4.0/stm32cubeide/plugins/com.st.stm32cube.ide.mcu.externaltools.gnu-tools-for-stm32.9-2020-q2-update.win32_1.5.0.202011040924/tools/bin/../lib/gcc/arm-none-eabi/9.3.1/../../../../arm-none-eabi/lib/thumb/v7e-m+fp/hard\libc_nano.a(lib_a-nano-mallocr.o)
                0x0000000008007c70                _malloc_r
 .text._sbrk_r  0x0000000008007d24       0x20 c:/st/stm32cubeide_1.4.0/stm32cubeide/plugins/com.st.stm32cube.ide.mcu.externaltools.gnu-tools-for-stm32.9-2020-q2-update.win32_1.5.0.202011040924/tools/bin/../lib/gcc/arm-none-eabi/9.3.1/../../../../arm-none-eabi/lib/thumb/v7e-m+fp/hard\libc_nano.a(lib_a-sbrkr.o)
                0x0000000008007d24                _sbrk_r
 .text.__malloc_lock
                0x0000000008007d44        0xc c:/st/stm32cubeide_1.4.0/stm32cubeide/plugins/com.st.stm32cube.ide.mcu.externaltools.gnu-tools-for-stm32.9-2020-q2-update.win32_1.5.0.202011040924/tools/bin/../lib/gcc/arm-none-eabi/9.3.1/../../../../arm-none-eabi/lib/thumb/v7e-m+fp/hard\libc_nano.a(lib_a-mlock.o)
                0x0000000008007d44                __malloc_lock
 .text.__malloc_unlock
                0x0000000008007d50        0xc c:/st/stm32cubeide_1.4.0/stm32cubeide/plugins/com.st.stm32cube.ide.mcu.externaltools.gnu-tools-for-stm32.9-2020-q2-update.win32_1.5.0.202011040924/tools/bin/../lib/gcc/arm-none-eabi/9.3.1/../../../../arm-none-eabi/lib/thumb/v7e-m+fp/hard\libc_nano.a(lib_a-mlock.o)
                0x0000000008007d50                __malloc_unlock
 .text.__retarget_lock_acquire_recursive
                0x0000000008007d5c        0x2 c:/st/stm32cubeide_1.4.0/stm32cubeide/plugins/com.st.stm32cube.ide.mcu.externaltools.gnu-tools-for-stm32.9-2020-q2-update.win32_1.5.0.202011040924/tools/bin/../lib/gcc/arm-none-eabi/9.3.1/../../../../arm-none-eabi/lib/thumb/v7e-m+fp/hard\libc_nano.a(lib_a-lock.o)
                0x0000000008007d5c                __retarget_lock_acquire_recursive
 .text.__retarget_lock_release_recursive
                0x0000000008007d5e        0x2 c:/st/stm32cubeide_1.4.0/stm32cubeide/plugins/com.st.stm32cube.ide.mcu.externaltools.gnu-tools-for-stm32.9-2020-q2-update.win32_1.5.0.202011040924/tools/bin/../lib/gcc/arm-none-eabi/9.3.1/../../../../arm-none-eabi/lib/thumb/v7e-m+fp/hard\libc_nano.a(lib_a-lock.o)
                0x0000000008007d5e                __retarget_lock_release_recursive
 *(.glue_7)
 .glue_7        0x0000000008007d60        0x0 linker stubs
 *(.glue_7t)
 .glue_7t       0x0000000008007d60        0x0 linker stubs
 *(.eh_frame)
 .eh_frame      0x0000000008007d60        0x0 c:/st/stm32cubeide_1.4.0/stm32cubeide/plugins/com.st.stm32cube.ide.mcu.externaltools.gnu-tools-for-stm32.9-2020-q2-update.win32_1.5.0.202011040924/tools/bin/../lib/gcc/arm-none-eabi/9.3.1/thumb/v7e-m+fp/hard/crtbegin.o
 *(.init)
 .init          0x0000000008007d60        0x4 c:/st/stm32cubeide_1.4.0/stm32cubeide/plugins/com.st.stm32cube.ide.mcu.externaltools.gnu-tools-for-stm32.9-2020-q2-update.win32_1.5.0.202011040924/tools/bin/../lib/gcc/arm-none-eabi/9.3.1/thumb/v7e-m+fp/hard/crti.o
                0x0000000008007d60                _init
 .init          0x0000000008007d64        0x8 c:/st/stm32cubeide_1.4.0/stm32cubeide/plugins/com.st.stm32cube.ide.mcu.externaltools.gnu-tools-for-stm32.9-2020-q2-update.win32_1.5.0.202011040924/tools/bin/../lib/gcc/arm-none-eabi/9.3.1/thumb/v7e-m+fp/hard/crtn.o
 *(.fini)
 .fini          0x0000000008007d6c        0x4 c:/st/stm32cubeide_1.4.0/stm32cubeide/plugins/com.st.stm32cube.ide.mcu.externaltools.gnu-tools-for-stm32.9-2020-q2-update.win32_1.5.0.202011040924/tools/bin/../lib/gcc/arm-none-eabi/9.3.1/thumb/v7e-m+fp/hard/crti.o
                0x0000000008007d6c                _fini
 .fini          0x0000000008007d70        0x8 c:/st/stm32cubeide_1.4.0/stm32cubeide/plugins/com.st.stm32cube.ide.mcu.externaltools.gnu-tools-for-stm32.9-2020-q2-update.win32_1.5.0.202011040924/tools/bin/../lib/gcc/arm-none-eabi/9.3.1/thumb/v7e-m+fp/hard/crtn.o
                0x0000000008007d78                . = ALIGN (0x4)
                0x0000000008007d78                _etext = .

.vfp11_veneer   0x0000000008007d78        0x0
 .vfp11_veneer  0x0000000008007d78        0x0 linker stubs

.v4_bx          0x0000000008007d78        0x0
 .v4_bx         0x0000000008007d78        0x0 linker stubs

.iplt           0x0000000008007d78        0x0
 .iplt          0x0000000008007d78        0x0 c:/st/stm32cubeide_1.4.0/stm32cubeide/plugins/com.st.stm32cube.ide.mcu.externaltools.gnu-tools-for-stm32.9-2020-q2-update.win32_1.5.0.202011040924/tools/bin/../lib/gcc/arm-none-eabi/9.3.1/thumb/v7e-m+fp/hard/crtbegin.o

.rodata         0x0000000008007d78       0x60
                0x0000000008007d78                . = ALIGN (0x4)
 *(.rodata)
 .rodata        0x0000000008007d78       0x46 USB_DEVICE/App/usbd_desc.o
 *(.rodata*)
 *fill*         0x0000000008007dbe        0x2 
 .rodata.AHBPrescTable
                0x0000000008007dc0       0x10 Core/Src/system_stm32f4xx.o
                0x0000000008007dc0                AHBPrescTable
 .rodata.APBPrescTable
                0x0000000008007dd0        0x8 Core/Src/system_stm32f4xx.o
                0x0000000008007dd0                APBPrescTable
                0x0000000008007dd8                . = ALIGN (0x4)

.ARM.extab      0x0000000008007dd8        0x0
                0x0000000008007dd8                . = ALIGN (0x4)
 *(.ARM.extab* .gnu.linkonce.armextab.*)
                0x0000000008007dd8                . = ALIGN (0x4)

.ARM            0x0000000008007dd8        0x8
                0x0000000008007dd8                . = ALIGN (0x4)
                0x0000000008007dd8                __exidx_start = .
 *(.ARM.exidx*)
 .ARM.exidx     0x0000000008007dd8        0x8 c:/st/stm32cubeide_1.4.0/stm32cubeide/plugins/com.st.stm32cube.ide.mcu.externaltools.gnu-tools-for-stm32.9-2020-q2-update.win32_1.5.0.202011040924/tools/bin/../lib/gcc/arm-none-eabi/9.3.1/thumb/v7e-m+fp/hard\libgcc.a(_udivmoddi4.o)
                0x0000000008007de0                __exidx_end = .
                0x0000000008007de0                . = ALIGN (0x4)

.rel.dyn        0x0000000008007de0        0x0
 .rel.iplt      0x0000000008007de0        0x0 c:/st/stm32cubeide_1.4.0/stm32cubeide/plugins/com.st.stm32cube.ide.mcu.externaltools.gnu-tools-for-stm32.9-2020-q2-update.win32_1.5.0.202011040924/tools/bin/../lib/gcc/arm-none-eabi/9.3.1/thumb/v7e-m+fp/hard/crtbegin.o

.preinit_array  0x0000000008007de0        0x0
                0x0000000008007de0                . = ALIGN (0x4)
                0x0000000008007de0                PROVIDE (__preinit_array_start = .)
 *(.preinit_array*)
                0x0000000008007de0                PROVIDE (__preinit_array_end = .)
                0x0000000008007de0                . = ALIGN (0x4)

.init_array     0x0000000008007de0        0x4
                0x0000000008007de0                . = ALIGN (0x4)
                0x0000000008007de0                PROVIDE (__init_array_start = .)
 *(SORT_BY_NAME(.init_array.*))
 *(.init_array*)
 .init_array    0x0000000008007de0        0x4 c:/st/stm32cubeide_1.4.0/stm32cubeide/plugins/com.st.stm32cube.ide.mcu.externaltools.gnu-tools-for-stm32.9-2020-q2-update.win32_1.5.0.202011040924/tools/bin/../lib/gcc/arm-none-eabi/9.3.1/thumb/v7e-m+fp/hard/crtbegin.o
                0x0000000008007de4                PROVIDE (__init_array_end = .)
                0x0000000008007de4                . = ALIGN (0x4)

.fini_array     0x0000000008007de4        0x4
                0x0000000008007de4                . = ALIGN (0x4)
                [!provide]                        PROVIDE (__fini_array_start = .)
 *(SORT_BY_NAME(.fini_array.*))
 *(.fini_array*)
 .fini_array    0x0000000008007de4        0x4 c:/st/stm32cubeide_1.4.0/stm32cubeide/plugins/com.st.stm32cube.ide.mcu.externaltools.gnu-tools-for-stm32.9-2020-q2-update.win32_1.5.0.202011040924/tools/bin/../lib/gcc/arm-none-eabi/9.3.1/thumb/v7e-m+fp/hard/crtbegin.o
                [!provide]                        PROVIDE (__fini_array_end = .)
                0x0000000008007de8                . = ALIGN (0x4)
                0x0000000008007de8                _sidata = LOADADDR (.data)

.data           0x0000000020000000      0x1d8 load address 0x0000000008007de8
                0x0000000020000000                . = ALIGN (0x4)
                0x0000000020000000                _sdata = .
 *(.data)
 *(.data*)
 .data.SystemCoreClock
                0x0000000020000000        0x4 Core/Src/system_stm32f4xx.o
                0x0000000020000000                SystemCoreClock
 .data.uwTickPrio
                0x0000000020000004        0x4 Drivers/STM32F4xx_HAL_Driver/Src/stm32f4xx_hal.o
                0x0000000020000004                uwTickPrio
 .data.uwTickFreq
                0x0000000020000008        0x1 Drivers/STM32F4xx_HAL_Driver/Src/stm32f4xx_hal.o
                0x0000000020000008                uwTickFreq
 *fill*         0x0000000020000009        0x3 
 .data.USBD_HID
                0x000000002000000c       0x38 Middlewares/ST/STM32_USB_Device_Library/Class/HID/Src/usbd_hid.o
                0x000000002000000c                USBD_HID
 .data.USBD_HID_CfgFSDesc
                0x0000000020000044       0x22 Middlewares/ST/STM32_USB_Device_Library/Class/HID/Src/usbd_hid.o
 *fill*         0x0000000020000066        0x2 
 .data.USBD_HID_CfgHSDesc
                0x0000000020000068       0x22 Middlewares/ST/STM32_USB_Device_Library/Class/HID/Src/usbd_hid.o
 *fill*         0x000000002000008a        0x2 
 .data.USBD_HID_OtherSpeedCfgDesc
                0x000000002000008c       0x22 Middlewares/ST/STM32_USB_Device_Library/Class/HID/Src/usbd_hid.o
 *fill*         0x00000000200000ae        0x2 
 .data.USBD_HID_Desc
                0x00000000200000b0        0x9 Middlewares/ST/STM32_USB_Device_Library/Class/HID/Src/usbd_hid.o
 *fill*         0x00000000200000b9        0x3 
 .data.USBD_HID_DeviceQualifierDesc
                0x00000000200000bc        0xa Middlewares/ST/STM32_USB_Device_Library/Class/HID/Src/usbd_hid.o
 *fill*         0x00000000200000c6        0x2 
 .data.HID_MOUSE_ReportDesc
                0x00000000200000c8       0x4a Middlewares/ST/STM32_USB_Device_Library/Class/HID/Src/usbd_hid.o
 *fill*         0x0000000020000112        0x2 
 .data.FS_Desc  0x0000000020000114       0x20 USB_DEVICE/App/usbd_desc.o
                0x0000000020000114                FS_Desc
 .data.USBD_FS_DeviceDesc
                0x0000000020000134       0x12 USB_DEVICE/App/usbd_desc.o
                0x0000000020000134                USBD_FS_DeviceDesc
 *fill*         0x0000000020000146        0x2 
 .data.USBD_FS_BOSDesc
                0x0000000020000148        0xc USB_DEVICE/App/usbd_desc.o
                0x0000000020000148                USBD_FS_BOSDesc
 .data.USBD_LangIDDesc
                0x0000000020000154        0x4 USB_DEVICE/App/usbd_desc.o
                0x0000000020000154                USBD_LangIDDesc
 .data.USBD_StringSerial
                0x0000000020000158       0x1a USB_DEVICE/App/usbd_desc.o
                0x0000000020000158                USBD_StringSerial
 *fill*         0x0000000020000172        0x2 
 .data._impure_ptr
                0x0000000020000174        0x4 c:/st/stm32cubeide_1.4.0/stm32cubeide/plugins/com.st.stm32cube.ide.mcu.externaltools.gnu-tools-for-stm32.9-2020-q2-update.win32_1.5.0.202011040924/tools/bin/../lib/gcc/arm-none-eabi/9.3.1/../../../../arm-none-eabi/lib/thumb/v7e-m+fp/hard\libc_nano.a(lib_a-impure.o)
                0x0000000020000174                _impure_ptr
 .data.impure_data
                0x0000000020000178       0x60 c:/st/stm32cubeide_1.4.0/stm32cubeide/plugins/com.st.stm32cube.ide.mcu.externaltools.gnu-tools-for-stm32.9-2020-q2-update.win32_1.5.0.202011040924/tools/bin/../lib/gcc/arm-none-eabi/9.3.1/../../../../arm-none-eabi/lib/thumb/v7e-m+fp/hard\libc_nano.a(lib_a-impure.o)
 *(.RamFunc)
 *(.RamFunc*)
                0x00000000200001d8                . = ALIGN (0x4)
                0x00000000200001d8                _edata = .

.igot.plt       0x00000000200001d8        0x0 load address 0x0000000008007fc0
 .igot.plt      0x00000000200001d8        0x0 c:/st/stm32cubeide_1.4.0/stm32cubeide/plugins/com.st.stm32cube.ide.mcu.externaltools.gnu-tools-for-stm32.9-2020-q2-update.win32_1.5.0.202011040924/tools/bin/../lib/gcc/arm-none-eabi/9.3.1/thumb/v7e-m+fp/hard/crtbegin.o
                0x00000000200001d8                . = ALIGN (0x4)

.bss            0x00000000200001d8      0xe60 load address 0x0000000008007fc0
                0x00000000200001d8                _sbss = .
                0x00000000200001d8                __bss_start__ = _sbss
 *(.bss)
 .bss           0x00000000200001d8       0x1c c:/st/stm32cubeide_1.4.0/stm32cubeide/plugins/com.st.stm32cube.ide.mcu.externaltools.gnu-tools-for-stm32.9-2020-q2-update.win32_1.5.0.202011040924/tools/bin/../lib/gcc/arm-none-eabi/9.3.1/thumb/v7e-m+fp/hard/crtbegin.o
 *(.bss*)
 .bss.__sbrk_heap_end
                0x00000000200001f4        0x4 Core/Src/sysmem.o
 .bss.cfgidx.10589
                0x00000000200001f8        0x1 Middlewares/ST/STM32_USB_Device_Library/Core/Src/usbd_ctlreq.o
 *fill*         0x00000000200001f9        0x3 
 .bss.pxCurrentTCB
                0x00000000200001fc        0x4 Middlewares/Third_Party/FreeRTOS/Source/tasks.o
                0x00000000200001fc                pxCurrentTCB
 .bss.pxReadyTasksLists
                0x0000000020000200      0x460 Middlewares/Third_Party/FreeRTOS/Source/tasks.o
 .bss.pxDelayedTaskList
                0x0000000020000660        0x4 Middlewares/Third_Party/FreeRTOS/Source/tasks.o
 .bss.pxOverflowDelayedTaskList
                0x0000000020000664        0x4 Middlewares/Third_Party/FreeRTOS/Source/tasks.o
 .bss.xTickCount
                0x0000000020000668        0x4 Middlewares/Third_Party/FreeRTOS/Source/tasks.o
 .bss.uxTopReadyPriority
                0x000000002000066c        0x4 Middlewares/Third_Party/FreeRTOS/Source/tasks.o
 .bss.uxPendedTicks
                0x0000000020000670        0x4 Middlewares/Third_Party/FreeRTOS/Source/tasks.o
 .bss.xYieldPending
                0x0000000020000674        0x4 Middlewares/Third_Party/FreeRTOS/Source/tasks.o
 .bss.xNumOfOverflows
                0x0000000020000678        0x4 Middlewares/Third_Party/FreeRTOS/Source/tasks.o
 .bss.xNextTaskUnblockTime
                0x000000002000067c        0x4 Middlewares/Third_Party/FreeRTOS/Source/tasks.o
 .bss.uxSchedulerSuspended
                0x0000000020000680        0x4 Middlewares/Third_Party/FreeRTOS/Source/tasks.o
 .bss.__malloc_free_list
                0x0000000020000684        0x4 c:/st/stm32cubeide_1.4.0/stm32cubeide/plugins/com.st.stm32cube.ide.mcu.externaltools.gnu-tools-for-stm32.9-2020-q2-update.win32_1.5.0.202011040924/tools/bin/../lib/gcc/arm-none-eabi/9.3.1/../../../../arm-none-eabi/lib/thumb/v7e-m+fp/hard\libc_nano.a(lib_a-nano-mallocr.o)
                0x0000000020000684                __malloc_free_list
 .bss.__malloc_sbrk_start
                0x0000000020000688        0x4 c:/st/stm32cubeide_1.4.0/stm32cubeide/plugins/com.st.stm32cube.ide.mcu.externaltools.gnu-tools-for-stm32.9-2020-q2-update.win32_1.5.0.202011040924/tools/bin/../lib/gcc/arm-none-eabi/9.3.1/../../../../arm-none-eabi/lib/thumb/v7e-m+fp/hard\libc_nano.a(lib_a-nano-mallocr.o)
                0x0000000020000688                __malloc_sbrk_start
 *(COMMON)
 COMMON         0x000000002000068c       0x80 Core/Src/main.o
                0x000000002000068c                huart3
                0x00000000200006cc                huart2
 COMMON         0x000000002000070c       0x40 Core/Src/stm32f4xx_hal_timebase_tim.o
                0x000000002000070c                htim2
 COMMON         0x000000002000074c        0x4 Drivers/STM32F4xx_HAL_Driver/Src/stm32f4xx_hal.o
                0x000000002000074c                uwTick
 COMMON         0x0000000020000750      0x2d0 USB_DEVICE/App/usb_device.o
                0x0000000020000750                hUsbDeviceFS
 COMMON         0x0000000020000a20      0x200 USB_DEVICE/App/usbd_desc.o
                0x0000000020000a20                USBD_StrDesc
 COMMON         0x0000000020000c20      0x408 USB_DEVICE/Target/usbd_conf.o
                0x0000000020000c20                hpcd_USB_OTG_FS
 COMMON         0x0000000020001028        0x4 c:/st/stm32cubeide_1.4.0/stm32cubeide/plugins/com.st.stm32cube.ide.mcu.externaltools.gnu-tools-for-stm32.9-2020-q2-update.win32_1.5.0.202011040924/tools/bin/../lib/gcc/arm-none-eabi/9.3.1/../../../../arm-none-eabi/lib/thumb/v7e-m+fp/hard\libc_nano.a(lib_a-reent.o)
                0x0000000020001028                errno
 COMMON         0x000000002000102c        0x9 c:/st/stm32cubeide_1.4.0/stm32cubeide/plugins/com.st.stm32cube.ide.mcu.externaltools.gnu-tools-for-stm32.9-2020-q2-update.win32_1.5.0.202011040924/tools/bin/../lib/gcc/arm-none-eabi/9.3.1/../../../../arm-none-eabi/lib/thumb/v7e-m+fp/hard\libc_nano.a(lib_a-lock.o)
                0x000000002000102c                __lock___atexit_recursive_mutex
                0x000000002000102d                __lock___arc4random_mutex
                0x000000002000102e                __lock___env_recursive_mutex
                0x000000002000102f                __lock___sinit_recursive_mutex
                0x0000000020001030                __lock___malloc_recursive_mutex
                0x0000000020001031                __lock___at_quick_exit_mutex
                0x0000000020001032                __lock___dd_hash_mutex
                0x0000000020001033                __lock___tz_mutex
                0x0000000020001034                __lock___sfp_recursive_mutex
                0x0000000020001038                . = ALIGN (0x4)
 *fill*         0x0000000020001035        0x3 
                0x0000000020001038                _ebss = .
                0x0000000020001038                __bss_end__ = _ebss

._user_heap_stack
                0x0000000020001038      0x600 load address 0x0000000008007fc0
                0x0000000020001038                . = ALIGN (0x8)
                [!provide]                        PROVIDE (end = .)
                0x0000000020001038                PROVIDE (_end = .)
                0x0000000020001238                . = (. + _Min_Heap_Size)
 *fill*         0x0000000020001038      0x200 
                0x0000000020001638                . = (. + _Min_Stack_Size)
 *fill*         0x0000000020001238      0x400 
                0x0000000020001638                . = ALIGN (0x8)

/DISCARD/
 libc.a(*)
 libm.a(*)
 libgcc.a(*)

.ARM.attributes
                0x0000000000000000       0x30
 *(.ARM.attributes)
 .ARM.attributes
                0x0000000000000000       0x1e c:/st/stm32cubeide_1.4.0/stm32cubeide/plugins/com.st.stm32cube.ide.mcu.externaltools.gnu-tools-for-stm32.9-2020-q2-update.win32_1.5.0.202011040924/tools/bin/../lib/gcc/arm-none-eabi/9.3.1/thumb/v7e-m+fp/hard/crti.o
 .ARM.attributes
                0x000000000000001e       0x34 c:/st/stm32cubeide_1.4.0/stm32cubeide/plugins/com.st.stm32cube.ide.mcu.externaltools.gnu-tools-for-stm32.9-2020-q2-update.win32_1.5.0.202011040924/tools/bin/../lib/gcc/arm-none-eabi/9.3.1/thumb/v7e-m+fp/hard/crtbegin.o
 .ARM.attributes
                0x0000000000000052       0x34 Core/Src/main.o
 .ARM.attributes
                0x0000000000000086       0x34 Core/Src/stm32f4xx_hal_msp.o
 .ARM.attributes
                0x00000000000000ba       0x34 Core/Src/stm32f4xx_hal_timebase_tim.o
 .ARM.attributes
                0x00000000000000ee       0x34 Core/Src/stm32f4xx_it.o
 .ARM.attributes
                0x0000000000000122       0x34 Core/Src/sysmem.o
 .ARM.attributes
                0x0000000000000156       0x34 Core/Src/system_stm32f4xx.o
 .ARM.attributes
                0x000000000000018a       0x21 Core/Startup/startup_stm32f446retx.o
 .ARM.attributes
                0x00000000000001ab       0x34 Drivers/STM32F4xx_HAL_Driver/Src/stm32f4xx_hal.o
 .ARM.attributes
                0x00000000000001df       0x34 Drivers/STM32F4xx_HAL_Driver/Src/stm32f4xx_hal_cortex.o
 .ARM.attributes
                0x0000000000000213       0x34 Drivers/STM32F4xx_HAL_Driver/Src/stm32f4xx_hal_gpio.o
 .ARM.attributes
                0x0000000000000247       0x34 Drivers/STM32F4xx_HAL_Driver/Src/stm32f4xx_hal_pcd.o
 .ARM.attributes
                0x000000000000027b       0x34 Drivers/STM32F4xx_HAL_Driver/Src/stm32f4xx_hal_pcd_ex.o
 .ARM.attributes
                0x00000000000002af       0x34 Drivers/STM32F4xx_HAL_Driver/Src/stm32f4xx_hal_rcc.o
 .ARM.attributes
                0x00000000000002e3       0x34 Drivers/STM32F4xx_HAL_Driver/Src/stm32f4xx_hal_rcc_ex.o
 .ARM.attributes
                0x0000000000000317       0x34 Drivers/STM32F4xx_HAL_Driver/Src/stm32f4xx_hal_tim.o
 .ARM.attributes
                0x000000000000034b       0x34 Drivers/STM32F4xx_HAL_Driver/Src/stm32f4xx_hal_tim_ex.o
 .ARM.attributes
                0x000000000000037f       0x34 Drivers/STM32F4xx_HAL_Driver/Src/stm32f4xx_hal_uart.o
 .ARM.attributes
                0x00000000000003b3       0x34 Drivers/STM32F4xx_HAL_Driver/Src/stm32f4xx_ll_usb.o
 .ARM.attributes
                0x00000000000003e7       0x34 Middlewares/ST/STM32_USB_Device_Library/Class/HID/Src/usbd_hid.o
 .ARM.attributes
                0x000000000000041b       0x34 Middlewares/ST/STM32_USB_Device_Library/Core/Src/usbd_core.o
 .ARM.attributes
                0x000000000000044f       0x34 Middlewares/ST/STM32_USB_Device_Library/Core/Src/usbd_ctlreq.o
 .ARM.attributes
                0x0000000000000483       0x34 Middlewares/ST/STM32_USB_Device_Library/Core/Src/usbd_ioreq.o
 .ARM.attributes
                0x00000000000004b7       0x34 Middlewares/Third_Party/FreeRTOS/Source/list.o
 .ARM.attributes
                0x00000000000004eb       0x34 Middlewares/Third_Party/FreeRTOS/Source/tasks.o
 .ARM.attributes
                0x000000000000051f       0x34 Middlewares/Third_Party/FreeRTOS/Source/portable/GCC/ARM_CM4F/port.o
 .ARM.attributes
                0x0000000000000553       0x34 USB_DEVICE/App/usb_device.o
 .ARM.attributes
                0x0000000000000587       0x34 USB_DEVICE/App/usbd_desc.o
 .ARM.attributes
                0x00000000000005bb       0x34 USB_DEVICE/Target/usbd_conf.o
 .ARM.attributes
                0x00000000000005ef       0x34 c:/st/stm32cubeide_1.4.0/stm32cubeide/plugins/com.st.stm32cube.ide.mcu.externaltools.gnu-tools-for-stm32.9-2020-q2-update.win32_1.5.0.202011040924/tools/bin/../lib/gcc/arm-none-eabi/9.3.1/../../../../arm-none-eabi/lib/thumb/v7e-m+fp/hard\libc_nano.a(lib_a-errno.o)
 .ARM.attributes
                0x0000000000000623       0x32 c:/st/stm32cubeide_1.4.0/stm32cubeide/plugins/com.st.stm32cube.ide.mcu.externaltools.gnu-tools-for-stm32.9-2020-q2-update.win32_1.5.0.202011040924/tools/bin/../lib/gcc/arm-none-eabi/9.3.1/../../../../arm-none-eabi/lib/thumb/v7e-m+fp/hard\libc_nano.a(lib_a-impure.o)
 .ARM.attributes
                0x0000000000000655       0x34 c:/st/stm32cubeide_1.4.0/stm32cubeide/plugins/com.st.stm32cube.ide.mcu.externaltools.gnu-tools-for-stm32.9-2020-q2-update.win32_1.5.0.202011040924/tools/bin/../lib/gcc/arm-none-eabi/9.3.1/../../../../arm-none-eabi/lib/thumb/v7e-m+fp/hard\libc_nano.a(lib_a-init.o)
 .ARM.attributes
                0x0000000000000689       0x34 c:/st/stm32cubeide_1.4.0/stm32cubeide/plugins/com.st.stm32cube.ide.mcu.externaltools.gnu-tools-for-stm32.9-2020-q2-update.win32_1.5.0.202011040924/tools/bin/../lib/gcc/arm-none-eabi/9.3.1/../../../../arm-none-eabi/lib/thumb/v7e-m+fp/hard\libc_nano.a(lib_a-malloc.o)
 .ARM.attributes
                0x00000000000006bd       0x34 c:/st/stm32cubeide_1.4.0/stm32cubeide/plugins/com.st.stm32cube.ide.mcu.externaltools.gnu-tools-for-stm32.9-2020-q2-update.win32_1.5.0.202011040924/tools/bin/../lib/gcc/arm-none-eabi/9.3.1/../../../../arm-none-eabi/lib/thumb/v7e-m+fp/hard\libc_nano.a(lib_a-memset.o)
 .ARM.attributes
                0x00000000000006f1       0x34 c:/st/stm32cubeide_1.4.0/stm32cubeide/plugins/com.st.stm32cube.ide.mcu.externaltools.gnu-tools-for-stm32.9-2020-q2-update.win32_1.5.0.202011040924/tools/bin/../lib/gcc/arm-none-eabi/9.3.1/../../../../arm-none-eabi/lib/thumb/v7e-m+fp/hard\libc_nano.a(lib_a-nano-freer.o)
 .ARM.attributes
                0x0000000000000725       0x34 c:/st/stm32cubeide_1.4.0/stm32cubeide/plugins/com.st.stm32cube.ide.mcu.externaltools.gnu-tools-for-stm32.9-2020-q2-update.win32_1.5.0.202011040924/tools/bin/../lib/gcc/arm-none-eabi/9.3.1/../../../../arm-none-eabi/lib/thumb/v7e-m+fp/hard\libc_nano.a(lib_a-nano-mallocr.o)
 .ARM.attributes
                0x0000000000000759       0x34 c:/st/stm32cubeide_1.4.0/stm32cubeide/plugins/com.st.stm32cube.ide.mcu.externaltools.gnu-tools-for-stm32.9-2020-q2-update.win32_1.5.0.202011040924/tools/bin/../lib/gcc/arm-none-eabi/9.3.1/../../../../arm-none-eabi/lib/thumb/v7e-m+fp/hard\libc_nano.a(lib_a-sbrkr.o)
 .ARM.attributes
                0x000000000000078d       0x34 c:/st/stm32cubeide_1.4.0/stm32cubeide/plugins/com.st.stm32cube.ide.mcu.externaltools.gnu-tools-for-stm32.9-2020-q2-update.win32_1.5.0.202011040924/tools/bin/../lib/gcc/arm-none-eabi/9.3.1/../../../../arm-none-eabi/lib/thumb/v7e-m+fp/hard\libc_nano.a(lib_a-mlock.o)
 .ARM.attributes
                0x00000000000007c1       0x34 c:/st/stm32cubeide_1.4.0/stm32cubeide/plugins/com.st.stm32cube.ide.mcu.externaltools.gnu-tools-for-stm32.9-2020-q2-update.win32_1.5.0.202011040924/tools/bin/../lib/gcc/arm-none-eabi/9.3.1/../../../../arm-none-eabi/lib/thumb/v7e-m+fp/hard\libc_nano.a(lib_a-reent.o)
 .ARM.attributes
                0x00000000000007f5       0x34 c:/st/stm32cubeide_1.4.0/stm32cubeide/plugins/com.st.stm32cube.ide.mcu.externaltools.gnu-tools-for-stm32.9-2020-q2-update.win32_1.5.0.202011040924/tools/bin/../lib/gcc/arm-none-eabi/9.3.1/../../../../arm-none-eabi/lib/thumb/v7e-m+fp/hard\libc_nano.a(lib_a-lock.o)
 .ARM.attributes
                0x0000000000000829       0x1e c:/st/stm32cubeide_1.4.0/stm32cubeide/plugins/com.st.stm32cube.ide.mcu.externaltools.gnu-tools-for-stm32.9-2020-q2-update.win32_1.5.0.202011040924/tools/bin/../lib/gcc/arm-none-eabi/9.3.1/thumb/v7e-m+fp/hard\libgcc.a(_aeabi_uldivmod.o)
 .ARM.attributes
                0x0000000000000847       0x34 c:/st/stm32cubeide_1.4.0/stm32cubeide/plugins/com.st.stm32cube.ide.mcu.externaltools.gnu-tools-for-stm32.9-2020-q2-update.win32_1.5.0.202011040924/tools/bin/../lib/gcc/arm-none-eabi/9.3.1/thumb/v7e-m+fp/hard\libgcc.a(_udivmoddi4.o)
 .ARM.attributes
                0x000000000000087b       0x1e c:/st/stm32cubeide_1.4.0/stm32cubeide/plugins/com.st.stm32cube.ide.mcu.externaltools.gnu-tools-for-stm32.9-2020-q2-update.win32_1.5.0.202011040924/tools/bin/../lib/gcc/arm-none-eabi/9.3.1/thumb/v7e-m+fp/hard\libgcc.a(_dvmd_tls.o)
 .ARM.attributes
                0x0000000000000899       0x1e c:/st/stm32cubeide_1.4.0/stm32cubeide/plugins/com.st.stm32cube.ide.mcu.externaltools.gnu-tools-for-stm32.9-2020-q2-update.win32_1.5.0.202011040924/tools/bin/../lib/gcc/arm-none-eabi/9.3.1/thumb/v7e-m+fp/hard/crtn.o
OUTPUT(emulator_controller.elf elf32-littlearm)
LOAD linker stubs
LOAD c:/st/stm32cubeide_1.4.0/stm32cubeide/plugins/com.st.stm32cube.ide.mcu.externaltools.gnu-tools-for-stm32.9-2020-q2-update.win32_1.5.0.202011040924/tools/bin/../lib/gcc/arm-none-eabi/9.3.1/../../../../arm-none-eabi/lib/thumb/v7e-m+fp/hard\libc.a
LOAD c:/st/stm32cubeide_1.4.0/stm32cubeide/plugins/com.st.stm32cube.ide.mcu.externaltools.gnu-tools-for-stm32.9-2020-q2-update.win32_1.5.0.202011040924/tools/bin/../lib/gcc/arm-none-eabi/9.3.1/../../../../arm-none-eabi/lib/thumb/v7e-m+fp/hard\libm.a
LOAD c:/st/stm32cubeide_1.4.0/stm32cubeide/plugins/com.st.stm32cube.ide.mcu.externaltools.gnu-tools-for-stm32.9-2020-q2-update.win32_1.5.0.202011040924/tools/bin/../lib/gcc/arm-none-eabi/9.3.1/thumb/v7e-m+fp/hard\libgcc.a

.debug_info     0x0000000000000000    0x1d22a
 .debug_info    0x0000000000000000     0x1e73 Core/Src/main.o
 .debug_info    0x0000000000001e73      0xcae Core/Src/stm32f4xx_hal_msp.o
 .debug_info    0x0000000000002b21      0xc1b Core/Src/stm32f4xx_hal_timebase_tim.o
 .debug_info    0x000000000000373c      0xc18 Core/Src/stm32f4xx_it.o
 .debug_info    0x0000000000004354      0xa25 Core/Src/sysmem.o
 .debug_info    0x0000000000004d79      0x5dc Core/Src/system_stm32f4xx.o
 .debug_info    0x0000000000005355       0x22 Core/Startup/startup_stm32f446retx.o
 .debug_info    0x0000000000005377      0xa08 Drivers/STM32F4xx_HAL_Driver/Src/stm32f4xx_hal.o
 .debug_info    0x0000000000005d7f      0xef5 Drivers/STM32F4xx_HAL_Driver/Src/stm32f4xx_hal_cortex.o
 .debug_info    0x0000000000006c74      0x882 Drivers/STM32F4xx_HAL_Driver/Src/stm32f4xx_hal_gpio.o
 .debug_info    0x00000000000074f6     0x1341 Drivers/STM32F4xx_HAL_Driver/Src/stm32f4xx_hal_pcd.o
 .debug_info    0x0000000000008837      0x89f Drivers/STM32F4xx_HAL_Driver/Src/stm32f4xx_hal_pcd_ex.o
 .debug_info    0x00000000000090d6      0x9db Drivers/STM32F4xx_HAL_Driver/Src/stm32f4xx_hal_rcc.o
 .debug_info    0x0000000000009ab1      0xa76 Drivers/STM32F4xx_HAL_Driver/Src/stm32f4xx_hal_rcc_ex.o
 .debug_info    0x000000000000a527     0x26cd Drivers/STM32F4xx_HAL_Driver/Src/stm32f4xx_hal_tim.o
 .debug_info    0x000000000000cbf4     0x125f Drivers/STM32F4xx_HAL_Driver/Src/stm32f4xx_hal_tim_ex.o
 .debug_info    0x000000000000de53     0x1357 Drivers/STM32F4xx_HAL_Driver/Src/stm32f4xx_hal_uart.o
 .debug_info    0x000000000000f1aa     0x1ac6 Drivers/STM32F4xx_HAL_Driver/Src/stm32f4xx_ll_usb.o
 .debug_info    0x0000000000010c70     0x12c5 Middlewares/ST/STM32_USB_Device_Library/Class/HID/Src/usbd_hid.o
 .debug_info    0x0000000000011f35     0x13b9 Middlewares/ST/STM32_USB_Device_Library/Core/Src/usbd_core.o
 .debug_info    0x00000000000132ee     0x1372 Middlewares/ST/STM32_USB_Device_Library/Core/Src/usbd_ctlreq.o
 .debug_info    0x0000000000014660     0x1094 Middlewares/ST/STM32_USB_Device_Library/Core/Src/usbd_ioreq.o
 .debug_info    0x00000000000156f4      0xb82 Middlewares/Third_Party/FreeRTOS/Source/list.o
 .debug_info    0x0000000000016276     0x2a14 Middlewares/Third_Party/FreeRTOS/Source/tasks.o
 .debug_info    0x0000000000018c8a      0x4f1 Middlewares/Third_Party/FreeRTOS/Source/portable/GCC/ARM_CM4F/port.o
 .debug_info    0x000000000001917b      0xf15 USB_DEVICE/App/usb_device.o
 .debug_info    0x000000000001a090      0xe5d USB_DEVICE/App/usbd_desc.o
 .debug_info    0x000000000001aeed     0x233d USB_DEVICE/Target/usbd_conf.o

.debug_abbrev   0x0000000000000000     0x3f42
 .debug_abbrev  0x0000000000000000      0x319 Core/Src/main.o
 .debug_abbrev  0x0000000000000319      0x1b5 Core/Src/stm32f4xx_hal_msp.o
 .debug_abbrev  0x00000000000004ce      0x1bf Core/Src/stm32f4xx_hal_timebase_tim.o
 .debug_abbrev  0x000000000000068d      0x1c7 Core/Src/stm32f4xx_it.o
 .debug_abbrev  0x0000000000000854      0x1bf Core/Src/sysmem.o
 .debug_abbrev  0x0000000000000a13      0x145 Core/Src/system_stm32f4xx.o
 .debug_abbrev  0x0000000000000b58       0x12 Core/Startup/startup_stm32f446retx.o
 .debug_abbrev  0x0000000000000b6a      0x1ed Drivers/STM32F4xx_HAL_Driver/Src/stm32f4xx_hal.o
 .debug_abbrev  0x0000000000000d57      0x33c Drivers/STM32F4xx_HAL_Driver/Src/stm32f4xx_hal_cortex.o
 .debug_abbrev  0x0000000000001093      0x1f1 Drivers/STM32F4xx_HAL_Driver/Src/stm32f4xx_hal_gpio.o
 .debug_abbrev  0x0000000000001284      0x2a0 Drivers/STM32F4xx_HAL_Driver/Src/stm32f4xx_hal_pcd.o
 .debug_abbrev  0x0000000000001524      0x1fb Drivers/STM32F4xx_HAL_Driver/Src/stm32f4xx_hal_pcd_ex.o
 .debug_abbrev  0x000000000000171f      0x275 Drivers/STM32F4xx_HAL_Driver/Src/stm32f4xx_hal_rcc.o
 .debug_abbrev  0x0000000000001994      0x1e2 Drivers/STM32F4xx_HAL_Driver/Src/stm32f4xx_hal_rcc_ex.o
 .debug_abbrev  0x0000000000001b76      0x25e Drivers/STM32F4xx_HAL_Driver/Src/stm32f4xx_hal_tim.o
 .debug_abbrev  0x0000000000001dd4      0x24c Drivers/STM32F4xx_HAL_Driver/Src/stm32f4xx_hal_tim_ex.o
 .debug_abbrev  0x0000000000002020      0x270 Drivers/STM32F4xx_HAL_Driver/Src/stm32f4xx_hal_uart.o
 .debug_abbrev  0x0000000000002290      0x2a7 Drivers/STM32F4xx_HAL_Driver/Src/stm32f4xx_ll_usb.o
 .debug_abbrev  0x0000000000002537      0x2d7 Middlewares/ST/STM32_USB_Device_Library/Class/HID/Src/usbd_hid.o
 .debug_abbrev  0x000000000000280e      0x2b7 Middlewares/ST/STM32_USB_Device_Library/Core/Src/usbd_core.o
 .debug_abbrev  0x0000000000002ac5      0x2fc Middlewares/ST/STM32_USB_Device_Library/Core/Src/usbd_ctlreq.o
 .debug_abbrev  0x0000000000002dc1      0x22a Middlewares/ST/STM32_USB_Device_Library/Core/Src/usbd_ioreq.o
 .debug_abbrev  0x0000000000002feb      0x1f7 Middlewares/Third_Party/FreeRTOS/Source/list.o
 .debug_abbrev  0x00000000000031e2      0x39a Middlewares/Third_Party/FreeRTOS/Source/tasks.o
 .debug_abbrev  0x000000000000357c      0x231 Middlewares/Third_Party/FreeRTOS/Source/portable/GCC/ARM_CM4F/port.o
 .debug_abbrev  0x00000000000037ad      0x1fb USB_DEVICE/App/usb_device.o
 .debug_abbrev  0x00000000000039a8      0x29b USB_DEVICE/App/usbd_desc.o
 .debug_abbrev  0x0000000000003c43      0x2ff USB_DEVICE/Target/usbd_conf.o

.debug_aranges  0x0000000000000000     0x1500
 .debug_aranges
                0x0000000000000000       0x50 Core/Src/main.o
 .debug_aranges
                0x0000000000000050       0x30 Core/Src/stm32f4xx_hal_msp.o
 .debug_aranges
                0x0000000000000080       0x30 Core/Src/stm32f4xx_hal_timebase_tim.o
 .debug_aranges
                0x00000000000000b0       0x58 Core/Src/stm32f4xx_it.o
 .debug_aranges
                0x0000000000000108       0x20 Core/Src/sysmem.o
 .debug_aranges
                0x0000000000000128       0x28 Core/Src/system_stm32f4xx.o
 .debug_aranges
                0x0000000000000150       0x28 Core/Startup/startup_stm32f446retx.o
 .debug_aranges
                0x0000000000000178       0xf0 Drivers/STM32F4xx_HAL_Driver/Src/stm32f4xx_hal.o
 .debug_aranges
                0x0000000000000268      0x118 Drivers/STM32F4xx_HAL_Driver/Src/stm32f4xx_hal_cortex.o
 .debug_aranges
                0x0000000000000380       0x58 Drivers/STM32F4xx_HAL_Driver/Src/stm32f4xx_hal_gpio.o
 .debug_aranges
                0x00000000000003d8      0x138 Drivers/STM32F4xx_HAL_Driver/Src/stm32f4xx_hal_pcd.o
 .debug_aranges
                0x0000000000000510       0x48 Drivers/STM32F4xx_HAL_Driver/Src/stm32f4xx_hal_pcd_ex.o
 .debug_aranges
                0x0000000000000558       0x88 Drivers/STM32F4xx_HAL_Driver/Src/stm32f4xx_hal_rcc.o
 .debug_aranges
                0x00000000000005e0       0x78 Drivers/STM32F4xx_HAL_Driver/Src/stm32f4xx_hal_rcc_ex.o
 .debug_aranges
                0x0000000000000658      0x3a8 Drivers/STM32F4xx_HAL_Driver/Src/stm32f4xx_hal_tim.o
 .debug_aranges
                0x0000000000000a00      0x150 Drivers/STM32F4xx_HAL_Driver/Src/stm32f4xx_hal_tim_ex.o
 .debug_aranges
                0x0000000000000b50      0x1d0 Drivers/STM32F4xx_HAL_Driver/Src/stm32f4xx_hal_uart.o
 .debug_aranges
                0x0000000000000d20      0x198 Drivers/STM32F4xx_HAL_Driver/Src/stm32f4xx_ll_usb.o
 .debug_aranges
                0x0000000000000eb8       0x68 Middlewares/ST/STM32_USB_Device_Library/Class/HID/Src/usbd_hid.o
 .debug_aranges
                0x0000000000000f20       0xb8 Middlewares/ST/STM32_USB_Device_Library/Core/Src/usbd_core.o
 .debug_aranges
                0x0000000000000fd8       0x90 Middlewares/ST/STM32_USB_Device_Library/Core/Src/usbd_ctlreq.o
 .debug_aranges
                0x0000000000001068       0x50 Middlewares/ST/STM32_USB_Device_Library/Core/Src/usbd_ioreq.o
 .debug_aranges
                0x00000000000010b8       0x40 Middlewares/Third_Party/FreeRTOS/Source/list.o
 .debug_aranges
                0x00000000000010f8      0x1f8 Middlewares/Third_Party/FreeRTOS/Source/tasks.o
 .debug_aranges
                0x00000000000012f0       0x80 Middlewares/Third_Party/FreeRTOS/Source/portable/GCC/ARM_CM4F/port.o
 .debug_aranges
                0x0000000000001370       0x20 USB_DEVICE/App/usb_device.o
 .debug_aranges
                0x0000000000001390       0x68 USB_DEVICE/App/usbd_desc.o
 .debug_aranges
                0x00000000000013f8      0x108 USB_DEVICE/Target/usbd_conf.o

.debug_ranges   0x0000000000000000     0x1348
 .debug_ranges  0x0000000000000000       0x40 Core/Src/main.o
 .debug_ranges  0x0000000000000040       0x20 Core/Src/stm32f4xx_hal_msp.o
 .debug_ranges  0x0000000000000060       0x20 Core/Src/stm32f4xx_hal_timebase_tim.o
 .debug_ranges  0x0000000000000080       0x48 Core/Src/stm32f4xx_it.o
 .debug_ranges  0x00000000000000c8       0x10 Core/Src/sysmem.o
 .debug_ranges  0x00000000000000d8       0x18 Core/Src/system_stm32f4xx.o
 .debug_ranges  0x00000000000000f0       0x20 Core/Startup/startup_stm32f446retx.o
 .debug_ranges  0x0000000000000110       0xe0 Drivers/STM32F4xx_HAL_Driver/Src/stm32f4xx_hal.o
 .debug_ranges  0x00000000000001f0      0x108 Drivers/STM32F4xx_HAL_Driver/Src/stm32f4xx_hal_cortex.o
 .debug_ranges  0x00000000000002f8       0x48 Drivers/STM32F4xx_HAL_Driver/Src/stm32f4xx_hal_gpio.o
 .debug_ranges  0x0000000000000340      0x128 Drivers/STM32F4xx_HAL_Driver/Src/stm32f4xx_hal_pcd.o
 .debug_ranges  0x0000000000000468       0x38 Drivers/STM32F4xx_HAL_Driver/Src/stm32f4xx_hal_pcd_ex.o
 .debug_ranges  0x00000000000004a0       0x78 Drivers/STM32F4xx_HAL_Driver/Src/stm32f4xx_hal_rcc.o
 .debug_ranges  0x0000000000000518       0x68 Drivers/STM32F4xx_HAL_Driver/Src/stm32f4xx_hal_rcc_ex.o
 .debug_ranges  0x0000000000000580      0x398 Drivers/STM32F4xx_HAL_Driver/Src/stm32f4xx_hal_tim.o
 .debug_ranges  0x0000000000000918      0x140 Drivers/STM32F4xx_HAL_Driver/Src/stm32f4xx_hal_tim_ex.o
 .debug_ranges  0x0000000000000a58      0x1c0 Drivers/STM32F4xx_HAL_Driver/Src/stm32f4xx_hal_uart.o
 .debug_ranges  0x0000000000000c18      0x188 Drivers/STM32F4xx_HAL_Driver/Src/stm32f4xx_ll_usb.o
 .debug_ranges  0x0000000000000da0       0x58 Middlewares/ST/STM32_USB_Device_Library/Class/HID/Src/usbd_hid.o
 .debug_ranges  0x0000000000000df8       0xa8 Middlewares/ST/STM32_USB_Device_Library/Core/Src/usbd_core.o
 .debug_ranges  0x0000000000000ea0       0x80 Middlewares/ST/STM32_USB_Device_Library/Core/Src/usbd_ctlreq.o
 .debug_ranges  0x0000000000000f20       0x40 Middlewares/ST/STM32_USB_Device_Library/Core/Src/usbd_ioreq.o
 .debug_ranges  0x0000000000000f60       0x30 Middlewares/Third_Party/FreeRTOS/Source/list.o
 .debug_ranges  0x0000000000000f90      0x1e8 Middlewares/Third_Party/FreeRTOS/Source/tasks.o
 .debug_ranges  0x0000000000001178       0x70 Middlewares/Third_Party/FreeRTOS/Source/portable/GCC/ARM_CM4F/port.o
 .debug_ranges  0x00000000000011e8       0x10 USB_DEVICE/App/usb_device.o
 .debug_ranges  0x00000000000011f8       0x58 USB_DEVICE/App/usbd_desc.o
 .debug_ranges  0x0000000000001250       0xf8 USB_DEVICE/Target/usbd_conf.o

.debug_macro    0x0000000000000000     0x5e13
 .debug_macro   0x0000000000000000      0x4b7 Core/Src/main.o
 .debug_macro   0x00000000000004b7      0x137 Core/Src/main.o
 .debug_macro   0x00000000000005ee       0x66 Core/Src/main.o
 .debug_macro   0x0000000000000654       0x74 Core/Src/main.o
 .debug_macro   0x00000000000006c8       0xdd Core/Src/main.o
 .debug_macro   0x00000000000007a5       0x52 Core/Src/main.o
 .debug_macro   0x00000000000007f7       0x18 Core/Src/main.o
 .debug_macro   0x000000000000080f       0x3c Core/Src/main.o
 .debug_macro   0x000000000000084b       0x34 Core/Src/main.o
 .debug_macro   0x000000000000087f       0x16 Core/Src/main.o
 .debug_macro   0x0000000000000895       0x35 Core/Src/main.o
 .debug_macro   0x00000000000008ca      0x333 Core/Src/main.o
 .debug_macro   0x0000000000000bfd       0x10 Core/Src/main.o
 .debug_macro   0x0000000000000c0d       0x16 Core/Src/main.o
 .debug_macro   0x0000000000000c23       0x43 Core/Src/main.o
 .debug_macro   0x0000000000000c66       0x34 Core/Src/main.o
 .debug_macro   0x0000000000000c9a       0x10 Core/Src/main.o
 .debug_macro   0x0000000000000caa       0x58 Core/Src/main.o
 .debug_macro   0x0000000000000d02       0x71 Core/Src/main.o
 .debug_macro   0x0000000000000d73       0x1c Core/Src/main.o
 .debug_macro   0x0000000000000d8f      0x12a Core/Src/main.o
 .debug_macro   0x0000000000000eb9       0x10 Core/Src/main.o
 .debug_macro   0x0000000000000ec9       0x1c Core/Src/main.o
 .debug_macro   0x0000000000000ee5       0x52 Core/Src/main.o
 .debug_macro   0x0000000000000f37       0x22 Core/Src/main.o
 .debug_macro   0x0000000000000f59       0x10 Core/Src/main.o
 .debug_macro   0x0000000000000f69       0x40 Core/Src/main.o
 .debug_macro   0x0000000000000fa9       0xd5 Core/Src/main.o
 .debug_macro   0x000000000000107e       0x1c Core/Src/main.o
 .debug_macro   0x000000000000109a       0x3d Core/Src/main.o
 .debug_macro   0x00000000000010d7       0x16 Core/Src/main.o
 .debug_macro   0x00000000000010ed      0x145 Core/Src/main.o
 .debug_macro   0x0000000000001232       0x16 Core/Src/main.o
 .debug_macro   0x0000000000001248       0x16 Core/Src/main.o
 .debug_macro   0x000000000000125e       0x29 Core/Src/main.o
 .debug_macro   0x0000000000001287       0x16 Core/Src/main.o
 .debug_macro   0x000000000000129d       0x20 Core/Src/main.o
 .debug_macro   0x00000000000012bd       0x6b Core/Src/main.o
 .debug_macro   0x0000000000001328      0x1c4 Core/Src/main.o
 .debug_macro   0x00000000000014ec       0x5e Core/Src/main.o
 .debug_macro   0x000000000000154a      0x201 Core/Src/stm32f4xx_hal_msp.o
 .debug_macro   0x000000000000174b      0x1f2 Core/Src/stm32f4xx_hal_timebase_tim.o
 .debug_macro   0x000000000000193d      0x20b Core/Src/stm32f4xx_it.o
 .debug_macro   0x0000000000001b48       0xff Core/Src/sysmem.o
 .debug_macro   0x0000000000001c47      0x23b Core/Src/sysmem.o
 .debug_macro   0x0000000000001e82      0x1f8 Core/Src/system_stm32f4xx.o
 .debug_macro   0x000000000000207a      0x252 Drivers/STM32F4xx_HAL_Driver/Src/stm32f4xx_hal.o
 .debug_macro   0x00000000000022cc      0x1f2 Drivers/STM32F4xx_HAL_Driver/Src/stm32f4xx_hal_cortex.o
 .debug_macro   0x00000000000024be      0x228 Drivers/STM32F4xx_HAL_Driver/Src/stm32f4xx_hal_gpio.o
 .debug_macro   0x00000000000026e6      0x1fe Drivers/STM32F4xx_HAL_Driver/Src/stm32f4xx_hal_pcd.o
 .debug_macro   0x00000000000028e4      0x1f2 Drivers/STM32F4xx_HAL_Driver/Src/stm32f4xx_hal_pcd_ex.o
 .debug_macro   0x0000000000002ad6      0x216 Drivers/STM32F4xx_HAL_Driver/Src/stm32f4xx_hal_rcc.o
 .debug_macro   0x0000000000002cec      0x1f2 Drivers/STM32F4xx_HAL_Driver/Src/stm32f4xx_hal_rcc_ex.o
 .debug_macro   0x0000000000002ede      0x1f3 Drivers/STM32F4xx_HAL_Driver/Src/stm32f4xx_hal_tim.o
 .debug_macro   0x00000000000030d1      0x1f2 Drivers/STM32F4xx_HAL_Driver/Src/stm32f4xx_hal_tim_ex.o
 .debug_macro   0x00000000000032c3      0x1f3 Drivers/STM32F4xx_HAL_Driver/Src/stm32f4xx_hal_uart.o
 .debug_macro   0x00000000000034b6      0x1f2 Drivers/STM32F4xx_HAL_Driver/Src/stm32f4xx_ll_usb.o
 .debug_macro   0x00000000000036a8      0x417 Middlewares/ST/STM32_USB_Device_Library/Class/HID/Src/usbd_hid.o
 .debug_macro   0x0000000000003abf       0x97 Middlewares/ST/STM32_USB_Device_Library/Class/HID/Src/usbd_hid.o
 .debug_macro   0x0000000000003b56       0xfd Middlewares/ST/STM32_USB_Device_Library/Class/HID/Src/usbd_hid.o
 .debug_macro   0x0000000000003c53       0xd9 Middlewares/ST/STM32_USB_Device_Library/Class/HID/Src/usbd_hid.o
 .debug_macro   0x0000000000003d2c       0x54 Middlewares/ST/STM32_USB_Device_Library/Class/HID/Src/usbd_hid.o
 .debug_macro   0x0000000000003d80      0x3fe Middlewares/ST/STM32_USB_Device_Library/Core/Src/usbd_core.o