Archive member included to satisfy reference by file (symbol)

c:/st/stm32cubeide_1.4.0/stm32cubeide/plugins/com.st.stm32cube.ide.mcu.externaltools.gnu-tools-for-stm32.9-2020-q2-update.win32_1.5.0.202011040924/tools/bin/../lib/gcc/arm-none-eabi/9.3.1/../../../../arm-none-eabi/lib/thumb/v7e-m+fp/hard\libc_nano.a(lib_a-errno.o)
                              Core/Src/syscalls.o (__errno)
c:/st/stm32cubeide_1.4.0/stm32cubeide/plugins/com.st.stm32cube.ide.mcu.externaltools.gnu-tools-for-stm32.9-2020-q2-update.win32_1.5.0.202011040924/tools/bin/../lib/gcc/arm-none-eabi/9.3.1/../../../../arm-none-eabi/lib/thumb/v7e-m+fp/hard\libc_nano.a(lib_a-exit.o)
                              c:/st/stm32cubeide_1.4.0/stm32cubeide/plugins/com.st.stm32cube.ide.mcu.externaltools.gnu-tools-for-stm32.9-2020-q2-update.win32_1.5.0.202011040924/tools/bin/../lib/gcc/arm-none-eabi/9.3.1/../../../../arm-none-eabi/lib/thumb/v7e-m+fp/hard/crt0.o (exit)
c:/st/stm32cubeide_1.4.0/stm32cubeide/plugins/com.st.stm32cube.ide.mcu.externaltools.gnu-tools-for-stm32.9-2020-q2-update.win32_1.5.0.202011040924/tools/bin/../lib/gcc/arm-none-eabi/9.3.1/../../../../arm-none-eabi/lib/thumb/v7e-m+fp/hard\libc_nano.a(lib_a-impure.o)
                              c:/st/stm32cubeide_1.4.0/stm32cubeide/plugins/com.st.stm32cube.ide.mcu.externaltools.gnu-tools-for-stm32.9-2020-q2-update.win32_1.5.0.202011040924/tools/bin/../lib/gcc/arm-none-eabi/9.3.1/../../../../arm-none-eabi/lib/thumb/v7e-m+fp/hard\libc_nano.a(lib_a-exit.o) (_global_impure_ptr)
c:/st/stm32cubeide_1.4.0/stm32cubeide/plugins/com.st.stm32cube.ide.mcu.externaltools.gnu-tools-for-stm32.9-2020-q2-update.win32_1.5.0.202011040924/tools/bin/../lib/gcc/arm-none-eabi/9.3.1/../../../../arm-none-eabi/lib/thumb/v7e-m+fp/hard\libc_nano.a(lib_a-init.o)
                              c:/st/stm32cubeide_1.4.0/stm32cubeide/plugins/com.st.stm32cube.ide.mcu.externaltools.gnu-tools-for-stm32.9-2020-q2-update.win32_1.5.0.202011040924/tools/bin/../lib/gcc/arm-none-eabi/9.3.1/../../../../arm-none-eabi/lib/thumb/v7e-m+fp/hard/crt0.o (__libc_init_array)
c:/st/stm32cubeide_1.4.0/stm32cubeide/plugins/com.st.stm32cube.ide.mcu.externaltools.gnu-tools-for-stm32.9-2020-q2-update.win32_1.5.0.202011040924/tools/bin/../lib/gcc/arm-none-eabi/9.3.1/../../../../arm-none-eabi/lib/thumb/v7e-m+fp/hard\libc_nano.a(lib_a-malloc.o)
                              Middlewares/ST/STM32_USB_Device_Library/Class/HID/Src/usbd_hid.o (malloc)
c:/st/stm32cubeide_1.4.0/stm32cubeide/plugins/com.st.stm32cube.ide.mcu.externaltools.gnu-tools-for-stm32.9-2020-q2-update.win32_1.5.0.202011040924/tools/bin/../lib/gcc/arm-none-eabi/9.3.1/../../../../arm-none-eabi/lib/thumb/v7e-m+fp/hard\libc_nano.a(lib_a-memcpy-stub.o)
                              Middlewares/Third_Party/FreeRTOS/Source/CMSIS_RTOS_V2/cmsis_os2.o (memcpy)
c:/st/stm32cubeide_1.4.0/stm32cubeide/plugins/com.st.stm32cube.ide.mcu.externaltools.gnu-tools-for-stm32.9-2020-q2-update.win32_1.5.0.202011040924/tools/bin/../lib/gcc/arm-none-eabi/9.3.1/../../../../arm-none-eabi/lib/thumb/v7e-m+fp/hard\libc_nano.a(lib_a-memset.o)
                              c:/st/stm32cubeide_1.4.0/stm32cubeide/plugins/com.st.stm32cube.ide.mcu.externaltools.gnu-tools-for-stm32.9-2020-q2-update.win32_1.5.0.202011040924/tools/bin/../lib/gcc/arm-none-eabi/9.3.1/../../../../arm-none-eabi/lib/thumb/v7e-m+fp/hard/crt0.o (memset)
c:/st/stm32cubeide_1.4.0/stm32cubeide/plugins/com.st.stm32cube.ide.mcu.externaltools.gnu-tools-for-stm32.9-2020-q2-update.win32_1.5.0.202011040924/tools/bin/../lib/gcc/arm-none-eabi/9.3.1/../../../../arm-none-eabi/lib/thumb/v7e-m+fp/hard\libc_nano.a(lib_a-nano-freer.o)
                              c:/st/stm32cubeide_1.4.0/stm32cubeide/plugins/com.st.stm32cube.ide.mcu.externaltools.gnu-tools-for-stm32.9-2020-q2-update.win32_1.5.0.202011040924/tools/bin/../lib/gcc/arm-none-eabi/9.3.1/../../../../arm-none-eabi/lib/thumb/v7e-m+fp/hard\libc_nano.a(lib_a-malloc.o) (_free_r)
c:/st/stm32cubeide_1.4.0/stm32cubeide/plugins/com.st.stm32cube.ide.mcu.externaltools.gnu-tools-for-stm32.9-2020-q2-update.win32_1.5.0.202011040924/tools/bin/../lib/gcc/arm-none-eabi/9.3.1/../../../../arm-none-eabi/lib/thumb/v7e-m+fp/hard\libc_nano.a(lib_a-nano-mallocr.o)
                              c:/st/stm32cubeide_1.4.0/stm32cubeide/plugins/com.st.stm32cube.ide.mcu.externaltools.gnu-tools-for-stm32.9-2020-q2-update.win32_1.5.0.202011040924/tools/bin/../lib/gcc/arm-none-eabi/9.3.1/../../../../arm-none-eabi/lib/thumb/v7e-m+fp/hard\libc_nano.a(lib_a-malloc.o) (_malloc_r)
c:/st/stm32cubeide_1.4.0/stm32cubeide/plugins/com.st.stm32cube.ide.mcu.externaltools.gnu-tools-for-stm32.9-2020-q2-update.win32_1.5.0.202011040924/tools/bin/../lib/gcc/arm-none-eabi/9.3.1/../../../../arm-none-eabi/lib/thumb/v7e-m+fp/hard\libc_nano.a(lib_a-sbrkr.o)
[...]
Memory Configuration

Name             Origin             Length             Attributes
RAM              0x0000000020000000 0x0000000000020000 xrw
FLASH            0x0000000008000000 0x0000000000080000 xr
*default*        0x0000000000000000 0xffffffffffffffff

Linker script and memory map

LOAD c:/st/stm32cubeide_1.4.0/stm32cubeide/plugins/com.st.stm32cube.ide.mcu.externaltools.gnu-tools-for-stm32.9-2020-q2-update.win32_1.5.0.202011040924/tools/bin/../lib/gcc/arm-none-eabi/9.3.1/thumb/v7e-m+fp/hard/crti.o
LOAD c:/st/stm32cubeide_1.4.0/stm32cubeide/plugins/com.st.stm32cube.ide.mcu.externaltools.gnu-tools-for-stm32.9-2020-q2-update.win32_1.5.0.202011040924/tools/bin/../lib/gcc/arm-none-eabi/9.3.1/thumb/v7e-m+fp/hard/crtbegin.o
LOAD c:/st/stm32cubeide_1.4.0/stm32cubeide/plugins/com.st.stm32cube.ide.mcu.externaltools.gnu-tools-for-stm32.9-2020-q2-update.win32_1.5.0.202011040924/tools/bin/../lib/gcc/arm-none-eabi/9.3.1/../../../../arm-none-eabi/lib/thumb/v7e-m+fp/hard/crt0.o
LOAD Core/Src/freertos.o
LOAD Core/Src/main.o
LOAD Core/Src/stm32f4xx_hal_msp.o
LOAD Core/Src/stm32f4xx_hal_timebase_tim.o
LOAD Core/Src/stm32f4xx_it.o
LOAD Core/Src/syscalls.o
LOAD Core/Src/sysmem.o
LOAD Core/Src/system_stm32f4xx.o
LOAD Core/Startup/startup_stm32f446retx.o
LOAD Drivers/STM32F4xx_HAL_Driver/Src/stm32f4xx_hal.o
LOAD Drivers/STM32F4xx_HAL_Driver/Src/stm32f4xx_hal_cortex.o
LOAD Drivers/STM32F4xx_HAL_Driver/Src/stm32f4xx_hal_dma.o
LOAD Drivers/STM32F4xx_HAL_Driver/Src/stm32f4xx_hal_dma_ex.o
LOAD Drivers/STM32F4xx_HAL_Driver/Src/stm32f4xx_hal_exti.o
LOAD Drivers/STM32F4xx_HAL_Driver/Src/stm32f4xx_hal_flash.o
LOAD Drivers/STM32F4xx_HAL_Driver/Src/stm32f4xx_hal_flash_ex.o
LOAD Drivers/STM32F4xx_HAL_Driver/Src/stm32f4xx_hal_flash_ramfunc.o
LOAD Drivers/STM32F4xx_HAL_Driver/Src/stm32f4xx_hal_gpio.o
LOAD Drivers/STM32F4xx_HAL_Driver/Src/stm32f4xx_hal_pcd.o
LOAD Drivers/STM32F4xx_HAL_Driver/Src/stm32f4xx_hal_pcd_ex.o
LOAD Drivers/STM32F4xx_HAL_Driver/Src/stm32f4xx_hal_pwr.o
LOAD Drivers/STM32F4xx_HAL_Driver/Src/stm32f4xx_hal_pwr_ex.o
LOAD Drivers/STM32F4xx_HAL_Driver/Src/stm32f4xx_hal_rcc.o
LOAD Drivers/STM32F4xx_HAL_Driver/Src/stm32f4xx_hal_rcc_ex.o
LOAD Drivers/STM32F4xx_HAL_Driver/Src/stm32f4xx_hal_tim.o
LOAD Drivers/STM32F4xx_HAL_Driver/Src/stm32f4xx_hal_tim_ex.o
LOAD Drivers/STM32F4xx_HAL_Driver/Src/stm32f4xx_hal_uart.o
LOAD Drivers/STM32F4xx_HAL_Driver/Src/stm32f4xx_ll_usb.o
LOAD Middlewares/ST/STM32_USB_Device_Library/Class/HID/Src/usbd_hid.o
LOAD Middlewares/ST/STM32_USB_Device_Library/Core/Src/usbd_core.o
LOAD Middlewares/ST/STM32_USB_Device_Library/Core/Src/usbd_ctlreq.o
LOAD Middlewares/ST/STM32_USB_Device_Library/Core/Src/usbd_ioreq.o
LOAD Middlewares/Third_Party/FreeRTOS/Source/CMSIS_RTOS_V2/cmsis_os2.o
LOAD Middlewares/Third_Party/FreeRTOS/Source/croutine.o
LOAD Middlewares/Third_Party/FreeRTOS/Source/event_groups.o
LOAD Middlewares/Third_Party/FreeRTOS/Source/list.o
LOAD Middlewares/Third_Party/FreeRTOS/Source/queue.o
LOAD Middlewares/Third_Party/FreeRTOS/Source/stream_buffer.o
LOAD Middlewares/Third_Party/FreeRTOS/Source/tasks.o
LOAD Middlewares/Third_Party/FreeRTOS/Source/timers.o
LOAD Middlewares/Third_Party/FreeRTOS/Source/portable/GCC/ARM_CM4F/port.o
LOAD Middlewares/Third_Party/FreeRTOS/Source/portable/MemMang/heap_4.o
LOAD USB_DEVICE/App/usb_device.o
LOAD USB_DEVICE/App/usbd_desc.o
LOAD USB_DEVICE/Target/usbd_conf.o
START GROUP
LOAD c:/st/stm32cubeide_1.4.0/stm32cubeide/plugins/com.st.stm32cube.ide.mcu.externaltools.gnu-tools-for-stm32.9-2020-q2-update.win32_1.5.0.202011040924/tools/bin/../lib/gcc/arm-none-eabi/9.3.1/../../../../arm-none-eabi/lib/thumb/v7e-m+fp/hard\libc_nano.a
LOAD c:/st/stm32cubeide_1.4.0/stm32cubeide/plugins/com.st.stm32cube.ide.mcu.externaltools.gnu-tools-for-stm32.9-2020-q2-update.win32_1.5.0.202011040924/tools/bin/../lib/gcc/arm-none-eabi/9.3.1/../../../../arm-none-eabi/lib/thumb/v7e-m+fp/hard\libm.a
END GROUP
START GROUP
LOAD c:/st/stm32cubeide_1.4.0/stm32cubeide/plugins/com.st.stm32cube.ide.mcu.externaltools.gnu-tools-for-stm32.9-2020-q2-update.win32_1.5.0.202011040924/tools/bin/../lib/gcc/arm-none-eabi/9.3.1/thumb/v7e-m+fp/hard\libgcc.a
LOAD c:/st/stm32cubeide_1.4.0/stm32cubeide/plugins/com.st.stm32cube.ide.mcu.externaltools.gnu-tools-for-stm32.9-2020-q2-update.win32_1.5.0.202011040924/tools/bin/../lib/gcc/arm-none-eabi/9.3.1/../../../../arm-none-eabi/lib/thumb/v7e-m+fp/hard\libc_nano.a
END GROUP
START GROUP
LOAD c:/st/stm32cubeide_1.4.0/stm32cubeide/plugins/com.st.stm32cube.ide.mcu.externaltools.gnu-tools-for-stm32.9-2020-q2-update.win32_1.5.0.202011040924/tools/bin/../lib/gcc/arm-none-eabi/9.3.1/thumb/v7e-m+fp/hard\libgcc.a
LOAD c:/st/stm32cubeide_1.4.0/stm32cubeide/plugins/com.st.stm32cube.ide.mcu.externaltools.gnu-tools-for-stm32.9-2020-q2-update.win32_1.5.0.202011040924/tools/bin/../lib/gcc/arm-none-eabi/9.3.1/../../../../arm-none-eabi/lib/thumb/v7e-m+fp/hard\libc_nano.a
LOAD c:/st/stm32cubeide_1.4.0/stm32cubeide/plugins/com.st.stm32cube.ide.mcu.externaltools.gnu-tools-for-stm32.9-2020-q2-update.win32_1.5.0.202011040924/tools/bin/../lib/gcc/arm-none-eabi/9.3.1/../../../../arm-none-eabi/lib/thumb/v7e-m+fp/hard\libnosys.a
END GROUP
START GROUP
LOAD c:/st/stm32cubeide_1.4.0/stm32cubeide/plugins/com.st.stm32cube.ide.mcu.externaltools.gnu-tools-for-stm32.9-2020-q2-update.win32_1.5.0.202011040924/tools/bin/../lib/gcc/arm-none-eabi/9.3.1/thumb/v7e-m+fp/hard\libgcc.a
LOAD c:/st/stm32cubeide_1.4.0/stm32cubeide/plugins/com.st.stm32cube.ide.mcu.externaltools.gnu-tools-for-stm32.9-2020-q2-update.win32_1.5.0.202011040924/tools/bin/../lib/gcc/arm-none-eabi/9.3.1/../../../../arm-none-eabi/lib/thumb/v7e-m+fp/hard\libc_nano.a
LOAD c:/st/stm32cubeide_1.4.0/stm32cubeide/plugins/com.st.stm32cube.ide.mcu.externaltools.gnu-tools-for-stm32.9-2020-q2-update.win32_1.5.0.202011040924/tools/bin/../lib/gcc/arm-none-eabi/9.3.1/../../../../arm-none-eabi/lib/thumb/v7e-m+fp/hard\libnosys.a
END GROUP
LOAD c:/st/stm32cubeide_1.4.0/stm32cubeide/plugins/com.st.stm32cube.ide.mcu.externaltools.gnu-tools-for-stm32.9-2020-q2-update.win32_1.5.0.202011040924/tools/bin/../lib/gcc/arm-none-eabi/9.3.1/thumb/v7e-m+fp/hard/crtend.o
LOAD c:/st/stm32cubeide_1.4.0/stm32cubeide/plugins/com.st.stm32cube.ide.mcu.externaltools.gnu-tools-for-stm32.9-2020-q2-update.win32_1.5.0.202011040924/tools/bin/../lib/gcc/arm-none-eabi/9.3.1/thumb/v7e-m+fp/hard/crtn.o
                0x0000000020020000                _estack = (ORIGIN (RAM) + LENGTH (RAM))
                0x0000000000000200                _Min_Heap_Size = 0x200
                0x0000000000000400                _Min_Stack_Size = 0x400

.isr_vector     0x0000000008000000      0x1c4
                0x0000000008000000                . = ALIGN (0x4)
 *(.isr_vector)
 .isr_vector    0x0000000008000000      0x1c4 Core/Startup/startup_stm32f446retx.o
                0x0000000008000000                g_pfnVectors
                0x00000000080001c4                . = ALIGN (0x4)

.text           0x00000000080001d0     0xa2a4
                0x00000000080001d0                . = ALIGN (0x4)
 *(.text)
 .text          0x00000000080001d0       0x40 c:/st/stm32cubeide_1.4.0/stm32cubeide/plugins/com.st.stm32cube.ide.mcu.externaltools.gnu-tools-for-stm32.9-2020-q2-update.win32_1.5.0.202011040924/tools/bin/../lib/gcc/arm-none-eabi/9.3.1/thumb/v7e-m+fp/hard/crtbegin.o
 .text          0x0000000008000210       0x30 c:/st/stm32cubeide_1.4.0/stm32cubeide/plugins/com.st.stm32cube.ide.mcu.externaltools.gnu-tools-for-stm32.9-2020-q2-update.win32_1.5.0.202011040924/tools/bin/../lib/gcc/arm-none-eabi/9.3.1/thumb/v7e-m+fp/hard\libgcc.a(_aeabi_uldivmod.o)
                0x0000000008000210                __aeabi_uldivmod
 .text          0x0000000008000240      0x2c4 c:/st/stm32cubeide_1.4.0/stm32cubeide/plugins/com.st.stm32cube.ide.mcu.externaltools.gnu-tools-for-stm32.9-2020-q2-update.win32_1.5.0.202011040924/tools/bin/../lib/gcc/arm-none-eabi/9.3.1/thumb/v7e-m+fp/hard\libgcc.a(_udivmoddi4.o)
                0x0000000008000240                __udivmoddi4
 .text          0x0000000008000504        0x4 c:/st/stm32cubeide_1.4.0/stm32cubeide/plugins/com.st.stm32cube.ide.mcu.externaltools.gnu-tools-for-stm32.9-2020-q2-update.win32_1.5.0.202011040924/tools/bin/../lib/gcc/arm-none-eabi/9.3.1/thumb/v7e-m+fp/hard\libgcc.a(_dvmd_tls.o)
                0x0000000008000504                __aeabi_idiv0
                0x0000000008000504                __aeabi_ldiv0
 *(.text*)
 .text.main     0x0000000008000508       0x44 Core/Src/main.o
                0x0000000008000508                main
 .text.SystemClock_Config
                0x000000000800054c      0x114 Core/Src/main.o
                0x000000000800054c                SystemClock_Config
 .text.MX_USART2_UART_Init
                0x0000000008000660       0x54 Core/Src/main.o
 .text.MX_USART3_UART_Init
                0x00000000080006b4       0x54 Core/Src/main.o
 .text.MX_GPIO_Init
                0x0000000008000708       0xe0 Core/Src/main.o
 .text.threadLed
                0x00000000080007e8       0x20 Core/Src/main.o
                0x00000000080007e8                threadLed
 .text.threadOne
                0x0000000008000808       0x34 Core/Src/main.o
                0x0000000008000808                threadOne
 .text.HAL_TIM_PeriodElapsedCallback
                0x000000000800083c       0x1e Core/Src/main.o
                0x000000000800083c                HAL_TIM_PeriodElapsedCallback
 .text.Error_Handler
                0x000000000800085a        0xa Core/Src/main.o
                0x000000000800085a                Error_Handler
 .text.HAL_MspInit
                0x0000000008000864       0x58 Core/Src/stm32f4xx_hal_msp.o
                0x0000000008000864                HAL_MspInit
 .text.HAL_UART_MspInit
                0x00000000080008bc      0x13c Core/Src/stm32f4xx_hal_msp.o
                0x00000000080008bc                HAL_UART_MspInit
 .text.HAL_InitTick
                0x00000000080009f8       0xb4 Core/Src/stm32f4xx_hal_timebase_tim.o
                0x00000000080009f8                HAL_InitTick
 .text.NMI_Handler
                0x0000000008000aac        0x6 Core/Src/stm32f4xx_it.o
                0x0000000008000aac                NMI_Handler
 .text.HardFault_Handler
                0x0000000008000ab2        0x6 Core/Src/stm32f4xx_it.o
                0x0000000008000ab2                HardFault_Handler
 .text.MemManage_Handler
                0x0000000008000ab8        0x6 Core/Src/stm32f4xx_it.o
                0x0000000008000ab8                MemManage_Handler
 .text.BusFault_Handler
                0x0000000008000abe        0x6 Core/Src/stm32f4xx_it.o
                0x0000000008000abe                BusFault_Handler
 .text.UsageFault_Handler
                0x0000000008000ac4        0x6 Core/Src/stm32f4xx_it.o
                0x0000000008000ac4                UsageFault_Handler
 .text.DebugMon_Handler
                0x0000000008000aca        0xe Core/Src/stm32f4xx_it.o
                0x0000000008000aca                DebugMon_Handler
 .text.TIM2_IRQHandler
                0x0000000008000ad8       0x14 Core/Src/stm32f4xx_it.o
                0x0000000008000ad8                TIM2_IRQHandler
 .text.OTG_FS_IRQHandler
                0x0000000008000aec       0x14 Core/Src/stm32f4xx_it.o
                0x0000000008000aec                OTG_FS_IRQHandler
 .text._sbrk    0x0000000008000b00       0x6c Core/Src/sysmem.o
                0x0000000008000b00                _sbrk
 .text.SystemInit
                0x0000000008000b6c       0x2c Core/Src/system_stm32f4xx.o
                0x0000000008000b6c                SystemInit
 .text.Reset_Handler
                0x0000000008000b98       0x50 Core/Startup/startup_stm32f446retx.o
                0x0000000008000b98                Reset_Handler
 .text.Default_Handler
                0x0000000008000be8        0x2 Core/Startup/startup_stm32f446retx.o
                0x0000000008000be8                RTC_Alarm_IRQHandler
                0x0000000008000be8                EXTI2_IRQHandler
                0x0000000008000be8                TIM8_CC_IRQHandler
                0x0000000008000be8                FMPI2C1_EV_IRQHandler
                0x0000000008000be8                SPI4_IRQHandler
                0x0000000008000be8                TIM1_CC_IRQHandler
                0x0000000008000be8                DMA2_Stream5_IRQHandler
                0x0000000008000be8                DMA1_Stream5_IRQHandler
                0x0000000008000be8                PVD_IRQHandler
                0x0000000008000be8                SDIO_IRQHandler
                0x0000000008000be8                TAMP_STAMP_IRQHandler
                0x0000000008000be8                CAN2_RX1_IRQHandler
                0x0000000008000be8                EXTI3_IRQHandler
                0x0000000008000be8                TIM8_TRG_COM_TIM14_IRQHandler
                0x0000000008000be8                TIM1_UP_TIM10_IRQHandler
                0x0000000008000be8                TIM8_UP_TIM13_IRQHandler
                0x0000000008000be8                I2C3_ER_IRQHandler
                0x0000000008000be8                EXTI0_IRQHandler
                0x0000000008000be8                I2C2_EV_IRQHandler
                0x0000000008000be8                DMA1_Stream2_IRQHandler
                0x0000000008000be8                CAN1_RX0_IRQHandler
                0x0000000008000be8                FPU_IRQHandler
                0x0000000008000be8                OTG_HS_WKUP_IRQHandler
                0x0000000008000be8                CAN2_SCE_IRQHandler
                0x0000000008000be8                DMA2_Stream2_IRQHandler
                0x0000000008000be8                SPI1_IRQHandler
                0x0000000008000be8                TIM6_DAC_IRQHandler
                0x0000000008000be8                TIM1_BRK_TIM9_IRQHandler
                0x0000000008000be8                DCMI_IRQHandler
                0x0000000008000be8                CAN2_RX0_IRQHandler
                0x0000000008000be8                DMA2_Stream3_IRQHandler
                0x0000000008000be8                SAI2_IRQHandler
                0x0000000008000be8                USART6_IRQHandler
                0x0000000008000be8                USART3_IRQHandler
                0x0000000008000be8                CAN1_RX1_IRQHandler
                0x0000000008000be8                UART5_IRQHandler
                0x0000000008000be8                DMA2_Stream0_IRQHandler
                0x0000000008000be8                TIM4_IRQHandler
                0x0000000008000be8                QUADSPI_IRQHandler
                0x0000000008000be8                I2C1_EV_IRQHandler
                0x0000000008000be8                DMA1_Stream6_IRQHandler
                0x0000000008000be8                DMA1_Stream1_IRQHandler
                0x0000000008000be8                UART4_IRQHandler
                0x0000000008000be8                TIM3_IRQHandler
                0x0000000008000be8                RCC_IRQHandler
                0x0000000008000be8                TIM8_BRK_TIM12_IRQHandler
                0x0000000008000be8                Default_Handler
                0x0000000008000be8                CEC_IRQHandler
                0x0000000008000be8                EXTI15_10_IRQHandler
                0x0000000008000be8                ADC_IRQHandler
                0x0000000008000be8                DMA1_Stream7_IRQHandler
                0x0000000008000be8                TIM7_IRQHandler
                0x0000000008000be8                CAN2_TX_IRQHandler
                0x0000000008000be8                TIM5_IRQHandler
                0x0000000008000be8                DMA2_Stream7_IRQHandler
                0x0000000008000be8                I2C3_EV_IRQHandler
                0x0000000008000be8                EXTI9_5_IRQHandler
                0x0000000008000be8                RTC_WKUP_IRQHandler
                0x0000000008000be8                SPDIF_RX_IRQHandler
                0x0000000008000be8                SPI2_IRQHandler
                0x0000000008000be8                OTG_HS_EP1_IN_IRQHandler
                0x0000000008000be8                DMA1_Stream0_IRQHandler
                0x0000000008000be8                CAN1_TX_IRQHandler
                0x0000000008000be8                FMPI2C1_ER_IRQHandler
                0x0000000008000be8                EXTI4_IRQHandler
                0x0000000008000be8                OTG_HS_EP1_OUT_IRQHandler
                0x0000000008000be8                WWDG_IRQHandler
                0x0000000008000be8                OTG_FS_WKUP_IRQHandler
                0x0000000008000be8                TIM1_TRG_COM_TIM11_IRQHandler
                0x0000000008000be8                OTG_HS_IRQHandler
                0x0000000008000be8                EXTI1_IRQHandler
                0x0000000008000be8                USART2_IRQHandler
                0x0000000008000be8                I2C2_ER_IRQHandler
                0x0000000008000be8                DMA2_Stream1_IRQHandler
                0x0000000008000be8                CAN1_SCE_IRQHandler
                0x0000000008000be8                FLASH_IRQHandler
                0x0000000008000be8                DMA2_Stream4_IRQHandler
                0x0000000008000be8                USART1_IRQHandler
                0x0000000008000be8                SPI3_IRQHandler
                0x0000000008000be8                DMA1_Stream4_IRQHandler
                0x0000000008000be8                I2C1_ER_IRQHandler
                0x0000000008000be8                FMC_IRQHandler
                0x0000000008000be8                DMA2_Stream6_IRQHandler
                0x0000000008000be8                SAI1_IRQHandler
                0x0000000008000be8                DMA1_Stream3_IRQHandler
 *fill*         0x0000000008000bea        0x2 
 .text.HAL_Init
                0x0000000008000bec       0x44 Drivers/STM32F4xx_HAL_Driver/Src/stm32f4xx_hal.o
                0x0000000008000bec                HAL_Init
 .text.HAL_IncTick
                0x0000000008000c30       0x28 Drivers/STM32F4xx_HAL_Driver/Src/stm32f4xx_hal.o
                0x0000000008000c30                HAL_IncTick
 .text.HAL_GetTick
                0x0000000008000c58       0x18 Drivers/STM32F4xx_HAL_Driver/Src/stm32f4xx_hal.o
                0x0000000008000c58                HAL_GetTick
 .text.HAL_Delay
                0x0000000008000c70       0x48 Drivers/STM32F4xx_HAL_Driver/Src/stm32f4xx_hal.o
                0x0000000008000c70                HAL_Delay
 .text.__NVIC_SetPriorityGrouping
                0x0000000008000cb8       0x48 Drivers/STM32F4xx_HAL_Driver/Src/stm32f4xx_hal_cortex.o
 .text.__NVIC_GetPriorityGrouping
                0x0000000008000d00       0x1c Drivers/STM32F4xx_HAL_Driver/Src/stm32f4xx_hal_cortex.o
 .text.__NVIC_EnableIRQ
                0x0000000008000d1c       0x3c Drivers/STM32F4xx_HAL_Driver/Src/stm32f4xx_hal_cortex.o
 .text.__NVIC_SetPriority
                0x0000000008000d58       0x54 Drivers/STM32F4xx_HAL_Driver/Src/stm32f4xx_hal_cortex.o
 .text.NVIC_EncodePriority
                0x0000000008000dac       0x66 Drivers/STM32F4xx_HAL_Driver/Src/stm32f4xx_hal_cortex.o
 .text.HAL_NVIC_SetPriorityGrouping
                0x0000000008000e12       0x16 Drivers/STM32F4xx_HAL_Driver/Src/stm32f4xx_hal_cortex.o
                0x0000000008000e12                HAL_NVIC_SetPriorityGrouping
 .text.HAL_NVIC_SetPriority
                0x0000000008000e28       0x38 Drivers/STM32F4xx_HAL_Driver/Src/stm32f4xx_hal_cortex.o
                0x0000000008000e28                HAL_NVIC_SetPriority
 .text.HAL_NVIC_EnableIRQ
                0x0000000008000e60       0x1c Drivers/STM32F4xx_HAL_Driver/Src/stm32f4xx_hal_cortex.o
                0x0000000008000e60                HAL_NVIC_EnableIRQ
 .text.HAL_GPIO_Init
                0x0000000008000e7c      0x328 Drivers/STM32F4xx_HAL_Driver/Src/stm32f4xx_hal_gpio.o
                0x0000000008000e7c                HAL_GPIO_Init
 .text.HAL_GPIO_WritePin
                0x00000000080011a4       0x32 Drivers/STM32F4xx_HAL_Driver/Src/stm32f4xx_hal_gpio.o
                0x00000000080011a4                HAL_GPIO_WritePin
 .text.HAL_GPIO_TogglePin
                0x00000000080011d6       0x36 Drivers/STM32F4xx_HAL_Driver/Src/stm32f4xx_hal_gpio.o
                0x00000000080011d6                HAL_GPIO_TogglePin
 .text.HAL_PCD_Init
                0x000000000800120c      0x248 Drivers/STM32F4xx_HAL_Driver/Src/stm32f4xx_hal_pcd.o
                0x000000000800120c                HAL_PCD_Init
 .text.HAL_PCD_Start
                0x0000000008001454       0x66 Drivers/STM32F4xx_HAL_Driver/Src/stm32f4xx_hal_pcd.o
                0x0000000008001454                HAL_PCD_Start
 .text.HAL_PCD_IRQHandler
                0x00000000080014ba      0x7be Drivers/STM32F4xx_HAL_Driver/Src/stm32f4xx_hal_pcd.o
                0x00000000080014ba                HAL_PCD_IRQHandler
 .text.HAL_PCD_SetAddress
                0x0000000008001c78       0x4a Drivers/STM32F4xx_HAL_Driver/Src/stm32f4xx_hal_pcd.o
                0x0000000008001c78                HAL_PCD_SetAddress
 .text.HAL_PCD_EP_Open
                0x0000000008001cc2       0xd0 Drivers/STM32F4xx_HAL_Driver/Src/stm32f4xx_hal_pcd.o
                0x0000000008001cc2                HAL_PCD_EP_Open
 .text.HAL_PCD_EP_Close
                0x0000000008001d92       0x94 Drivers/STM32F4xx_HAL_Driver/Src/stm32f4xx_hal_pcd.o
                0x0000000008001d92                HAL_PCD_EP_Close
 .text.HAL_PCD_EP_Receive
                0x0000000008001e26       0x96 Drivers/STM32F4xx_HAL_Driver/Src/stm32f4xx_hal_pcd.o
                0x0000000008001e26                HAL_PCD_EP_Receive
 .text.HAL_PCD_EP_Transmit
                0x0000000008001ebc       0x94 Drivers/STM32F4xx_HAL_Driver/Src/stm32f4xx_hal_pcd.o
                0x0000000008001ebc                HAL_PCD_EP_Transmit
 .text.HAL_PCD_EP_SetStall
                0x0000000008001f50       0xc8 Drivers/STM32F4xx_HAL_Driver/Src/stm32f4xx_hal_pcd.o
                0x0000000008001f50                HAL_PCD_EP_SetStall
 .text.HAL_PCD_EP_ClrStall
                0x0000000008002018       0xac Drivers/STM32F4xx_HAL_Driver/Src/stm32f4xx_hal_pcd.o
                0x0000000008002018                HAL_PCD_EP_ClrStall
 .text.PCD_WriteEmptyTxFifo
                0x00000000080020c4      0x11a Drivers/STM32F4xx_HAL_Driver/Src/stm32f4xx_hal_pcd.o
 *fill*         0x00000000080021de        0x2 
 .text.PCD_EP_OutXfrComplete_int
                0x00000000080021e0      0x218 Drivers/STM32F4xx_HAL_Driver/Src/stm32f4xx_hal_pcd.o
 .text.PCD_EP_OutSetupPacket_int
                0x00000000080023f8       0x8c Drivers/STM32F4xx_HAL_Driver/Src/stm32f4xx_hal_pcd.o
 .text.HAL_PCDEx_SetTxFiFo
                0x0000000008002484       0x8e Drivers/STM32F4xx_HAL_Driver/Src/stm32f4xx_hal_pcd_ex.o
                0x0000000008002484                HAL_PCDEx_SetTxFiFo
 .text.HAL_PCDEx_SetRxFiFo
                0x0000000008002512       0x22 Drivers/STM32F4xx_HAL_Driver/Src/stm32f4xx_hal_pcd_ex.o
                0x0000000008002512                HAL_PCDEx_SetRxFiFo
 .text.HAL_PCDEx_ActivateLPM
                0x0000000008002534       0x48 Drivers/STM32F4xx_HAL_Driver/Src/stm32f4xx_hal_pcd_ex.o
                0x0000000008002534                HAL_PCDEx_ActivateLPM
 .text.HAL_RCC_ClockConfig
                0x000000000800257c      0x1cc Drivers/STM32F4xx_HAL_Driver/Src/stm32f4xx_hal_rcc.o
                0x000000000800257c                HAL_RCC_ClockConfig
 .text.HAL_RCC_GetHCLKFreq
                0x0000000008002748       0x18 Drivers/STM32F4xx_HAL_Driver/Src/stm32f4xx_hal_rcc.o
                0x0000000008002748                HAL_RCC_GetHCLKFreq
 .text.HAL_RCC_GetPCLK1Freq
                0x0000000008002760       0x28 Drivers/STM32F4xx_HAL_Driver/Src/stm32f4xx_hal_rcc.o
                0x0000000008002760                HAL_RCC_GetPCLK1Freq
 .text.HAL_RCC_GetPCLK2Freq
                0x0000000008002788       0x28 Drivers/STM32F4xx_HAL_Driver/Src/stm32f4xx_hal_rcc.o
                0x0000000008002788                HAL_RCC_GetPCLK2Freq
 .text.HAL_RCC_GetClockConfig
                0x00000000080027b0       0x64 Drivers/STM32F4xx_HAL_Driver/Src/stm32f4xx_hal_rcc.o
                0x00000000080027b0                HAL_RCC_GetClockConfig
 .text.HAL_RCCEx_PeriphCLKConfig
                0x0000000008002814      0x654 Drivers/STM32F4xx_HAL_Driver/Src/stm32f4xx_hal_rcc_ex.o
                0x0000000008002814                HAL_RCCEx_PeriphCLKConfig
 .text.HAL_RCC_GetSysClockFreq
                0x0000000008002e68      0x364 Drivers/STM32F4xx_HAL_Driver/Src/stm32f4xx_hal_rcc_ex.o
                0x0000000008002e68                HAL_RCC_GetSysClockFreq
 .text.HAL_RCC_OscConfig
                0x00000000080031cc      0x4b4 Drivers/STM32F4xx_HAL_Driver/Src/stm32f4xx_hal_rcc_ex.o
                0x00000000080031cc                HAL_RCC_OscConfig
 .text.HAL_TIM_Base_Init
                0x0000000008003680       0x56 Drivers/STM32F4xx_HAL_Driver/Src/stm32f4xx_hal_tim.o
                0x0000000008003680                HAL_TIM_Base_Init
 .text.HAL_TIM_Base_MspInit
                0x00000000080036d6       0x14 Drivers/STM32F4xx_HAL_Driver/Src/stm32f4xx_hal_tim.o
                0x00000000080036d6                HAL_TIM_Base_MspInit
 .text.HAL_TIM_Base_Start_IT
                0x00000000080036ea       0x48 Drivers/STM32F4xx_HAL_Driver/Src/stm32f4xx_hal_tim.o
                0x00000000080036ea                HAL_TIM_Base_Start_IT
 .text.HAL_TIM_IRQHandler
                0x0000000008003732      0x210 Drivers/STM32F4xx_HAL_Driver/Src/stm32f4xx_hal_tim.o
                0x0000000008003732                HAL_TIM_IRQHandler
 .text.HAL_TIM_OC_DelayElapsedCallback
                0x0000000008003942       0x14 Drivers/STM32F4xx_HAL_Driver/Src/stm32f4xx_hal_tim.o
                0x0000000008003942                HAL_TIM_OC_DelayElapsedCallback
 .text.HAL_TIM_IC_CaptureCallback
                0x0000000008003956       0x14 Drivers/STM32F4xx_HAL_Driver/Src/stm32f4xx_hal_tim.o
                0x0000000008003956                HAL_TIM_IC_CaptureCallback
 .text.HAL_TIM_PWM_PulseFinishedCallback
                0x000000000800396a       0x14 Drivers/STM32F4xx_HAL_Driver/Src/stm32f4xx_hal_tim.o
                0x000000000800396a                HAL_TIM_PWM_PulseFinishedCallback
 .text.HAL_TIM_TriggerCallback
                0x000000000800397e       0x14 Drivers/STM32F4xx_HAL_Driver/Src/stm32f4xx_hal_tim.o
                0x000000000800397e                HAL_TIM_TriggerCallback
 *fill*         0x0000000008003992        0x2 
 .text.TIM_Base_SetConfig
                0x0000000008003994      0x140 Drivers/STM32F4xx_HAL_Driver/Src/stm32f4xx_hal_tim.o
                0x0000000008003994                TIM_Base_SetConfig
 .text.HAL_TIMEx_CommutCallback
                0x0000000008003ad4       0x14 Drivers/STM32F4xx_HAL_Driver/Src/stm32f4xx_hal_tim_ex.o
                0x0000000008003ad4                HAL_TIMEx_CommutCallback
 .text.HAL_TIMEx_BreakCallback
                0x0000000008003ae8       0x14 Drivers/STM32F4xx_HAL_Driver/Src/stm32f4xx_hal_tim_ex.o
                0x0000000008003ae8                HAL_TIMEx_BreakCallback
 .text.HAL_UART_Init
                0x0000000008003afc       0x9a Drivers/STM32F4xx_HAL_Driver/Src/stm32f4xx_hal_uart.o
                0x0000000008003afc                HAL_UART_Init
 *fill*         0x0000000008003b96        0x2 
 .text.UART_SetConfig
                0x0000000008003b98      0x738 Drivers/STM32F4xx_HAL_Driver/Src/stm32f4xx_hal_uart.o
 .text.USB_CoreInit
                0x00000000080042d0       0xc2 Drivers/STM32F4xx_HAL_Driver/Src/stm32f4xx_ll_usb.o
                0x00000000080042d0                USB_CoreInit
 *fill*         0x0000000008004392        0x2 
 .text.USB_SetTurnaroundTime
                0x0000000008004394      0x144 Drivers/STM32F4xx_HAL_Driver/Src/stm32f4xx_ll_usb.o
                0x0000000008004394                USB_SetTurnaroundTime
 .text.USB_EnableGlobalInt
                0x00000000080044d8       0x22 Drivers/STM32F4xx_HAL_Driver/Src/stm32f4xx_ll_usb.o
                0x00000000080044d8                USB_EnableGlobalInt
 .text.USB_DisableGlobalInt
                0x00000000080044fa       0x22 Drivers/STM32F4xx_HAL_Driver/Src/stm32f4xx_ll_usb.o
                0x00000000080044fa                USB_DisableGlobalInt
 .text.USB_SetCurrentMode
                0x000000000800451c       0x54 Drivers/STM32F4xx_HAL_Driver/Src/stm32f4xx_ll_usb.o
                0x000000000800451c                USB_SetCurrentMode
 .text.USB_DevInit
                0x0000000008004570      0x2bc Drivers/STM32F4xx_HAL_Driver/Src/stm32f4xx_ll_usb.o
                0x0000000008004570                USB_DevInit
 .text.USB_FlushTxFifo
                0x000000000800482c       0x4c Drivers/STM32F4xx_HAL_Driver/Src/stm32f4xx_ll_usb.o
                0x000000000800482c                USB_FlushTxFifo
 .text.USB_FlushRxFifo
                0x0000000008004878       0x44 Drivers/STM32F4xx_HAL_Driver/Src/stm32f4xx_ll_usb.o
                0x0000000008004878                USB_FlushRxFifo
 .text.USB_SetDevSpeed
                0x00000000080048bc       0x32 Drivers/STM32F4xx_HAL_Driver/Src/stm32f4xx_ll_usb.o
                0x00000000080048bc                USB_SetDevSpeed
 .text.USB_GetDevSpeed
                0x00000000080048ee       0x4a Drivers/STM32F4xx_HAL_Driver/Src/stm32f4xx_ll_usb.o
                0x00000000080048ee                USB_GetDevSpeed
 .text.USB_ActivateEndpoint
                0x0000000008004938      0x10e Drivers/STM32F4xx_HAL_Driver/Src/stm32f4xx_ll_usb.o
                0x0000000008004938                USB_ActivateEndpoint
 *fill*         0x0000000008004a46        0x2 
 .text.USB_DeactivateEndpoint
                0x0000000008004a48      0x1b8 Drivers/STM32F4xx_HAL_Driver/Src/stm32f4xx_ll_usb.o
                0x0000000008004a48                USB_DeactivateEndpoint
 .text.USB_EPStartXfer
                0x0000000008004c00      0x488 Drivers/STM32F4xx_HAL_Driver/Src/stm32f4xx_ll_usb.o
                0x0000000008004c00                USB_EPStartXfer
 .text.USB_EP0StartXfer
                0x0000000008005088      0x2a6 Drivers/STM32F4xx_HAL_Driver/Src/stm32f4xx_ll_usb.o
                0x0000000008005088                USB_EP0StartXfer
 .text.USB_WritePacket
                0x000000000800532e       0x6a Drivers/STM32F4xx_HAL_Driver/Src/stm32f4xx_ll_usb.o
                0x000000000800532e                USB_WritePacket
 .text.USB_ReadPacket
                0x0000000008005398       0x52 Drivers/STM32F4xx_HAL_Driver/Src/stm32f4xx_ll_usb.o
                0x0000000008005398                USB_ReadPacket
 .text.USB_EPSetStall
                0x00000000080053ea       0xdc Drivers/STM32F4xx_HAL_Driver/Src/stm32f4xx_ll_usb.o
                0x00000000080053ea                USB_EPSetStall
 .text.USB_EPClearStall
                0x00000000080054c6       0xcc Drivers/STM32F4xx_HAL_Driver/Src/stm32f4xx_ll_usb.o
                0x00000000080054c6                USB_EPClearStall
 .text.USB_SetDevAddress
                0x0000000008005592       0x4c Drivers/STM32F4xx_HAL_Driver/Src/stm32f4xx_ll_usb.o
                0x0000000008005592                USB_SetDevAddress
 .text.USB_DevConnect
                0x00000000080055de       0x42 Drivers/STM32F4xx_HAL_Driver/Src/stm32f4xx_ll_usb.o
                0x00000000080055de                USB_DevConnect
 .text.USB_DevDisconnect
                0x0000000008005620       0x42 Drivers/STM32F4xx_HAL_Driver/Src/stm32f4xx_ll_usb.o
                0x0000000008005620                USB_DevDisconnect
 .text.USB_ReadInterrupts
                0x0000000008005662       0x26 Drivers/STM32F4xx_HAL_Driver/Src/stm32f4xx_ll_usb.o
                0x0000000008005662                USB_ReadInterrupts
 .text.USB_ReadDevAllOutEpInterrupt
                0x0000000008005688       0x34 Drivers/STM32F4xx_HAL_Driver/Src/stm32f4xx_ll_usb.o
                0x0000000008005688                USB_ReadDevAllOutEpInterrupt
 .text.USB_ReadDevAllInEpInterrupt
                0x00000000080056bc       0x34 Drivers/STM32F4xx_HAL_Driver/Src/stm32f4xx_ll_usb.o
                0x00000000080056bc                USB_ReadDevAllInEpInterrupt
 .text.USB_ReadDevOutEPInterrupt
                0x00000000080056f0       0x3c Drivers/STM32F4xx_HAL_Driver/Src/stm32f4xx_ll_usb.o
                0x00000000080056f0                USB_ReadDevOutEPInterrupt
 .text.USB_ReadDevInEPInterrupt
                0x000000000800572c       0x5c Drivers/STM32F4xx_HAL_Driver/Src/stm32f4xx_ll_usb.o
                0x000000000800572c                USB_ReadDevInEPInterrupt
 .text.USB_GetMode
                0x0000000008005788       0x1c Drivers/STM32F4xx_HAL_Driver/Src/stm32f4xx_ll_usb.o
                0x0000000008005788                USB_GetMode
 .text.USB_ActivateSetup
                0x00000000080057a4       0x46 Drivers/STM32F4xx_HAL_Driver/Src/stm32f4xx_ll_usb.o
                0x00000000080057a4                USB_ActivateSetup
 *fill*         0x00000000080057ea        0x2 
 .text.USB_EP0_OutStart
                0x00000000080057ec       0xbc Drivers/STM32F4xx_HAL_Driver/Src/stm32f4xx_ll_usb.o
                0x00000000080057ec                USB_EP0_OutStart
 .text.USB_CoreReset
                0x00000000080058a8       0x68 Drivers/STM32F4xx_HAL_Driver/Src/stm32f4xx_ll_usb.o
 .text.USBD_HID_Init
                0x0000000008005910       0x68 Middlewares/ST/STM32_USB_Device_Library/Class/HID/Src/usbd_hid.o
 .text.USBD_HID_DeInit
                0x0000000008005978       0x48 Middlewares/ST/STM32_USB_Device_Library/Class/HID/Src/usbd_hid.o
 .text.USBD_HID_Setup
                0x00000000080059c0      0x1f4 Middlewares/ST/STM32_USB_Device_Library/Class/HID/Src/usbd_hid.o
 .text.USBD_HID_SendReport
                0x0000000008005bb4       0x44 Middlewares/ST/STM32_USB_Device_Library/Class/HID/Src/usbd_hid.o
                0x0000000008005bb4                USBD_HID_SendReport
 .text.USBD_HID_GetFSCfgDesc
                0x0000000008005bf8       0x20 Middlewares/ST/STM32_USB_Device_Library/Class/HID/Src/usbd_hid.o
 .text.USBD_HID_GetHSCfgDesc
                0x0000000008005c18       0x20 Middlewares/ST/STM32_USB_Device_Library/Class/HID/Src/usbd_hid.o
 .text.USBD_HID_GetOtherSpeedCfgDesc
                0x0000000008005c38       0x20 Middlewares/ST/STM32_USB_Device_Library/Class/HID/Src/usbd_hid.o
 .text.USBD_HID_DataIn
                0x0000000008005c58       0x24 Middlewares/ST/STM32_USB_Device_Library/Class/HID/Src/usbd_hid.o
 .text.USBD_HID_GetDeviceQualifierDesc
                0x0000000008005c7c       0x20 Middlewares/ST/STM32_USB_Device_Library/Class/HID/Src/usbd_hid.o
 .text.USBD_Init
                0x0000000008005c9c       0x6c Middlewares/ST/STM32_USB_Device_Library/Core/Src/usbd_core.o
                0x0000000008005c9c                USBD_Init
 .text.USBD_RegisterClass
                0x0000000008005d08       0x42 Middlewares/ST/STM32_USB_Device_Library/Core/Src/usbd_core.o
                0x0000000008005d08                USBD_RegisterClass
 .text.USBD_Start
                0x0000000008005d4a       0x18 Middlewares/ST/STM32_USB_Device_Library/Core/Src/usbd_core.o
                0x0000000008005d4a                USBD_Start
 .text.USBD_RunTestMode
                0x0000000008005d62       0x16 Middlewares/ST/STM32_USB_Device_Library/Core/Src/usbd_core.o
                0x0000000008005d62                USBD_RunTestMode
 .text.USBD_SetClassConfig
                0x0000000008005d78       0x38 Middlewares/ST/STM32_USB_Device_Library/Core/Src/usbd_core.o
                0x0000000008005d78                USBD_SetClassConfig
 .text.USBD_ClrClassConfig
                0x0000000008005db0       0x30 Middlewares/ST/STM32_USB_Device_Library/Core/Src/usbd_core.o
                0x0000000008005db0                USBD_ClrClassConfig
 .text.USBD_LL_SetupStage
                0x0000000008005de0       0xaa Middlewares/ST/STM32_USB_Device_Library/Core/Src/usbd_core.o
                0x0000000008005de0                USBD_LL_SetupStage
 .text.USBD_LL_DataOutStage
                0x0000000008005e8a       0xc6 Middlewares/ST/STM32_USB_Device_Library/Core/Src/usbd_core.o
                0x0000000008005e8a                USBD_LL_DataOutStage
 .text.USBD_LL_DataInStage
                0x0000000008005f50      0x12c Middlewares/ST/STM32_USB_Device_Library/Core/Src/usbd_core.o
                0x0000000008005f50                USBD_LL_DataInStage
 .text.USBD_LL_Reset
                0x000000000800607c       0x82 Middlewares/ST/STM32_USB_Device_Library/Core/Src/usbd_core.o
                0x000000000800607c                USBD_LL_Reset
 .text.USBD_LL_SetSpeed
                0x00000000080060fe       0x20 Middlewares/ST/STM32_USB_Device_Library/Core/Src/usbd_core.o
                0x00000000080060fe                USBD_LL_SetSpeed
 .text.USBD_LL_Suspend
                0x000000000800611e       0x2a Middlewares/ST/STM32_USB_Device_Library/Core/Src/usbd_core.o
                0x000000000800611e                USBD_LL_Suspend
 .text.USBD_LL_Resume
                0x0000000008006148       0x2c Middlewares/ST/STM32_USB_Device_Library/Core/Src/usbd_core.o
                0x0000000008006148                USBD_LL_Resume
 .text.USBD_LL_SOF
                0x0000000008006174       0x34 Middlewares/ST/STM32_USB_Device_Library/Core/Src/usbd_core.o
                0x0000000008006174                USBD_LL_SOF
 .text.USBD_LL_IsoINIncomplete
                0x00000000080061a8       0x1a Middlewares/ST/STM32_USB_Device_Library/Core/Src/usbd_core.o
                0x00000000080061a8                USBD_LL_IsoINIncomplete
 .text.USBD_LL_IsoOUTIncomplete
                0x00000000080061c2       0x1a Middlewares/ST/STM32_USB_Device_Library/Core/Src/usbd_core.o
                0x00000000080061c2                USBD_LL_IsoOUTIncomplete
 .text.USBD_LL_DevConnected
                0x00000000080061dc       0x16 Middlewares/ST/STM32_USB_Device_Library/Core/Src/usbd_core.o
                0x00000000080061dc                USBD_LL_DevConnected
 .text.USBD_LL_DevDisconnected
                0x00000000080061f2       0x38 Middlewares/ST/STM32_USB_Device_Library/Core/Src/usbd_core.o
                0x00000000080061f2                USBD_LL_DevDisconnected
 .text.SWAPBYTE
                0x000000000800622a       0x3c Middlewares/ST/STM32_USB_Device_Library/Core/Src/usbd_ctlreq.o
 *fill*         0x0000000008006266        0x2 
 .text.USBD_StdDevReq
                0x0000000008006268       0xdc Middlewares/ST/STM32_USB_Device_Library/Core/Src/usbd_ctlreq.o
                0x0000000008006268                USBD_StdDevReq
 .text.USBD_StdItfReq
                0x0000000008006344       0x90 Middlewares/ST/STM32_USB_Device_Library/Core/Src/usbd_ctlreq.o
                0x0000000008006344                USBD_StdItfReq
 .text.USBD_StdEPReq
                0x00000000080063d4      0x2ba Middlewares/ST/STM32_USB_Device_Library/Core/Src/usbd_ctlreq.o
                0x00000000080063d4                USBD_StdEPReq
 *fill*         0x000000000800668e        0x2 
 .text.USBD_GetDescriptor
                0x0000000008006690      0x328 Middlewares/ST/STM32_USB_Device_Library/Core/Src/usbd_ctlreq.o
 .text.USBD_SetAddress
                0x00000000080069b8       0x86 Middlewares/ST/STM32_USB_Device_Library/Core/Src/usbd_ctlreq.o
 *fill*         0x0000000008006a3e        0x2 
 .text.USBD_SetConfig
                0x0000000008006a40      0x148 Middlewares/ST/STM32_USB_Device_Library/Core/Src/usbd_ctlreq.o
 .text.USBD_GetConfig
                0x0000000008006b88       0x6a Middlewares/ST/STM32_USB_Device_Library/Core/Src/usbd_ctlreq.o
 .text.USBD_GetStatus
                0x0000000008006bf2       0x66 Middlewares/ST/STM32_USB_Device_Library/Core/Src/usbd_ctlreq.o
 .text.USBD_SetFeature
                0x0000000008006c58       0x28 Middlewares/ST/STM32_USB_Device_Library/Core/Src/usbd_ctlreq.o
 .text.USBD_ClrFeature
                0x0000000008006c80       0x42 Middlewares/ST/STM32_USB_Device_Library/Core/Src/usbd_ctlreq.o
 .text.USBD_ParseSetupRequest
                0x0000000008006cc2       0x74 Middlewares/ST/STM32_USB_Device_Library/Core/Src/usbd_ctlreq.o
                0x0000000008006cc2                USBD_ParseSetupRequest
 .text.USBD_CtlError
                0x0000000008006d36       0x22 Middlewares/ST/STM32_USB_Device_Library/Core/Src/usbd_ctlreq.o
                0x0000000008006d36                USBD_CtlError
 .text.USBD_GetString
                0x0000000008006d58       0x8c Middlewares/ST/STM32_USB_Device_Library/Core/Src/usbd_ctlreq.o
                0x0000000008006d58                USBD_GetString
 .text.USBD_GetLen
                0x0000000008006de4       0x34 Middlewares/ST/STM32_USB_Device_Library/Core/Src/usbd_ctlreq.o
 .text.USBD_CtlSendData
                0x0000000008006e18       0x36 Middlewares/ST/STM32_USB_Device_Library/Core/Src/usbd_ioreq.o
                0x0000000008006e18                USBD_CtlSendData
 .text.USBD_CtlContinueSendData
                0x0000000008006e4e       0x22 Middlewares/ST/STM32_USB_Device_Library/Core/Src/usbd_ioreq.o
                0x0000000008006e4e                USBD_CtlContinueSendData
 .text.USBD_CtlContinueRx
                0x0000000008006e70       0x22 Middlewares/ST/STM32_USB_Device_Library/Core/Src/usbd_ioreq.o
                0x0000000008006e70                USBD_CtlContinueRx
 .text.USBD_CtlSendStatus
                0x0000000008006e92       0x26 Middlewares/ST/STM32_USB_Device_Library/Core/Src/usbd_ioreq.o
                0x0000000008006e92                USBD_CtlSendStatus
 .text.USBD_CtlReceiveStatus
                0x0000000008006eb8       0x26 Middlewares/ST/STM32_USB_Device_Library/Core/Src/usbd_ioreq.o
                0x0000000008006eb8                USBD_CtlReceiveStatus
 .text.SVC_Setup
                0x0000000008006ede        0xe Middlewares/Third_Party/FreeRTOS/Source/CMSIS_RTOS_V2/cmsis_os2.o
 .text.osKernelInitialize
                0x0000000008006eec       0x68 Middlewares/Third_Party/FreeRTOS/Source/CMSIS_RTOS_V2/cmsis_os2.o
                0x0000000008006eec                osKernelInitialize
 .text.osKernelStart
                0x0000000008006f54       0x6c Middlewares/Third_Party/FreeRTOS/Source/CMSIS_RTOS_V2/cmsis_os2.o
                0x0000000008006f54                osKernelStart
 .text.osThreadNew
                0x0000000008006fc0      0x14c Middlewares/Third_Party/FreeRTOS/Source/CMSIS_RTOS_V2/cmsis_os2.o
                0x0000000008006fc0                osThreadNew
 .text.vApplicationGetIdleTaskMemory
                0x000000000800710c       0x34 Middlewares/Third_Party/FreeRTOS/Source/CMSIS_RTOS_V2/cmsis_os2.o
                0x000000000800710c                vApplicationGetIdleTaskMemory
 .text.vApplicationGetTimerTaskMemory
                0x0000000008007140       0x34 Middlewares/Third_Party/FreeRTOS/Source/CMSIS_RTOS_V2/cmsis_os2.o
                0x0000000008007140                vApplicationGetTimerTaskMemory
 .text.vListInitialise
                0x0000000008007174       0x40 Middlewares/Third_Party/FreeRTOS/Source/list.o
                0x0000000008007174                vListInitialise
 .text.vListInitialiseItem
                0x00000000080071b4       0x1a Middlewares/Third_Party/FreeRTOS/Source/list.o
                0x00000000080071b4                vListInitialiseItem
 .text.vListInsertEnd
                0x00000000080071ce       0x48 Middlewares/Third_Party/FreeRTOS/Source/list.o
                0x00000000080071ce                vListInsertEnd
 .text.vListInsert
                0x0000000008007216       0x72 Middlewares/Third_Party/FreeRTOS/Source/list.o
                0x0000000008007216                vListInsert
 .text.uxListRemove
                0x0000000008007288       0x54 Middlewares/Third_Party/FreeRTOS/Source/list.o
                0x0000000008007288                uxListRemove
 .text.xQueueGenericReset
                0x00000000080072dc       0xd0 Middlewares/Third_Party/FreeRTOS/Source/queue.o
                0x00000000080072dc                xQueueGenericReset
 .text.xQueueGenericCreateStatic
                0x00000000080073ac       0xf0 Middlewares/Third_Party/FreeRTOS/Source/queue.o
                0x00000000080073ac                xQueueGenericCreateStatic
 .text.prvInitialiseNewQueue
                0x000000000800749c       0x46 Middlewares/Third_Party/FreeRTOS/Source/queue.o
 *fill*         0x00000000080074e2        0x2 
 .text.xQueueGenericSend
                0x00000000080074e4      0x1fc Middlewares/Third_Party/FreeRTOS/Source/queue.o
                0x00000000080074e4                xQueueGenericSend
 .text.xQueueGenericSendFromISR
                0x00000000080076e0      0x130 Middlewares/Third_Party/FreeRTOS/Source/queue.o
                0x00000000080076e0                xQueueGenericSendFromISR
 .text.xQueueReceive
                0x0000000008007810      0x1c0 Middlewares/Third_Party/FreeRTOS/Source/queue.o
                0x0000000008007810                xQueueReceive
 .text.prvCopyDataToQueue
                0x00000000080079d0       0xd4 Middlewares/Third_Party/FreeRTOS/Source/queue.o
 .text.prvCopyDataFromQueue
                0x0000000008007aa4       0x4c Middlewares/Third_Party/FreeRTOS/Source/queue.o
 .text.prvUnlockQueue
                0x0000000008007af0       0xa4 Middlewares/Third_Party/FreeRTOS/Source/queue.o
 .text.prvIsQueueEmpty
                0x0000000008007b94       0x2c Middlewares/Third_Party/FreeRTOS/Source/queue.o
 .text.prvIsQueueFull
                0x0000000008007bc0       0x30 Middlewares/Third_Party/FreeRTOS/Source/queue.o
 .text.vQueueAddToRegistry
                0x0000000008007bf0       0x54 Middlewares/Third_Party/FreeRTOS/Source/queue.o
                0x0000000008007bf0                vQueueAddToRegistry
 .text.vQueueWaitForMessageRestricted
                0x0000000008007c44       0x68 Middlewares/Third_Party/FreeRTOS/Source/queue.o
                0x0000000008007c44                vQueueWaitForMessageRestricted
 .text.xTaskCreateStatic
                0x0000000008007cac       0xba Middlewares/Third_Party/FreeRTOS/Source/tasks.o
                0x0000000008007cac                xTaskCreateStatic
 .text.xTaskCreate
                0x0000000008007d66       0x8a Middlewares/Third_Party/FreeRTOS/Source/tasks.o
                0x0000000008007d66                xTaskCreate
 .text.prvInitialiseNewTask
                0x0000000008007df0      0x11e Middlewares/Third_Party/FreeRTOS/Source/tasks.o
 *fill*         0x0000000008007f0e        0x2 
 .text.prvAddNewTaskToReadyList
                0x0000000008007f10       0xe0 Middlewares/Third_Party/FreeRTOS/Source/tasks.o
 .text.vTaskStartScheduler
                0x0000000008007ff0       0xcc Middlewares/Third_Party/FreeRTOS/Source/tasks.o
                0x0000000008007ff0                vTaskStartScheduler
 .text.vTaskSuspendAll
                0x00000000080080bc       0x1c Middlewares/Third_Party/FreeRTOS/Source/tasks.o
                0x00000000080080bc                vTaskSuspendAll
 .text.xTaskResumeAll
                0x00000000080080d8      0x13c Middlewares/Third_Party/FreeRTOS/Source/tasks.o
                0x00000000080080d8                xTaskResumeAll
 .text.xTaskGetTickCount
                0x0000000008008214       0x20 Middlewares/Third_Party/FreeRTOS/Source/tasks.o
                0x0000000008008214                xTaskGetTickCount
 .text.xTaskIncrementTick
                0x0000000008008234      0x174 Middlewares/Third_Party/FreeRTOS/Source/tasks.o
                0x0000000008008234                xTaskIncrementTick
 .text.vTaskSwitchContext
                0x00000000080083a8       0xbc Middlewares/Third_Party/FreeRTOS/Source/tasks.o
                0x00000000080083a8                vTaskSwitchContext
 .text.vTaskPlaceOnEventList
                0x0000000008008464       0x48 Middlewares/Third_Party/FreeRTOS/Source/tasks.o
                0x0000000008008464                vTaskPlaceOnEventList
 .text.vTaskPlaceOnEventListRestricted
                0x00000000080084ac       0x58 Middlewares/Third_Party/FreeRTOS/Source/tasks.o
                0x00000000080084ac                vTaskPlaceOnEventListRestricted
 .text.xTaskRemoveFromEventList
                0x0000000008008504       0xc8 Middlewares/Third_Party/FreeRTOS/Source/tasks.o
                0x0000000008008504                xTaskRemoveFromEventList
 .text.vTaskInternalSetTimeOutState
                0x00000000080085cc       0x2c Middlewares/Third_Party/FreeRTOS/Source/tasks.o
                0x00000000080085cc                vTaskInternalSetTimeOutState
 .text.xTaskCheckForTimeOut
                0x00000000080085f8       0xc4 Middlewares/Third_Party/FreeRTOS/Source/tasks.o
                0x00000000080085f8                xTaskCheckForTimeOut
 .text.vTaskMissedYield
                0x00000000080086bc       0x18 Middlewares/Third_Party/FreeRTOS/Source/tasks.o
                0x00000000080086bc                vTaskMissedYield
 .text.prvIdleTask
                0x00000000080086d4       0x30 Middlewares/Third_Party/FreeRTOS/Source/tasks.o
 .text.prvInitialiseTaskLists
                0x0000000008008704       0x80 Middlewares/Third_Party/FreeRTOS/Source/tasks.o
 .text.prvCheckTasksWaitingTermination
                0x0000000008008784       0x5c Middlewares/Third_Party/FreeRTOS/Source/tasks.o
 .text.prvDeleteTCB
                0x00000000080087e0       0x5e Middlewares/Third_Party/FreeRTOS/Source/tasks.o
 *fill*         0x000000000800883e        0x2 
 .text.prvResetNextTaskUnblockTime
                0x0000000008008840       0x40 Middlewares/Third_Party/FreeRTOS/Source/tasks.o
 .text.xTaskGetSchedulerState
                0x0000000008008880       0x3c Middlewares/Third_Party/FreeRTOS/Source/tasks.o
                0x0000000008008880                xTaskGetSchedulerState
 .text.xTaskPriorityDisinherit
                0x00000000080088bc       0xdc Middlewares/Third_Party/FreeRTOS/Source/tasks.o
                0x00000000080088bc                xTaskPriorityDisinherit
 .text.prvAddCurrentTaskToDelayedList
                0x0000000008008998       0xa8 Middlewares/Third_Party/FreeRTOS/Source/tasks.o
 .text.xTimerCreateTimerTask
                0x0000000008008a40       0x90 Middlewares/Third_Party/FreeRTOS/Source/timers.o
                0x0000000008008a40                xTimerCreateTimerTask
 .text.xTimerGenericCommand
                0x0000000008008ad0       0x9c Middlewares/Third_Party/FreeRTOS/Source/timers.o
                0x0000000008008ad0                xTimerGenericCommand
 .text.prvProcessExpiredTimer
                0x0000000008008b6c       0x98 Middlewares/Third_Party/FreeRTOS/Source/timers.o
 .text.prvTimerTask
                0x0000000008008c04       0x24 Middlewares/Third_Party/FreeRTOS/Source/timers.o
 .text.prvProcessTimerOrBlockTask
                0x0000000008008c28       0x9c Middlewares/Third_Party/FreeRTOS/Source/timers.o
 .text.prvGetNextExpireTime
                0x0000000008008cc4       0x48 Middlewares/Third_Party/FreeRTOS/Source/timers.o
 .text.prvSampleTimeNow
                0x0000000008008d0c       0x40 Middlewares/Third_Party/FreeRTOS/Source/timers.o
 .text.prvInsertTimerInActiveList
                0x0000000008008d4c       0x84 Middlewares/Third_Party/FreeRTOS/Source/timers.o
 .text.prvProcessReceivedCommands
                0x0000000008008dd0      0x1c4 Middlewares/Third_Party/FreeRTOS/Source/timers.o
 .text.prvSwitchTimerLists
                0x0000000008008f94       0xc8 Middlewares/Third_Party/FreeRTOS/Source/timers.o
 .text.prvCheckForValidListAndQueue
                0x000000000800905c       0x80 Middlewares/Third_Party/FreeRTOS/Source/timers.o
 .text.pxPortInitialiseStack
                0x00000000080090dc       0x68 Middlewares/Third_Party/FreeRTOS/Source/portable/GCC/ARM_CM4F/port.o
                0x00000000080090dc                pxPortInitialiseStack
 .text.prvTaskExitError
                0x0000000008009144       0x58 Middlewares/Third_Party/FreeRTOS/Source/portable/GCC/ARM_CM4F/port.o
 *fill*         0x000000000800919c        0x4 
 .text.SVC_Handler
                0x00000000080091a0       0x28 Middlewares/Third_Party/FreeRTOS/Source/portable/GCC/ARM_CM4F/port.o
                0x00000000080091a0                SVC_Handler
 .text.prvPortStartFirstTask
                0x00000000080091c8       0x28 Middlewares/Third_Party/FreeRTOS/Source/portable/GCC/ARM_CM4F/port.o
 .text.xPortStartScheduler
                0x00000000080091f0      0x144 Middlewares/Third_Party/FreeRTOS/Source/portable/GCC/ARM_CM4F/port.o
                0x00000000080091f0                xPortStartScheduler
 .text.vPortEnterCritical
                0x0000000008009334       0x60 Middlewares/Third_Party/FreeRTOS/Source/portable/GCC/ARM_CM4F/port.o
                0x0000000008009334                vPortEnterCritical
 .text.vPortExitCritical
                0x0000000008009394       0x54 Middlewares/Third_Party/FreeRTOS/Source/portable/GCC/ARM_CM4F/port.o
                0x0000000008009394                vPortExitCritical
 *fill*         0x00000000080093e8        0x8 
 .text.PendSV_Handler
                0x00000000080093f0       0x68 Middlewares/Third_Party/FreeRTOS/Source/portable/GCC/ARM_CM4F/port.o
                0x00000000080093f0                PendSV_Handler
 .text.SysTick_Handler
                0x0000000008009458       0x44 Middlewares/Third_Party/FreeRTOS/Source/portable/GCC/ARM_CM4F/port.o
                0x0000000008009458                SysTick_Handler
 .text.vPortSetupTimerInterrupt
                0x000000000800949c       0x48 Middlewares/Third_Party/FreeRTOS/Source/portable/GCC/ARM_CM4F/port.o
                0x000000000800949c                vPortSetupTimerInterrupt
 .text.vPortEnableVFP
                0x00000000080094e4       0x14 Middlewares/Third_Party/FreeRTOS/Source/portable/GCC/ARM_CM4F/port.o
 .text.vPortValidateInterruptPriority
                0x00000000080094f8       0x80 Middlewares/Third_Party/FreeRTOS/Source/portable/GCC/ARM_CM4F/port.o
                0x00000000080094f8                vPortValidateInterruptPriority
 .text.pvPortMalloc
                0x0000000008009578      0x188 Middlewares/Third_Party/FreeRTOS/Source/portable/MemMang/heap_4.o
                0x0000000008009578                pvPortMalloc
 .text.vPortFree
                0x0000000008009700       0xb4 Middlewares/Third_Party/FreeRTOS/Source/portable/MemMang/heap_4.o
                0x0000000008009700                vPortFree
 .text.prvHeapInit
                0x00000000080097b4       0xc4 Middlewares/Third_Party/FreeRTOS/Source/portable/MemMang/heap_4.o
 .text.prvInsertBlockIntoFreeList
                0x0000000008009878       0xb4 Middlewares/Third_Party/FreeRTOS/Source/portable/MemMang/heap_4.o
 .text.MX_USB_DEVICE_Init
                0x000000000800992c       0x4c USB_DEVICE/App/usb_device.o
                0x000000000800992c                MX_USB_DEVICE_Init
 .text.USBD_FS_DeviceDescriptor
                0x0000000008009978       0x24 USB_DEVICE/App/usbd_desc.o
                0x0000000008009978                USBD_FS_DeviceDescriptor
 .text.USBD_FS_LangIDStrDescriptor
                0x000000000800999c       0x24 USB_DEVICE/App/usbd_desc.o
                0x000000000800999c                USBD_FS_LangIDStrDescriptor
 .text.USBD_FS_ProductStrDescriptor
                0x00000000080099c0       0x3c USB_DEVICE/App/usbd_desc.o
                0x00000000080099c0                USBD_FS_ProductStrDescriptor
 .text.USBD_FS_ManufacturerStrDescriptor
                0x00000000080099fc       0x28 USB_DEVICE/App/usbd_desc.o
                0x00000000080099fc                USBD_FS_ManufacturerStrDescriptor
 .text.USBD_FS_SerialStrDescriptor
                0x0000000008009a24       0x24 USB_DEVICE/App/usbd_desc.o
                0x0000000008009a24                USBD_FS_SerialStrDescriptor
 .text.USBD_FS_ConfigStrDescriptor
                0x0000000008009a48       0x3c USB_DEVICE/App/usbd_desc.o
                0x0000000008009a48                USBD_FS_ConfigStrDescriptor
 .text.USBD_FS_InterfaceStrDescriptor
                0x0000000008009a84       0x3c USB_DEVICE/App/usbd_desc.o
                0x0000000008009a84                USBD_FS_InterfaceStrDescriptor
 .text.USBD_FS_USR_BOSDescriptor
                0x0000000008009ac0       0x24 USB_DEVICE/App/usbd_desc.o
                0x0000000008009ac0                USBD_FS_USR_BOSDescriptor
 .text.Get_SerialNum
                0x0000000008009ae4       0x58 USB_DEVICE/App/usbd_desc.o
 .text.IntToUnicode
                0x0000000008009b3c       0x7e USB_DEVICE/App/usbd_desc.o
 *fill*         0x0000000008009bba        0x2 
 .text.HAL_PCD_MspInit
                0x0000000008009bbc       0xa8 USB_DEVICE/Target/usbd_conf.o
                0x0000000008009bbc                HAL_PCD_MspInit
 .text.HAL_PCD_SetupStageCallback
                0x0000000008009c64       0x24 USB_DEVICE/Target/usbd_conf.o
                0x0000000008009c64                HAL_PCD_SetupStageCallback
 .text.HAL_PCD_DataOutStageCallback
                0x0000000008009c88       0x36 USB_DEVICE/Target/usbd_conf.o
                0x0000000008009c88                HAL_PCD_DataOutStageCallback
 .text.HAL_PCD_DataInStageCallback
                0x0000000008009cbe       0x34 USB_DEVICE/Target/usbd_conf.o
                0x0000000008009cbe                HAL_PCD_DataInStageCallback
 .text.HAL_PCD_SOFCallback
                0x0000000008009cf2       0x1c USB_DEVICE/Target/usbd_conf.o
                0x0000000008009cf2                HAL_PCD_SOFCallback
 .text.HAL_PCD_ResetCallback
                0x0000000008009d0e       0x50 USB_DEVICE/Target/usbd_conf.o
                0x0000000008009d0e                HAL_PCD_ResetCallback
 *fill*         0x0000000008009d5e        0x2 
 .text.HAL_PCD_SuspendCallback
                0x0000000008009d60       0x4c USB_DEVICE/Target/usbd_conf.o
                0x0000000008009d60                HAL_PCD_SuspendCallback
 .text.HAL_PCD_ResumeCallback
                0x0000000008009dac       0x1c USB_DEVICE/Target/usbd_conf.o
                0x0000000008009dac                HAL_PCD_ResumeCallback
 .text.HAL_PCD_ISOOUTIncompleteCallback
                0x0000000008009dc8       0x24 USB_DEVICE/Target/usbd_conf.o
                0x0000000008009dc8                HAL_PCD_ISOOUTIncompleteCallback
 .text.HAL_PCD_ISOINIncompleteCallback
                0x0000000008009dec       0x24 USB_DEVICE/Target/usbd_conf.o
                0x0000000008009dec                HAL_PCD_ISOINIncompleteCallback
 .text.HAL_PCD_ConnectCallback
                0x0000000008009e10       0x1c USB_DEVICE/Target/usbd_conf.o
                0x0000000008009e10                HAL_PCD_ConnectCallback
 .text.HAL_PCD_DisconnectCallback
                0x0000000008009e2c       0x1c USB_DEVICE/Target/usbd_conf.o
                0x0000000008009e2c                HAL_PCD_DisconnectCallback
 .text.USBD_LL_Init
                0x0000000008009e48       0x98 USB_DEVICE/Target/usbd_conf.o
                0x0000000008009e48                USBD_LL_Init
 .text.USBD_LL_Start
                0x0000000008009ee0       0x36 USB_DEVICE/Target/usbd_conf.o
                0x0000000008009ee0                USBD_LL_Start
 .text.USBD_LL_OpenEP
                0x0000000008009f16       0x4c USB_DEVICE/Target/usbd_conf.o
                0x0000000008009f16                USBD_LL_OpenEP
 .text.USBD_LL_CloseEP
                0x0000000008009f62       0x3e USB_DEVICE/Target/usbd_conf.o
                0x0000000008009f62                USBD_LL_CloseEP
 .text.USBD_LL_StallEP
                0x0000000008009fa0       0x3e USB_DEVICE/Target/usbd_conf.o
                0x0000000008009fa0                USBD_LL_StallEP
 .text.USBD_LL_ClearStallEP
                0x0000000008009fde       0x3e USB_DEVICE/Target/usbd_conf.o
                0x0000000008009fde                USBD_LL_ClearStallEP
 .text.USBD_LL_IsStallEP
                0x000000000800a01c       0x58 USB_DEVICE/Target/usbd_conf.o
                0x000000000800a01c                USBD_LL_IsStallEP
 .text.USBD_LL_SetUSBAddress
                0x000000000800a074       0x3e USB_DEVICE/Target/usbd_conf.o
                0x000000000800a074                USBD_LL_SetUSBAddress
 .text.USBD_LL_Transmit
                0x000000000800a0b2       0x42 USB_DEVICE/Target/usbd_conf.o
                0x000000000800a0b2                USBD_LL_Transmit
 .text.USBD_LL_PrepareReceive
                0x000000000800a0f4       0x42 USB_DEVICE/Target/usbd_conf.o
                0x000000000800a0f4                USBD_LL_PrepareReceive
 *fill*         0x000000000800a136        0x2 
 .text.HAL_PCDEx_LPM_Callback
                0x000000000800a138       0x9c USB_DEVICE/Target/usbd_conf.o
                0x000000000800a138                HAL_PCDEx_LPM_Callback
 .text.USBD_Get_USB_Status
                0x000000000800a1d4       0x58 USB_DEVICE/Target/usbd_conf.o
                0x000000000800a1d4                USBD_Get_USB_Status
 .text.__errno  0x000000000800a22c        0xc c:/st/stm32cubeide_1.4.0/stm32cubeide/plugins/com.st.stm32cube.ide.mcu.externaltools.gnu-tools-for-stm32.9-2020-q2-update.win32_1.5.0.202011040924/tools/bin/../lib/gcc/arm-none-eabi/9.3.1/../../../../arm-none-eabi/lib/thumb/v7e-m+fp/hard\libc_nano.a(lib_a-errno.o)
                0x000000000800a22c                __errno
 .text.__libc_init_array
                0x000000000800a238       0x48 c:/st/stm32cubeide_1.4.0/stm32cubeide/plugins/com.st.stm32cube.ide.mcu.externaltools.gnu-tools-for-stm32.9-2020-q2-update.win32_1.5.0.202011040924/tools/bin/../lib/gcc/arm-none-eabi/9.3.1/../../../../arm-none-eabi/lib/thumb/v7e-m+fp/hard\libc_nano.a(lib_a-init.o)
                0x000000000800a238                __libc_init_array
 .text.malloc   0x000000000800a280       0x10 c:/st/stm32cubeide_1.4.0/stm32cubeide/plugins/com.st.stm32cube.ide.mcu.externaltools.gnu-tools-for-stm32.9-2020-q2-update.win32_1.5.0.202011040924/tools/bin/../lib/gcc/arm-none-eabi/9.3.1/../../../../arm-none-eabi/lib/thumb/v7e-m+fp/hard\libc_nano.a(lib_a-malloc.o)
                0x000000000800a280                malloc
 .text.free     0x000000000800a290       0x10 c:/st/stm32cubeide_1.4.0/stm32cubeide/plugins/com.st.stm32cube.ide.mcu.externaltools.gnu-tools-for-stm32.9-2020-q2-update.win32_1.5.0.202011040924/tools/bin/../lib/gcc/arm-none-eabi/9.3.1/../../../../arm-none-eabi/lib/thumb/v7e-m+fp/hard\libc_nano.a(lib_a-malloc.o)
                0x000000000800a290                free
 .text.memcpy   0x000000000800a2a0       0x1c c:/st/stm32cubeide_1.4.0/stm32cubeide/plugins/com.st.stm32cube.ide.mcu.externaltools.gnu-tools-for-stm32.9-2020-q2-update.win32_1.5.0.202011040924/tools/bin/../lib/gcc/arm-none-eabi/9.3.1/../../../../arm-none-eabi/lib/thumb/v7e-m+fp/hard\libc_nano.a(lib_a-memcpy-stub.o)
                0x000000000800a2a0                memcpy
 .text.memset   0x000000000800a2bc       0x10 c:/st/stm32cubeide_1.4.0/stm32cubeide/plugins/com.st.stm32cube.ide.mcu.externaltools.gnu-tools-for-stm32.9-2020-q2-update.win32_1.5.0.202011040924/tools/bin/../lib/gcc/arm-none-eabi/9.3.1/../../../../arm-none-eabi/lib/thumb/v7e-m+fp/hard\libc_nano.a(lib_a-memset.o)
                0x000000000800a2bc                memset
 .text._free_r  0x000000000800a2cc       0xa0 c:/st/stm32cubeide_1.4.0/stm32cubeide/plugins/com.st.stm32cube.ide.mcu.externaltools.gnu-tools-for-stm32.9-2020-q2-update.win32_1.5.0.202011040924/tools/bin/../lib/gcc/arm-none-eabi/9.3.1/../../../../arm-none-eabi/lib/thumb/v7e-m+fp/hard\libc_nano.a(lib_a-nano-freer.o)
                0x000000000800a2cc                _free_r
 .text._malloc_r
                0x000000000800a36c       0xb4 c:/st/stm32cubeide_1.4.0/stm32cubeide/plugins/com.st.stm32cube.ide.mcu.externaltools.gnu-tools-for-stm32.9-2020-q2-update.win32_1.5.0.202011040924/tools/bin/../lib/gcc/arm-none-eabi/9.3.1/../../../../arm-none-eabi/lib/thumb/v7e-m+fp/hard\libc_nano.a(lib_a-nano-mallocr.o)
                0x000000000800a36c                _malloc_r
 .text._sbrk_r  0x000000000800a420       0x20 c:/st/stm32cubeide_1.4.0/stm32cubeide/plugins/com.st.stm32cube.ide.mcu.externaltools.gnu-tools-for-stm32.9-2020-q2-update.win32_1.5.0.202011040924/tools/bin/../lib/gcc/arm-none-eabi/9.3.1/../../../../arm-none-eabi/lib/thumb/v7e-m+fp/hard\libc_nano.a(lib_a-sbrkr.o)
                0x000000000800a420                _sbrk_r
 .text.__malloc_lock
                0x000000000800a440        0xc c:/st/stm32cubeide_1.4.0/stm32cubeide/plugins/com.st.stm32cube.ide.mcu.externaltools.gnu-tools-for-stm32.9-2020-q2-update.win32_1.5.0.202011040924/tools/bin/../lib/gcc/arm-none-eabi/9.3.1/../../../../arm-none-eabi/lib/thumb/v7e-m+fp/hard\libc_nano.a(lib_a-mlock.o)
                0x000000000800a440                __malloc_lock
 .text.__malloc_unlock
                0x000000000800a44c        0xc c:/st/stm32cubeide_1.4.0/stm32cubeide/plugins/com.st.stm32cube.ide.mcu.externaltools.gnu-tools-for-stm32.9-2020-q2-update.win32_1.5.0.202011040924/tools/bin/../lib/gcc/arm-none-eabi/9.3.1/../../../../arm-none-eabi/lib/thumb/v7e-m+fp/hard\libc_nano.a(lib_a-mlock.o)
                0x000000000800a44c                __malloc_unlock
 .text.__retarget_lock_acquire_recursive
                0x000000000800a458        0x2 c:/st/stm32cubeide_1.4.0/stm32cubeide/plugins/com.st.stm32cube.ide.mcu.externaltools.gnu-tools-for-stm32.9-2020-q2-update.win32_1.5.0.202011040924/tools/bin/../lib/gcc/arm-none-eabi/9.3.1/../../../../arm-none-eabi/lib/thumb/v7e-m+fp/hard\libc_nano.a(lib_a-lock.o)
                0x000000000800a458                __retarget_lock_acquire_recursive
 .text.__retarget_lock_release_recursive
                0x000000000800a45a        0x2 c:/st/stm32cubeide_1.4.0/stm32cubeide/plugins/com.st.stm32cube.ide.mcu.externaltools.gnu-tools-for-stm32.9-2020-q2-update.win32_1.5.0.202011040924/tools/bin/../lib/gcc/arm-none-eabi/9.3.1/../../../../arm-none-eabi/lib/thumb/v7e-m+fp/hard\libc_nano.a(lib_a-lock.o)
                0x000000000800a45a                __retarget_lock_release_recursive
 *(.glue_7)
 .glue_7        0x000000000800a45c        0x0 linker stubs
 *(.glue_7t)
 .glue_7t       0x000000000800a45c        0x0 linker stubs
 *(.eh_frame)
 .eh_frame      0x000000000800a45c        0x0 c:/st/stm32cubeide_1.4.0/stm32cubeide/plugins/com.st.stm32cube.ide.mcu.externaltools.gnu-tools-for-stm32.9-2020-q2-update.win32_1.5.0.202011040924/tools/bin/../lib/gcc/arm-none-eabi/9.3.1/thumb/v7e-m+fp/hard/crtbegin.o
 *(.init)
 .init          0x000000000800a45c        0x4 c:/st/stm32cubeide_1.4.0/stm32cubeide/plugins/com.st.stm32cube.ide.mcu.externaltools.gnu-tools-for-stm32.9-2020-q2-update.win32_1.5.0.202011040924/tools/bin/../lib/gcc/arm-none-eabi/9.3.1/thumb/v7e-m+fp/hard/crti.o
                0x000000000800a45c                _init
 .init          0x000000000800a460        0x8 c:/st/stm32cubeide_1.4.0/stm32cubeide/plugins/com.st.stm32cube.ide.mcu.externaltools.gnu-tools-for-stm32.9-2020-q2-update.win32_1.5.0.202011040924/tools/bin/../lib/gcc/arm-none-eabi/9.3.1/thumb/v7e-m+fp/hard/crtn.o
 *(.fini)
 .fini          0x000000000800a468        0x4 c:/st/stm32cubeide_1.4.0/stm32cubeide/plugins/com.st.stm32cube.ide.mcu.externaltools.gnu-tools-for-stm32.9-2020-q2-update.win32_1.5.0.202011040924/tools/bin/../lib/gcc/arm-none-eabi/9.3.1/thumb/v7e-m+fp/hard/crti.o
                0x000000000800a468                _fini
 .fini          0x000000000800a46c        0x8 c:/st/stm32cubeide_1.4.0/stm32cubeide/plugins/com.st.stm32cube.ide.mcu.externaltools.gnu-tools-for-stm32.9-2020-q2-update.win32_1.5.0.202011040924/tools/bin/../lib/gcc/arm-none-eabi/9.3.1/thumb/v7e-m+fp/hard/crtn.o
                0x000000000800a474                . = ALIGN (0x4)
                0x000000000800a474                _etext = .

.vfp11_veneer   0x000000000800a474        0x0
 .vfp11_veneer  0x000000000800a474        0x0 linker stubs

.v4_bx          0x000000000800a474        0x0
 .v4_bx         0x000000000800a474        0x0 linker stubs

.iplt           0x000000000800a474        0x0
 .iplt          0x000000000800a474        0x0 c:/st/stm32cubeide_1.4.0/stm32cubeide/plugins/com.st.stm32cube.ide.mcu.externaltools.gnu-tools-for-stm32.9-2020-q2-update.win32_1.5.0.202011040924/tools/bin/../lib/gcc/arm-none-eabi/9.3.1/thumb/v7e-m+fp/hard/crtbegin.o

.rodata         0x000000000800a474       0x78
                0x000000000800a474                . = ALIGN (0x4)
 *(.rodata)
 .rodata        0x000000000800a474        0x5 Middlewares/Third_Party/FreeRTOS/Source/tasks.o
 *fill*         0x000000000800a479        0x3 
 .rodata        0x000000000800a47c        0xd Middlewares/Third_Party/FreeRTOS/Source/timers.o
 *fill*         0x000000000800a489        0x3 
 .rodata        0x000000000800a48c       0x46 USB_DEVICE/App/usbd_desc.o
 *(.rodata*)
 *fill*         0x000000000800a4d2        0x2 
 .rodata.AHBPrescTable
                0x000000000800a4d4       0x10 Core/Src/system_stm32f4xx.o
                0x000000000800a4d4                AHBPrescTable
 .rodata.APBPrescTable
                0x000000000800a4e4        0x8 Core/Src/system_stm32f4xx.o
                0x000000000800a4e4                APBPrescTable
                0x000000000800a4ec                . = ALIGN (0x4)

.ARM.extab      0x000000000800a4ec        0x0
                0x000000000800a4ec                . = ALIGN (0x4)
 *(.ARM.extab* .gnu.linkonce.armextab.*)
                0x000000000800a4ec                . = ALIGN (0x4)

.ARM            0x000000000800a4ec        0x8
                0x000000000800a4ec                . = ALIGN (0x4)
                0x000000000800a4ec                __exidx_start = .
 *(.ARM.exidx*)
 .ARM.exidx     0x000000000800a4ec        0x8 c:/st/stm32cubeide_1.4.0/stm32cubeide/plugins/com.st.stm32cube.ide.mcu.externaltools.gnu-tools-for-stm32.9-2020-q2-update.win32_1.5.0.202011040924/tools/bin/../lib/gcc/arm-none-eabi/9.3.1/thumb/v7e-m+fp/hard\libgcc.a(_udivmoddi4.o)
                0x000000000800a4f4                __exidx_end = .
                0x000000000800a4f4                . = ALIGN (0x4)

.rel.dyn        0x000000000800a4f4        0x0
 .rel.iplt      0x000000000800a4f4        0x0 c:/st/stm32cubeide_1.4.0/stm32cubeide/plugins/com.st.stm32cube.ide.mcu.externaltools.gnu-tools-for-stm32.9-2020-q2-update.win32_1.5.0.202011040924/tools/bin/../lib/gcc/arm-none-eabi/9.3.1/thumb/v7e-m+fp/hard/crtbegin.o

.preinit_array  0x000000000800a4f4        0x0
                0x000000000800a4f4                . = ALIGN (0x4)
                0x000000000800a4f4                PROVIDE (__preinit_array_start = .)
 *(.preinit_array*)
                0x000000000800a4f4                PROVIDE (__preinit_array_end = .)
                0x000000000800a4f4                . = ALIGN (0x4)

.init_array     0x000000000800a4f4        0x4
                0x000000000800a4f4                . = ALIGN (0x4)
                0x000000000800a4f4                PROVIDE (__init_array_start = .)
 *(SORT_BY_NAME(.init_array.*))
 *(.init_array*)
 .init_array    0x000000000800a4f4        0x4 c:/st/stm32cubeide_1.4.0/stm32cubeide/plugins/com.st.stm32cube.ide.mcu.externaltools.gnu-tools-for-stm32.9-2020-q2-update.win32_1.5.0.202011040924/tools/bin/../lib/gcc/arm-none-eabi/9.3.1/thumb/v7e-m+fp/hard/crtbegin.o
                0x000000000800a4f8                PROVIDE (__init_array_end = .)
                0x000000000800a4f8                . = ALIGN (0x4)

.fini_array     0x000000000800a4f8        0x4
                0x000000000800a4f8                . = ALIGN (0x4)
                [!provide]                        PROVIDE (__fini_array_start = .)
 *(SORT_BY_NAME(.fini_array.*))
 *(.fini_array*)
 .fini_array    0x000000000800a4f8        0x4 c:/st/stm32cubeide_1.4.0/stm32cubeide/plugins/com.st.stm32cube.ide.mcu.externaltools.gnu-tools-for-stm32.9-2020-q2-update.win32_1.5.0.202011040924/tools/bin/../lib/gcc/arm-none-eabi/9.3.1/thumb/v7e-m+fp/hard/crtbegin.o
                [!provide]                        PROVIDE (__fini_array_end = .)
                0x000000000800a4fc                . = ALIGN (0x4)
                0x000000000800a4fc                _sidata = LOADADDR (.data)

.data           0x0000000020000000      0x1dc load address 0x000000000800a4fc
                0x0000000020000000                . = ALIGN (0x4)
                0x0000000020000000                _sdata = .
 *(.data)
 *(.data*)
 .data.SystemCoreClock
                0x0000000020000000        0x4 Core/Src/system_stm32f4xx.o
                0x0000000020000000                SystemCoreClock
 .data.uwTickPrio
                0x0000000020000004        0x4 Drivers/STM32F4xx_HAL_Driver/Src/stm32f4xx_hal.o
                0x0000000020000004                uwTickPrio
 .data.uwTickFreq
                0x0000000020000008        0x1 Drivers/STM32F4xx_HAL_Driver/Src/stm32f4xx_hal.o
                0x0000000020000008                uwTickFreq
 *fill*         0x0000000020000009        0x3 
 .data.USBD_HID
                0x000000002000000c       0x38 Middlewares/ST/STM32_USB_Device_Library/Class/HID/Src/usbd_hid.o
                0x000000002000000c                USBD_HID
 .data.USBD_HID_CfgFSDesc
                0x0000000020000044       0x22 Middlewares/ST/STM32_USB_Device_Library/Class/HID/Src/usbd_hid.o
 *fill*         0x0000000020000066        0x2 
 .data.USBD_HID_CfgHSDesc
                0x0000000020000068       0x22 Middlewares/ST/STM32_USB_Device_Library/Class/HID/Src/usbd_hid.o
 *fill*         0x000000002000008a        0x2 
 .data.USBD_HID_OtherSpeedCfgDesc
                0x000000002000008c       0x22 Middlewares/ST/STM32_USB_Device_Library/Class/HID/Src/usbd_hid.o
 *fill*         0x00000000200000ae        0x2 
 .data.USBD_HID_Desc
                0x00000000200000b0        0x9 Middlewares/ST/STM32_USB_Device_Library/Class/HID/Src/usbd_hid.o
 *fill*         0x00000000200000b9        0x3 
 .data.USBD_HID_DeviceQualifierDesc
                0x00000000200000bc        0xa Middlewares/ST/STM32_USB_Device_Library/Class/HID/Src/usbd_hid.o
 *fill*         0x00000000200000c6        0x2 
 .data.HID_MOUSE_ReportDesc
                0x00000000200000c8       0x4a Middlewares/ST/STM32_USB_Device_Library/Class/HID/Src/usbd_hid.o
 *fill*         0x0000000020000112        0x2 
 .data.uxCriticalNesting
                0x0000000020000114        0x4 Middlewares/Third_Party/FreeRTOS/Source/portable/GCC/ARM_CM4F/port.o
 .data.FS_Desc  0x0000000020000118       0x20 USB_DEVICE/App/usbd_desc.o
                0x0000000020000118                FS_Desc
 .data.USBD_FS_DeviceDesc
                0x0000000020000138       0x12 USB_DEVICE/App/usbd_desc.o
                0x0000000020000138                USBD_FS_DeviceDesc
 *fill*         0x000000002000014a        0x2 
 .data.USBD_FS_BOSDesc
                0x000000002000014c        0xc USB_DEVICE/App/usbd_desc.o
                0x000000002000014c                USBD_FS_BOSDesc
 .data.USBD_LangIDDesc
                0x0000000020000158        0x4 USB_DEVICE/App/usbd_desc.o
                0x0000000020000158                USBD_LangIDDesc
 .data.USBD_StringSerial
                0x000000002000015c       0x1a USB_DEVICE/App/usbd_desc.o
                0x000000002000015c                USBD_StringSerial
 *fill*         0x0000000020000176        0x2 
 .data._impure_ptr
                0x0000000020000178        0x4 c:/st/stm32cubeide_1.4.0/stm32cubeide/plugins/com.st.stm32cube.ide.mcu.externaltools.gnu-tools-for-stm32.9-2020-q2-update.win32_1.5.0.202011040924/tools/bin/../lib/gcc/arm-none-eabi/9.3.1/../../../../arm-none-eabi/lib/thumb/v7e-m+fp/hard\libc_nano.a(lib_a-impure.o)
                0x0000000020000178                _impure_ptr
 .data.impure_data
                0x000000002000017c       0x60 c:/st/stm32cubeide_1.4.0/stm32cubeide/plugins/com.st.stm32cube.ide.mcu.externaltools.gnu-tools-for-stm32.9-2020-q2-update.win32_1.5.0.202011040924/tools/bin/../lib/gcc/arm-none-eabi/9.3.1/../../../../arm-none-eabi/lib/thumb/v7e-m+fp/hard\libc_nano.a(lib_a-impure.o)
 *(.RamFunc)
 *(.RamFunc*)
                0x00000000200001dc                . = ALIGN (0x4)
                0x00000000200001dc                _edata = .

.igot.plt       0x00000000200001dc        0x0 load address 0x000000000800a6d8
 .igot.plt      0x00000000200001dc        0x0 c:/st/stm32cubeide_1.4.0/stm32cubeide/plugins/com.st.stm32cube.ide.mcu.externaltools.gnu-tools-for-stm32.9-2020-q2-update.win32_1.5.0.202011040924/tools/bin/../lib/gcc/arm-none-eabi/9.3.1/thumb/v7e-m+fp/hard/crtbegin.o
                0x00000000200001dc                . = ALIGN (0x4)

.bss            0x00000000200001dc     0x5320 load address 0x000000000800a6d8
                0x00000000200001dc                _sbss = .
                0x00000000200001dc                __bss_start__ = _sbss
 *(.bss)
 .bss           0x00000000200001dc       0x1c c:/st/stm32cubeide_1.4.0/stm32cubeide/plugins/com.st.stm32cube.ide.mcu.externaltools.gnu-tools-for-stm32.9-2020-q2-update.win32_1.5.0.202011040924/tools/bin/../lib/gcc/arm-none-eabi/9.3.1/thumb/v7e-m+fp/hard/crtbegin.o
 *(.bss*)
 .bss.__sbrk_heap_end
                0x00000000200001f8        0x4 Core/Src/sysmem.o
 .bss.cfgidx.10589
                0x00000000200001fc        0x1 Middlewares/ST/STM32_USB_Device_Library/Core/Src/usbd_ctlreq.o
 *fill*         0x00000000200001fd        0x3 
 .bss.KernelState
                0x0000000020000200        0x4 Middlewares/Third_Party/FreeRTOS/Source/CMSIS_RTOS_V2/cmsis_os2.o
 .bss.Idle_TCB  0x0000000020000204       0x5c Middlewares/Third_Party/FreeRTOS/Source/CMSIS_RTOS_V2/cmsis_os2.o
 .bss.Idle_Stack
                0x0000000020000260      0x200 Middlewares/Third_Party/FreeRTOS/Source/CMSIS_RTOS_V2/cmsis_os2.o
 .bss.Timer_TCB
                0x0000000020000460       0x5c Middlewares/Third_Party/FreeRTOS/Source/CMSIS_RTOS_V2/cmsis_os2.o
 .bss.Timer_Stack
                0x00000000200004bc      0x400 Middlewares/Third_Party/FreeRTOS/Source/CMSIS_RTOS_V2/cmsis_os2.o
 .bss.pxCurrentTCB
                0x00000000200008bc        0x4 Middlewares/Third_Party/FreeRTOS/Source/tasks.o
                0x00000000200008bc                pxCurrentTCB
 .bss.pxReadyTasksLists
                0x00000000200008c0      0x460 Middlewares/Third_Party/FreeRTOS/Source/tasks.o
 .bss.xDelayedTaskList1
                0x0000000020000d20       0x14 Middlewares/Third_Party/FreeRTOS/Source/tasks.o
 .bss.xDelayedTaskList2
                0x0000000020000d34       0x14 Middlewares/Third_Party/FreeRTOS/Source/tasks.o
 .bss.pxDelayedTaskList
                0x0000000020000d48        0x4 Middlewares/Third_Party/FreeRTOS/Source/tasks.o
 .bss.pxOverflowDelayedTaskList
                0x0000000020000d4c        0x4 Middlewares/Third_Party/FreeRTOS/Source/tasks.o
 .bss.xPendingReadyList
                0x0000000020000d50       0x14 Middlewares/Third_Party/FreeRTOS/Source/tasks.o
 .bss.xTasksWaitingTermination
                0x0000000020000d64       0x14 Middlewares/Third_Party/FreeRTOS/Source/tasks.o
 .bss.uxDeletedTasksWaitingCleanUp
                0x0000000020000d78        0x4 Middlewares/Third_Party/FreeRTOS/Source/tasks.o
 .bss.xSuspendedTaskList
                0x0000000020000d7c       0x14 Middlewares/Third_Party/FreeRTOS/Source/tasks.o
 .bss.uxCurrentNumberOfTasks
                0x0000000020000d90        0x4 Middlewares/Third_Party/FreeRTOS/Source/tasks.o
 .bss.xTickCount
                0x0000000020000d94        0x4 Middlewares/Third_Party/FreeRTOS/Source/tasks.o
 .bss.uxTopReadyPriority
                0x0000000020000d98        0x4 Middlewares/Third_Party/FreeRTOS/Source/tasks.o
 .bss.xSchedulerRunning
                0x0000000020000d9c        0x4 Middlewares/Third_Party/FreeRTOS/Source/tasks.o
 .bss.uxPendedTicks
                0x0000000020000da0        0x4 Middlewares/Third_Party/FreeRTOS/Source/tasks.o
 .bss.xYieldPending
                0x0000000020000da4        0x4 Middlewares/Third_Party/FreeRTOS/Source/tasks.o
 .bss.xNumOfOverflows
                0x0000000020000da8        0x4 Middlewares/Third_Party/FreeRTOS/Source/tasks.o
 .bss.uxTaskNumber
                0x0000000020000dac        0x4 Middlewares/Third_Party/FreeRTOS/Source/tasks.o
 .bss.xNextTaskUnblockTime
                0x0000000020000db0        0x4 Middlewares/Third_Party/FreeRTOS/Source/tasks.o
 .bss.xIdleTaskHandle
                0x0000000020000db4        0x4 Middlewares/Third_Party/FreeRTOS/Source/tasks.o
 .bss.uxSchedulerSuspended
                0x0000000020000db8        0x4 Middlewares/Third_Party/FreeRTOS/Source/tasks.o
 .bss.xActiveTimerList1
                0x0000000020000dbc       0x14 Middlewares/Third_Party/FreeRTOS/Source/timers.o
 .bss.xActiveTimerList2
                0x0000000020000dd0       0x14 Middlewares/Third_Party/FreeRTOS/Source/timers.o
 .bss.pxCurrentTimerList
                0x0000000020000de4        0x4 Middlewares/Third_Party/FreeRTOS/Source/timers.o
 .bss.pxOverflowTimerList
                0x0000000020000de8        0x4 Middlewares/Third_Party/FreeRTOS/Source/timers.o
 .bss.xTimerQueue
                0x0000000020000dec        0x4 Middlewares/Third_Party/FreeRTOS/Source/timers.o
 .bss.xTimerTaskHandle
                0x0000000020000df0        0x4 Middlewares/Third_Party/FreeRTOS/Source/timers.o
 .bss.xLastTime.6901
                0x0000000020000df4        0x4 Middlewares/Third_Party/FreeRTOS/Source/timers.o
 .bss.ucStaticTimerQueueStorage.6952
                0x0000000020000df8       0xa0 Middlewares/Third_Party/FreeRTOS/Source/timers.o
 .bss.xStaticTimerQueue.6951
                0x0000000020000e98       0x50 Middlewares/Third_Party/FreeRTOS/Source/timers.o
 .bss.ucMaxSysCallPriority
                0x0000000020000ee8        0x1 Middlewares/Third_Party/FreeRTOS/Source/portable/GCC/ARM_CM4F/port.o
 *fill*         0x0000000020000ee9        0x3 
 .bss.ulMaxPRIGROUPValue
                0x0000000020000eec        0x4 Middlewares/Third_Party/FreeRTOS/Source/portable/GCC/ARM_CM4F/port.o
 .bss.ucHeap    0x0000000020000ef0     0x3c00 Middlewares/Third_Party/FreeRTOS/Source/portable/MemMang/heap_4.o
 .bss.xStart    0x0000000020004af0        0x8 Middlewares/Third_Party/FreeRTOS/Source/portable/MemMang/heap_4.o
 .bss.pxEnd     0x0000000020004af8        0x4 Middlewares/Third_Party/FreeRTOS/Source/portable/MemMang/heap_4.o
 .bss.xFreeBytesRemaining
                0x0000000020004afc        0x4 Middlewares/Third_Party/FreeRTOS/Source/portable/MemMang/heap_4.o
 .bss.xMinimumEverFreeBytesRemaining
                0x0000000020004b00        0x4 Middlewares/Third_Party/FreeRTOS/Source/portable/MemMang/heap_4.o
 .bss.xBlockAllocatedBit
                0x0000000020004b04        0x4 Middlewares/Third_Party/FreeRTOS/Source/portable/MemMang/heap_4.o
 .bss.__malloc_free_list
                0x0000000020004b08        0x4 c:/st/stm32cubeide_1.4.0/stm32cubeide/plugins/com.st.stm32cube.ide.mcu.externaltools.gnu-tools-for-stm32.9-2020-q2-update.win32_1.5.0.202011040924/tools/bin/../lib/gcc/arm-none-eabi/9.3.1/../../../../arm-none-eabi/lib/thumb/v7e-m+fp/hard\libc_nano.a(lib_a-nano-mallocr.o)
                0x0000000020004b08                __malloc_free_list
 .bss.__malloc_sbrk_start
                0x0000000020004b0c        0x4 c:/st/stm32cubeide_1.4.0/stm32cubeide/plugins/com.st.stm32cube.ide.mcu.externaltools.gnu-tools-for-stm32.9-2020-q2-update.win32_1.5.0.202011040924/tools/bin/../lib/gcc/arm-none-eabi/9.3.1/../../../../arm-none-eabi/lib/thumb/v7e-m+fp/hard\libc_nano.a(lib_a-nano-mallocr.o)
                0x0000000020004b0c                __malloc_sbrk_start
 *(COMMON)
 COMMON         0x0000000020004b10       0x80 Core/Src/main.o
                0x0000000020004b10                huart3
                0x0000000020004b50                huart2
 COMMON         0x0000000020004b90       0x40 Core/Src/stm32f4xx_hal_timebase_tim.o
                0x0000000020004b90                htim2
 COMMON         0x0000000020004bd0        0x4 Drivers/STM32F4xx_HAL_Driver/Src/stm32f4xx_hal.o
                0x0000000020004bd0                uwTick
 COMMON         0x0000000020004bd4       0x40 Middlewares/Third_Party/FreeRTOS/Source/queue.o
                0x0000000020004bd4                xQueueRegistry
 COMMON         0x0000000020004c14      0x2d0 USB_DEVICE/App/usb_device.o
                0x0000000020004c14                hUsbDeviceFS
 COMMON         0x0000000020004ee4      0x200 USB_DEVICE/App/usbd_desc.o
                0x0000000020004ee4                USBD_StrDesc
 COMMON         0x00000000200050e4      0x408 USB_DEVICE/Target/usbd_conf.o
                0x00000000200050e4                hpcd_USB_OTG_FS
 COMMON         0x00000000200054ec        0x4 c:/st/stm32cubeide_1.4.0/stm32cubeide/plugins/com.st.stm32cube.ide.mcu.externaltools.gnu-tools-for-stm32.9-2020-q2-update.win32_1.5.0.202011040924/tools/bin/../lib/gcc/arm-none-eabi/9.3.1/../../../../arm-none-eabi/lib/thumb/v7e-m+fp/hard\libc_nano.a(lib_a-reent.o)
                0x00000000200054ec                errno
 COMMON         0x00000000200054f0        0x9 c:/st/stm32cubeide_1.4.0/stm32cubeide/plugins/com.st.stm32cube.ide.mcu.externaltools.gnu-tools-for-stm32.9-2020-q2-update.win32_1.5.0.202011040924/tools/bin/../lib/gcc/arm-none-eabi/9.3.1/../../../../arm-none-eabi/lib/thumb/v7e-m+fp/hard\libc_nano.a(lib_a-lock.o)
                0x00000000200054f0                __lock___atexit_recursive_mutex
                0x00000000200054f1                __lock___arc4random_mutex
                0x00000000200054f2                __lock___env_recursive_mutex
                0x00000000200054f3                __lock___sinit_recursive_mutex
                0x00000000200054f4                __lock___malloc_recursive_mutex
                0x00000000200054f5                __lock___at_quick_exit_mutex
                0x00000000200054f6                __lock___dd_hash_mutex
                0x00000000200054f7                __lock___tz_mutex
                0x00000000200054f8                __lock___sfp_recursive_mutex
                0x00000000200054fc                . = ALIGN (0x4)
 *fill*         0x00000000200054f9        0x3 
                0x00000000200054fc                _ebss = .
                0x00000000200054fc                __bss_end__ = _ebss

._user_heap_stack
                0x00000000200054fc      0x604 load address 0x000000000800a6d8
                0x0000000020005500                . = ALIGN (0x8)
 *fill*         0x00000000200054fc        0x4 
                [!provide]                        PROVIDE (end = .)
                0x0000000020005500                PROVIDE (_end = .)
                0x0000000020005700                . = (. + _Min_Heap_Size)
 *fill*         0x0000000020005500      0x200 
                0x0000000020005b00                . = (. + _Min_Stack_Size)
 *fill*         0x0000000020005700      0x400 
                0x0000000020005b00                . = ALIGN (0x8)

/DISCARD/
 libc.a(*)
 libm.a(*)
 libgcc.a(*)

.ARM.attributes
                0x0000000000000000       0x30
 *(.ARM.attributes)
 .ARM.attributes
                0x0000000000000000       0x1e c:/st/stm32cubeide_1.4.0/stm32cubeide/plugins/com.st.stm32cube.ide.mcu.externaltools.gnu-tools-for-stm32.9-2020-q2-update.win32_1.5.0.202011040924/tools/bin/../lib/gcc/arm-none-eabi/9.3.1/thumb/v7e-m+fp/hard/crti.o
 .ARM.attributes
                0x000000000000001e       0x34 c:/st/stm32cubeide_1.4.0/stm32cubeide/plugins/com.st.stm32cube.ide.mcu.externaltools.gnu-tools-for-stm32.9-2020-q2-update.win32_1.5.0.202011040924/tools/bin/../lib/gcc/arm-none-eabi/9.3.1/thumb/v7e-m+fp/hard/crtbegin.o
 .ARM.attributes
                0x0000000000000052       0x34 Core/Src/main.o
 .ARM.attributes
                0x0000000000000086       0x34 Core/Src/stm32f4xx_hal_msp.o
 .ARM.attributes
                0x00000000000000ba       0x34 Core/Src/stm32f4xx_hal_timebase_tim.o
 .ARM.attributes
                0x00000000000000ee       0x34 Core/Src/stm32f4xx_it.o
 .ARM.attributes
                0x0000000000000122       0x34 Core/Src/sysmem.o
 .ARM.attributes
                0x0000000000000156       0x34 Core/Src/system_stm32f4xx.o
 .ARM.attributes
                0x000000000000018a       0x21 Core/Startup/startup_stm32f446retx.o
 .ARM.attributes
                0x00000000000001ab       0x34 Drivers/STM32F4xx_HAL_Driver/Src/stm32f4xx_hal.o
 .ARM.attributes
                0x00000000000001df       0x34 Drivers/STM32F4xx_HAL_Driver/Src/stm32f4xx_hal_cortex.o
 .ARM.attributes
                0x0000000000000213       0x34 Drivers/STM32F4xx_HAL_Driver/Src/stm32f4xx_hal_gpio.o
 .ARM.attributes
                0x0000000000000247       0x34 Drivers/STM32F4xx_HAL_Driver/Src/stm32f4xx_hal_pcd.o
 .ARM.attributes
                0x000000000000027b       0x34 Drivers/STM32F4xx_HAL_Driver/Src/stm32f4xx_hal_pcd_ex.o
 .ARM.attributes
                0x00000000000002af       0x34 Drivers/STM32F4xx_HAL_Driver/Src/stm32f4xx_hal_rcc.o
 .ARM.attributes
                0x00000000000002e3       0x34 Drivers/STM32F4xx_HAL_Driver/Src/stm32f4xx_hal_rcc_ex.o
 .ARM.attributes
                0x0000000000000317       0x34 Drivers/STM32F4xx_HAL_Driver/Src/stm32f4xx_hal_tim.o
 .ARM.attributes
                0x000000000000034b       0x34 Drivers/STM32F4xx_HAL_Driver/Src/stm32f4xx_hal_tim_ex.o
 .ARM.attributes
                0x000000000000037f       0x34 Drivers/STM32F4xx_HAL_Driver/Src/stm32f4xx_hal_uart.o
 .ARM.attributes
                0x00000000000003b3       0x34 Drivers/STM32F4xx_HAL_Driver/Src/stm32f4xx_ll_usb.o
 .ARM.attributes
                0x00000000000003e7       0x34 Middlewares/ST/STM32_USB_Device_Library/Class/HID/Src/usbd_hid.o
 .ARM.attributes
                0x000000000000041b       0x34 Middlewares/ST/STM32_USB_Device_Library/Core/Src/usbd_core.o
 .ARM.attributes
                0x000000000000044f       0x34 Middlewares/ST/STM32_USB_Device_Library/Core/Src/usbd_ctlreq.o
 .ARM.attributes
                0x0000000000000483       0x34 Middlewares/ST/STM32_USB_Device_Library/Core/Src/usbd_ioreq.o
 .ARM.attributes
                0x00000000000004b7       0x34 Middlewares/Third_Party/FreeRTOS/Source/CMSIS_RTOS_V2/cmsis_os2.o
 .ARM.attributes
                0x00000000000004eb       0x34 Middlewares/Third_Party/FreeRTOS/Source/list.o
 .ARM.attributes
                0x000000000000051f       0x34 Middlewares/Third_Party/FreeRTOS/Source/queue.o
 .ARM.attributes
                0x0000000000000553       0x34 Middlewares/Third_Party/FreeRTOS/Source/tasks.o
 .ARM.attributes
                0x0000000000000587       0x34 Middlewares/Third_Party/FreeRTOS/Source/timers.o
 .ARM.attributes
                0x00000000000005bb       0x34 Middlewares/Third_Party/FreeRTOS/Source/portable/GCC/ARM_CM4F/port.o
 .ARM.attributes
                0x00000000000005ef       0x34 Middlewares/Third_Party/FreeRTOS/Source/portable/MemMang/heap_4.o
 .ARM.attributes
                0x0000000000000623       0x34 USB_DEVICE/App/usb_device.o
 .ARM.attributes
                0x0000000000000657       0x34 USB_DEVICE/App/usbd_desc.o
 .ARM.attributes
                0x000000000000068b       0x34 USB_DEVICE/Target/usbd_conf.o
 .ARM.attributes
                0x00000000000006bf       0x34 c:/st/stm32cubeide_1.4.0/stm32cubeide/plugins/com.st.stm32cube.ide.mcu.externaltools.gnu-tools-for-stm32.9-2020-q2-update.win32_1.5.0.202011040924/tools/bin/../lib/gcc/arm-none-eabi/9.3.1/../../../../arm-none-eabi/lib/thumb/v7e-m+fp/hard\libc_nano.a(lib_a-errno.o)
 .ARM.attributes
                0x00000000000006f3       0x32 c:/st/stm32cubeide_1.4.0/stm32cubeide/plugins/com.st.stm32cube.ide.mcu.externaltools.gnu-tools-for-stm32.9-2020-q2-update.win32_1.5.0.202011040924/tools/bin/../lib/gcc/arm-none-eabi/9.3.1/../../../../arm-none-eabi/lib/thumb/v7e-m+fp/hard\libc_nano.a(lib_a-impure.o)
 .ARM.attributes
                0x0000000000000725       0x34 c:/st/stm32cubeide_1.4.0/stm32cubeide/plugins/com.st.stm32cube.ide.mcu.externaltools.gnu-tools-for-stm32.9-2020-q2-update.win32_1.5.0.202011040924/tools/bin/../lib/gcc/arm-none-eabi/9.3.1/../../../../arm-none-eabi/lib/thumb/v7e-m+fp/hard\libc_nano.a(lib_a-init.o)
 .ARM.attributes
                0x0000000000000759       0x34 c:/st/stm32cubeide_1.4.0/stm32cubeide/plugins/com.st.stm32cube.ide.mcu.externaltools.gnu-tools-for-stm32.9-2020-q2-update.win32_1.5.0.202011040924/tools/bin/../lib/gcc/arm-none-eabi/9.3.1/../../../../arm-none-eabi/lib/thumb/v7e-m+fp/hard\libc_nano.a(lib_a-malloc.o)
 .ARM.attributes
                0x000000000000078d       0x34 c:/st/stm32cubeide_1.4.0/stm32cubeide/plugins/com.st.stm32cube.ide.mcu.externaltools.gnu-tools-for-stm32.9-2020-q2-update.win32_1.5.0.202011040924/tools/bin/../lib/gcc/arm-none-eabi/9.3.1/../../../../arm-none-eabi/lib/thumb/v7e-m+fp/hard\libc_nano.a(lib_a-memcpy-stub.o)
 .ARM.attributes
                0x00000000000007c1       0x34 c:/st/stm32cubeide_1.4.0/stm32cubeide/plugins/com.st.stm32cube.ide.mcu.externaltools.gnu-tools-for-stm32.9-2020-q2-update.win32_1.5.0.202011040924/tools/bin/../lib/gcc/arm-none-eabi/9.3.1/../../../../arm-none-eabi/lib/thumb/v7e-m+fp/hard\libc_nano.a(lib_a-memset.o)
 .ARM.attributes
                0x00000000000007f5       0x34 c:/st/stm32cubeide_1.4.0/stm32cubeide/plugins/com.st.stm32cube.ide.mcu.externaltools.gnu-tools-for-stm32.9-2020-q2-update.win32_1.5.0.202011040924/tools/bin/../lib/gcc/arm-none-eabi/9.3.1/../../../../arm-none-eabi/lib/thumb/v7e-m+fp/hard\libc_nano.a(lib_a-nano-freer.o)
 .ARM.attributes
                0x0000000000000829       0x34 c:/st/stm32cubeide_1.4.0/stm32cubeide/plugins/com.st.stm32cube.ide.mcu.externaltools.gnu-tools-for-stm32.9-2020-q2-update.win32_1.5.0.202011040924/tools/bin/../lib/gcc/arm-none-eabi/9.3.1/../../../../arm-none-eabi/lib/thumb/v7e-m+fp/hard\libc_nano.a(lib_a-nano-mallocr.o)
 .ARM.attributes
                0x000000000000085d       0x34 c:/st/stm32cubeide_1.4.0/stm32cubeide/plugins/com.st.stm32cube.ide.mcu.externaltools.gnu-tools-for-stm32.9-2020-q2-update.win32_1.5.0.202011040924/tools/bin/../lib/gcc/arm-none-eabi/9.3.1/../../../../arm-none-eabi/lib/thumb/v7e-m+fp/hard\libc_nano.a(lib_a-sbrkr.o)
 .ARM.attributes
                0x0000000000000891       0x34 c:/st/stm32cubeide_1.4.0/stm32cubeide/plugins/com.st.stm32cube.ide.mcu.externaltools.gnu-tools-for-stm32.9-2020-q2-update.win32_1.5.0.202011040924/tools/bin/../lib/gcc/arm-none-eabi/9.3.1/../../../../arm-none-eabi/lib/thumb/v7e-m+fp/hard\libc_nano.a(lib_a-mlock.o)
 .ARM.attributes
                0x00000000000008c5       0x34 c:/st/stm32cubeide_1.4.0/stm32cubeide/plugins/com.st.stm32cube.ide.mcu.externaltools.gnu-tools-for-stm32.9-2020-q2-update.win32_1.5.0.202011040924/tools/bin/../lib/gcc/arm-none-eabi/9.3.1/../../../../arm-none-eabi/lib/thumb/v7e-m+fp/hard\libc_nano.a(lib_a-reent.o)
 .ARM.attributes